Archive member included to satisfy reference by file (symbol)

/home/parag/bl_iot_sdk/customer_app/SWEMS/build_out/bl602/libbl602.a(start.o)
                              (bl602_start)
/home/parag/bl_iot_sdk/customer_app/SWEMS/build_out/hal_drv/libhal_drv.a(hal_boot2.o)
                              /home/parag/bl_iot_sdk/customer_app/SWEMS/build_out/bl602/libbl602.a(start.o) (hal_boot2_get_flash_addr)
/home/parag/bl_iot_sdk/customer_app/SWEMS/build_out/hal_drv/libhal_drv.a(bl_boot2.o)
                              /home/parag/bl_iot_sdk/customer_app/SWEMS/build_out/hal_drv/libhal_drv.a(hal_boot2.o) (PtTable_Update_Entry)
/home/parag/bl_iot_sdk/customer_app/SWEMS/build_out/hal_drv/libhal_drv.a(bl_flash.o)
                              /home/parag/bl_iot_sdk/customer_app/SWEMS/build_out/hal_drv/libhal_drv.a(bl_boot2.o) (bl_flash_erase)
/home/parag/bl_iot_sdk/customer_app/SWEMS/build_out/SWEMS/libSWEMS.a(main.o)
                              /home/parag/bl_iot_sdk/customer_app/SWEMS/build_out/bl602/libbl602.a(start.o) (bfl_main)
/home/parag/bl_iot_sdk/customer_app/SWEMS/build_out/SWEMS/libSWEMS.a(buzzer.o)
                              /home/parag/bl_iot_sdk/customer_app/SWEMS/build_out/SWEMS/libSWEMS.a(main.o) (task_buzzer)
/home/parag/bl_iot_sdk/customer_app/SWEMS/build_out/bl602_std/libbl602_std.a(softcrc.o)
                              /home/parag/bl_iot_sdk/customer_app/SWEMS/build_out/hal_drv/libhal_drv.a(bl_boot2.o) (BFLB_Soft_CRC32)
/home/parag/bl_iot_sdk/customer_app/SWEMS/build_out/freertos_riscv_ram/libfreertos_riscv_ram.a(tasks.o)
                              /home/parag/bl_iot_sdk/customer_app/SWEMS/build_out/SWEMS/libSWEMS.a(main.o) (xTaskCreateStatic)
/home/parag/bl_iot_sdk/customer_app/SWEMS/build_out/freertos_riscv_ram/libfreertos_riscv_ram.a(timers.o)
                              /home/parag/bl_iot_sdk/customer_app/SWEMS/build_out/freertos_riscv_ram/libfreertos_riscv_ram.a(tasks.o) (xTimerCreateTimerTask)
/home/parag/bl_iot_sdk/customer_app/SWEMS/build_out/freertos_riscv_ram/libfreertos_riscv_ram.a(port.o)
                              /home/parag/bl_iot_sdk/customer_app/SWEMS/build_out/freertos_riscv_ram/libfreertos_riscv_ram.a(tasks.o) (xPortStartScheduler)
/home/parag/bl_iot_sdk/customer_app/SWEMS/build_out/freertos_riscv_ram/libfreertos_riscv_ram.a(portASM.o)
                              /home/parag/bl_iot_sdk/customer_app/SWEMS/build_out/freertos_riscv_ram/libfreertos_riscv_ram.a(port.o) (xPortStartFirstTask)
/home/parag/bl_iot_sdk/customer_app/SWEMS/build_out/freertos_riscv_ram/libfreertos_riscv_ram.a(heap_5.o)
                              /home/parag/bl_iot_sdk/customer_app/SWEMS/build_out/freertos_riscv_ram/libfreertos_riscv_ram.a(tasks.o) (pvPortMalloc)
/home/parag/bl_iot_sdk/customer_app/SWEMS/build_out/freertos_riscv_ram/libfreertos_riscv_ram.a(list.o)
                              /home/parag/bl_iot_sdk/customer_app/SWEMS/build_out/freertos_riscv_ram/libfreertos_riscv_ram.a(tasks.o) (vListInitialise)
/home/parag/bl_iot_sdk/customer_app/SWEMS/build_out/freertos_riscv_ram/libfreertos_riscv_ram.a(queue.o)
                              /home/parag/bl_iot_sdk/customer_app/SWEMS/build_out/freertos_riscv_ram/libfreertos_riscv_ram.a(timers.o) (xQueueGenericCreateStatic)
/home/parag/bl_iot_sdk/customer_app/SWEMS/build_out/hal_drv/libhal_drv.a(bl_irq.o)
                              /home/parag/bl_iot_sdk/customer_app/SWEMS/build_out/freertos_riscv_ram/libfreertos_riscv_ram.a(portASM.o) (interrupt_entry)
/home/parag/bl_iot_sdk/customer_app/SWEMS/build_out/hal_drv/libhal_drv.a(bl_gpio.o)
                              /home/parag/bl_iot_sdk/customer_app/SWEMS/build_out/SWEMS/libSWEMS.a(buzzer.o) (bl_gpio_enable_output)
/home/parag/bl_iot_sdk/customer_app/SWEMS/build_out/SWEMS/libSWEMS.a(freertos.o)
                              /home/parag/bl_iot_sdk/customer_app/SWEMS/build_out/freertos_riscv_ram/libfreertos_riscv_ram.a(tasks.o) (vAssertCalled)
/home/parag/bl_iot_sdk/customer_app/SWEMS/build_out/bl602/libbl602.a(debug.o)
                              /home/parag/bl_iot_sdk/customer_app/SWEMS/build_out/hal_drv/libhal_drv.a(bl_irq.o) (puts)
/home/parag/bl_iot_sdk/customer_app/SWEMS/build_out/bl602_std/libbl602_std.a(bl602_glb.o)
                              /home/parag/bl_iot_sdk/customer_app/SWEMS/build_out/hal_drv/libhal_drv.a(bl_gpio.o) (GLB_GPIO_Init)
/home/parag/bl_iot_sdk/customer_app/SWEMS/build_out/bl602_std/libbl602_std.a(bl602_hbn.o)
                              /home/parag/bl_iot_sdk/customer_app/SWEMS/build_out/bl602_std/libbl602_std.a(bl602_glb.o) (HBN_Set_UART_CLK_Sel)
/home/parag/bl_iot_sdk/customer_app/SWEMS/build_out/bl602_std/libbl602_std.a(bl602_aon.o)
                              /home/parag/bl_iot_sdk/customer_app/SWEMS/build_out/bl602_std/libbl602_std.a(bl602_glb.o) (AON_Power_On_XTAL)
/home/parag/bl_iot_sdk/customer_app/SWEMS/build_out/bl602_std/libbl602_std.a(bl602_pds.o)
[...]
Memory Configuration

Name             Origin             Length             Attributes
rom              0x0000000021015000 0x000000000000b000 axrl !w
flash            0x0000000023000000 0x0000000000400000 axrl !w
ram_tcm          0x000000004200c000 0x0000000000036000 axw
ram_wifi         0x0000000042042000 0x000000000000a000 axw
*default*        0x0000000000000000 0xffffffffffffffff

Linker script and memory map

START GROUP
LOAD /home/parag/bl_iot_sdk/customer_app/SWEMS/build_out/SWEMS/libSWEMS.a
LOAD /home/parag/bl_iot_sdk/customer_app/SWEMS/build_out/bl602/libbl602.a
LOAD /home/parag/bl_iot_sdk/customer_app/SWEMS/build_out/bl602_std/libbl602_std.a
LOAD /home/parag/bl_iot_sdk/customer_app/SWEMS/build_out/blfdt/libblfdt.a
LOAD /home/parag/bl_iot_sdk/customer_app/SWEMS/build_out/blmtd/libblmtd.a
LOAD /home/parag/bl_iot_sdk/customer_app/SWEMS/build_out/blog/libblog.a
LOAD /home/parag/bl_iot_sdk/customer_app/SWEMS/build_out/blog_testc/libblog_testc.a
LOAD /home/parag/bl_iot_sdk/customer_app/SWEMS/build_out/bloop/libbloop.a
LOAD /home/parag/bl_iot_sdk/customer_app/SWEMS/build_out/bltime/libbltime.a
LOAD /home/parag/bl_iot_sdk/customer_app/SWEMS/build_out/cli/libcli.a
LOAD /home/parag/bl_iot_sdk/customer_app/SWEMS/build_out/freertos_riscv_ram/libfreertos_riscv_ram.a
LOAD /home/parag/bl_iot_sdk/customer_app/SWEMS/build_out/hal_drv/libhal_drv.a
LOAD /home/parag/bl_iot_sdk/customer_app/SWEMS/build_out/looprt/liblooprt.a
LOAD /home/parag/bl_iot_sdk/customer_app/SWEMS/build_out/loopset/libloopset.a
LOAD /home/parag/bl_iot_sdk/customer_app/SWEMS/build_out/romfs/libromfs.a
LOAD /home/parag/bl_iot_sdk/customer_app/SWEMS/build_out/utils/libutils.a
LOAD /home/parag/bl_iot_sdk/customer_app/SWEMS/build_out/vfs/libvfs.a
LOAD /home/parag/bl_iot_sdk/customer_app/SWEMS/build_out/yloop/libyloop.a
END GROUP
LOAD /home/parag/bl_iot_sdk/toolchain/riscv/Linux/bin/../lib/gcc/riscv64-unknown-elf/8.3.0/../../../../riscv64-unknown-elf/lib/rv32imf/ilp32f/libm.a
LOAD /home/parag/bl_iot_sdk/toolchain/riscv/Linux/bin/../lib/gcc/riscv64-unknown-elf/8.3.0/rv32imf/ilp32f/libgcc.a
START GROUP
LOAD /home/parag/bl_iot_sdk/toolchain/riscv/Linux/bin/../lib/gcc/riscv64-unknown-elf/8.3.0/../../../../riscv64-unknown-elf/lib/rv32imf/ilp32f/libc.a
LOAD /home/parag/bl_iot_sdk/toolchain/riscv/Linux/bin/../lib/gcc/riscv64-unknown-elf/8.3.0/../../../../riscv64-unknown-elf/lib/rv32imf/ilp32f/libgloss.a
END GROUP
LOAD /home/parag/bl_iot_sdk/toolchain/riscv/Linux/bin/../lib/gcc/riscv64-unknown-elf/8.3.0/rv32imf/ilp32f/libgcc.a
                0x0000000000000000                __EM_SIZE = DEFINED (ble_controller_init)?0x2000:0x0
                0x0000000000000800                __stack_size = DEFINED (__stack_size)?__stack_size:0x800
                0x0000000042049c00                BOOT2_PT_ADDR = 0x42049c00
                0x0000000042049c18                BOOT2_FLASHCFG_ADDR = 0x42049c18

.init           0x0000000023000000      0x120
 *(SORT_NONE(.init))
 .init          0x0000000023000000      0x120 /home/parag/bl_iot_sdk/customer_app/SWEMS/build_out/bl602/libbl602.a(start.o)
                0x0000000023000000                bl602_start

.text           0x0000000023000200     0x6a50
 *(.text.unlikely .text.unlikely.*)
 *(.text.startup .text.startup.*)
 *(.text .text.*)
 .text.hal_boot2_get_flash_addr
                0x0000000023000200       0x18 /home/parag/bl_iot_sdk/customer_app/SWEMS/build_out/hal_drv/libhal_drv.a(hal_boot2.o)
                0x0000000023000200                hal_boot2_get_flash_addr
 .text.bfl_main
                0x0000000023000218       0x2c /home/parag/bl_iot_sdk/customer_app/SWEMS/build_out/SWEMS/libSWEMS.a(main.o)
                0x0000000023000218                bfl_main
 .text.task_buzzer
                0x0000000023000244       0x38 /home/parag/bl_iot_sdk/customer_app/SWEMS/build_out/SWEMS/libSWEMS.a(buzzer.o)
                0x0000000023000244                task_buzzer
 .text.prvResetNextTaskUnblockTime.part.0
                0x000000002300027c       0x10 /home/parag/bl_iot_sdk/customer_app/SWEMS/build_out/freertos_riscv_ram/libfreertos_riscv_ram.a(tasks.o)
 .text.prvInitialiseNewTask.isra.2
                0x000000002300028c       0xce /home/parag/bl_iot_sdk/customer_app/SWEMS/build_out/freertos_riscv_ram/libfreertos_riscv_ram.a(tasks.o)
 .text.prvDeleteTCB
                0x000000002300035a       0x36 /home/parag/bl_iot_sdk/customer_app/SWEMS/build_out/freertos_riscv_ram/libfreertos_riscv_ram.a(tasks.o)
 .text.prvAddCurrentTaskToDelayedList
                0x0000000023000390       0xaa /home/parag/bl_iot_sdk/customer_app/SWEMS/build_out/freertos_riscv_ram/libfreertos_riscv_ram.a(tasks.o)
 .text.vTaskEnterCritical.part.7
                0x000000002300043a       0x10 /home/parag/bl_iot_sdk/customer_app/SWEMS/build_out/freertos_riscv_ram/libfreertos_riscv_ram.a(tasks.o)
 .text.vTaskExitCritical.part.8
                0x000000002300044a       0x18 /home/parag/bl_iot_sdk/customer_app/SWEMS/build_out/freertos_riscv_ram/libfreertos_riscv_ram.a(tasks.o)
 .text.prvAddNewTaskToReadyList
                0x0000000023000462      0x134 /home/parag/bl_iot_sdk/customer_app/SWEMS/build_out/freertos_riscv_ram/libfreertos_riscv_ram.a(tasks.o)
 .text.prvIdleTask
                0x0000000023000596       0x88 /home/parag/bl_iot_sdk/customer_app/SWEMS/build_out/freertos_riscv_ram/libfreertos_riscv_ram.a(tasks.o)
 .text.xTaskCreateStatic
                0x000000002300061e       0x9c /home/parag/bl_iot_sdk/customer_app/SWEMS/build_out/freertos_riscv_ram/libfreertos_riscv_ram.a(tasks.o)
                0x000000002300061e                xTaskCreateStatic
 .text.vTaskStartScheduler
                0x00000000230006ba       0x66 /home/parag/bl_iot_sdk/customer_app/SWEMS/build_out/freertos_riscv_ram/libfreertos_riscv_ram.a(tasks.o)
                0x00000000230006ba                vTaskStartScheduler
 .text.vTaskSuspendAll
                0x0000000023000720        0xc /home/parag/bl_iot_sdk/customer_app/SWEMS/build_out/freertos_riscv_ram/libfreertos_riscv_ram.a(tasks.o)
                0x0000000023000720                vTaskSuspendAll
 .text.xTaskGetTickCount
                0x000000002300072c        0x6 /home/parag/bl_iot_sdk/customer_app/SWEMS/build_out/freertos_riscv_ram/libfreertos_riscv_ram.a(tasks.o)
                0x000000002300072c                xTaskGetTickCount
 .text.xTaskIncrementTick
                0x0000000023000732      0x162 /home/parag/bl_iot_sdk/customer_app/SWEMS/build_out/freertos_riscv_ram/libfreertos_riscv_ram.a(tasks.o)
                0x0000000023000732                xTaskIncrementTick
 .text.xTaskResumeAll
                0x0000000023000894      0x122 /home/parag/bl_iot_sdk/customer_app/SWEMS/build_out/freertos_riscv_ram/libfreertos_riscv_ram.a(tasks.o)
                0x0000000023000894                xTaskResumeAll
 .text.vTaskDelay
                0x00000000230009b6       0x3c /home/parag/bl_iot_sdk/customer_app/SWEMS/build_out/freertos_riscv_ram/libfreertos_riscv_ram.a(tasks.o)
                0x00000000230009b6                vTaskDelay
 .text.vTaskSwitchContext
                0x00000000230009f2       0xb2 /home/parag/bl_iot_sdk/customer_app/SWEMS/build_out/freertos_riscv_ram/libfreertos_riscv_ram.a(tasks.o)
                0x00000000230009f2                vTaskSwitchContext
 .text.vTaskPlaceOnEventList
                0x0000000023000aa4       0x2c /home/parag/bl_iot_sdk/customer_app/SWEMS/build_out/freertos_riscv_ram/libfreertos_riscv_ram.a(tasks.o)
                0x0000000023000aa4                vTaskPlaceOnEventList
 .text.vTaskPlaceOnEventListRestricted
                0x0000000023000ad0       0x36 /home/parag/bl_iot_sdk/customer_app/SWEMS/build_out/freertos_riscv_ram/libfreertos_riscv_ram.a(tasks.o)
                0x0000000023000ad0                vTaskPlaceOnEventListRestricted
 .text.xTaskRemoveFromEventList
                0x0000000023000b06       0x84 /home/parag/bl_iot_sdk/customer_app/SWEMS/build_out/freertos_riscv_ram/libfreertos_riscv_ram.a(tasks.o)
                0x0000000023000b06                xTaskRemoveFromEventList
 .text.vTaskInternalSetTimeOutState
                0x0000000023000b8a        0xe /home/parag/bl_iot_sdk/customer_app/SWEMS/build_out/freertos_riscv_ram/libfreertos_riscv_ram.a(tasks.o)
                0x0000000023000b8a                vTaskInternalSetTimeOutState
 .text.xTaskCheckForTimeOut
                0x0000000023000b98       0xa2 /home/parag/bl_iot_sdk/customer_app/SWEMS/build_out/freertos_riscv_ram/libfreertos_riscv_ram.a(tasks.o)
                0x0000000023000b98                xTaskCheckForTimeOut
 .text.vTaskMissedYield
                0x0000000023000c3a        0x8 /home/parag/bl_iot_sdk/customer_app/SWEMS/build_out/freertos_riscv_ram/libfreertos_riscv_ram.a(tasks.o)
                0x0000000023000c3a                vTaskMissedYield
 .text.xTaskGetSchedulerState
                0x0000000023000c42       0x14 /home/parag/bl_iot_sdk/customer_app/SWEMS/build_out/freertos_riscv_ram/libfreertos_riscv_ram.a(tasks.o)
                0x0000000023000c42                xTaskGetSchedulerState
 .text.xTaskPriorityDisinherit
                0x0000000023000c56       0xc4 /home/parag/bl_iot_sdk/customer_app/SWEMS/build_out/freertos_riscv_ram/libfreertos_riscv_ram.a(tasks.o)
                0x0000000023000c56                xTaskPriorityDisinherit
 .text.vTaskEnterCritical
                0x0000000023000d1a       0x10 /home/parag/bl_iot_sdk/customer_app/SWEMS/build_out/freertos_riscv_ram/libfreertos_riscv_ram.a(tasks.o)
                0x0000000023000d1a                vTaskEnterCritical
 .text.vTaskExitCritical
                0x0000000023000d2a       0x14 /home/parag/bl_iot_sdk/customer_app/SWEMS/build_out/freertos_riscv_ram/libfreertos_riscv_ram.a(tasks.o)
                0x0000000023000d2a                vTaskExitCritical
 .text.prvCheckForValidListAndQueue
                0x0000000023000d3e       0x74 /home/parag/bl_iot_sdk/customer_app/SWEMS/build_out/freertos_riscv_ram/libfreertos_riscv_ram.a(timers.o)
 .text.prvInsertTimerInActiveList
                0x0000000023000db2       0x50 /home/parag/bl_iot_sdk/customer_app/SWEMS/build_out/freertos_riscv_ram/libfreertos_riscv_ram.a(timers.o)
 .text.xTimerCreateTimerTask
                0x0000000023000e02       0x52 /home/parag/bl_iot_sdk/customer_app/SWEMS/build_out/freertos_riscv_ram/libfreertos_riscv_ram.a(timers.o)
                0x0000000023000e02                xTimerCreateTimerTask
 .text.xTimerGenericCommand
                0x0000000023000e54       0x8e /home/parag/bl_iot_sdk/customer_app/SWEMS/build_out/freertos_riscv_ram/libfreertos_riscv_ram.a(timers.o)
                0x0000000023000e54                xTimerGenericCommand
 .text.prvSwitchTimerLists
                0x0000000023000ee2       0x80 /home/parag/bl_iot_sdk/customer_app/SWEMS/build_out/freertos_riscv_ram/libfreertos_riscv_ram.a(timers.o)
 .text.prvTimerTask
                0x0000000023000f62      0x1d4 /home/parag/bl_iot_sdk/customer_app/SWEMS/build_out/freertos_riscv_ram/libfreertos_riscv_ram.a(timers.o)
 .text.vPortSetupTimerInterrupt
                0x0000000023001136       0x46 /home/parag/bl_iot_sdk/customer_app/SWEMS/build_out/freertos_riscv_ram/libfreertos_riscv_ram.a(port.o)
                0x0000000023001136                vPortSetupTimerInterrupt
 .text.xPortStartScheduler
                0x000000002300117c       0x3e /home/parag/bl_iot_sdk/customer_app/SWEMS/build_out/freertos_riscv_ram/libfreertos_riscv_ram.a(port.o)
                0x000000002300117c                xPortStartScheduler
 *fill*         0x00000000230011ba       0x46 
 .text          0x0000000023001200      0x538 /home/parag/bl_iot_sdk/customer_app/SWEMS/build_out/freertos_riscv_ram/libfreertos_riscv_ram.a(portASM.o)
                0x0000000023001200                freertos_risc_v_trap_handler
                0x0000000023001500                xPortStartFirstTask
                0x0000000023001600                pxPortInitialiseStack
 .text.prvInsertBlockIntoFreeList
                0x0000000023001738       0x4a /home/parag/bl_iot_sdk/customer_app/SWEMS/build_out/freertos_riscv_ram/libfreertos_riscv_ram.a(heap_5.o)
 .text.vPortFree
                0x0000000023001782       0x88 /home/parag/bl_iot_sdk/customer_app/SWEMS/build_out/freertos_riscv_ram/libfreertos_riscv_ram.a(heap_5.o)
                0x0000000023001782                vPortFree
 .text.vListInitialise
                0x000000002300180a       0x14 /home/parag/bl_iot_sdk/customer_app/SWEMS/build_out/freertos_riscv_ram/libfreertos_riscv_ram.a(list.o)
                0x000000002300180a                vListInitialise
 .text.vListInitialiseItem
                0x000000002300181e        0x6 /home/parag/bl_iot_sdk/customer_app/SWEMS/build_out/freertos_riscv_ram/libfreertos_riscv_ram.a(list.o)
                0x000000002300181e                vListInitialiseItem
 .text.vListInsertEnd
                0x0000000023001824       0x16 /home/parag/bl_iot_sdk/customer_app/SWEMS/build_out/freertos_riscv_ram/libfreertos_riscv_ram.a(list.o)
                0x0000000023001824                vListInsertEnd
 .text.vListInsert
                0x000000002300183a       0x30 /home/parag/bl_iot_sdk/customer_app/SWEMS/build_out/freertos_riscv_ram/libfreertos_riscv_ram.a(list.o)
                0x000000002300183a                vListInsert
 .text.uxListRemove
                0x000000002300186a       0x32 /home/parag/bl_iot_sdk/customer_app/SWEMS/build_out/freertos_riscv_ram/libfreertos_riscv_ram.a(list.o)
                0x000000002300186a                uxListRemove
 .text.prvCopyDataToQueue
                0x000000002300189c       0xa4 /home/parag/bl_iot_sdk/customer_app/SWEMS/build_out/freertos_riscv_ram/libfreertos_riscv_ram.a(queue.o)
 .text.prvCopyDataFromQueue
                0x0000000023001940       0x1e /home/parag/bl_iot_sdk/customer_app/SWEMS/build_out/freertos_riscv_ram/libfreertos_riscv_ram.a(queue.o)
 .text.prvUnlockQueue
                0x000000002300195e       0xb6 /home/parag/bl_iot_sdk/customer_app/SWEMS/build_out/freertos_riscv_ram/libfreertos_riscv_ram.a(queue.o)
 .text.xQueueGenericReset
                0x0000000023001a14       0x8c /home/parag/bl_iot_sdk/customer_app/SWEMS/build_out/freertos_riscv_ram/libfreertos_riscv_ram.a(queue.o)
                0x0000000023001a14                xQueueGenericReset
 .text.xQueueGenericCreateStatic
                0x0000000023001aa0       0x76 /home/parag/bl_iot_sdk/customer_app/SWEMS/build_out/freertos_riscv_ram/libfreertos_riscv_ram.a(queue.o)
                0x0000000023001aa0                xQueueGenericCreateStatic
 .text.xQueueGenericSend
                0x0000000023001b16      0x148 /home/parag/bl_iot_sdk/customer_app/SWEMS/build_out/freertos_riscv_ram/libfreertos_riscv_ram.a(queue.o)
                0x0000000023001b16                xQueueGenericSend
 .text.xQueueGenericSendFromISR
                0x0000000023001c5e       0xb4 /home/parag/bl_iot_sdk/customer_app/SWEMS/build_out/freertos_riscv_ram/libfreertos_riscv_ram.a(queue.o)
                0x0000000023001c5e                xQueueGenericSendFromISR
 .text.xQueueReceive
                0x0000000023001d12      0x146 /home/parag/bl_iot_sdk/customer_app/SWEMS/build_out/freertos_riscv_ram/libfreertos_riscv_ram.a(queue.o)
                0x0000000023001d12                xQueueReceive
 .text.vQueueAddToRegistry
                0x0000000023001e58       0x28 /home/parag/bl_iot_sdk/customer_app/SWEMS/build_out/freertos_riscv_ram/libfreertos_riscv_ram.a(queue.o)
                0x0000000023001e58                vQueueAddToRegistry
 .text.vQueueWaitForMessageRestricted
                0x0000000023001e80       0x6c /home/parag/bl_iot_sdk/customer_app/SWEMS/build_out/freertos_riscv_ram/libfreertos_riscv_ram.a(queue.o)
                0x0000000023001e80                vQueueWaitForMessageRestricted
 .text.interrupt_entry
                0x0000000023001eec       0x4e /home/parag/bl_iot_sdk/customer_app/SWEMS/build_out/hal_drv/libhal_drv.a(bl_irq.o)
                0x0000000023001eec                interrupt_entry
 .text.exception_entry
                0x0000000023001f3a      0x140 /home/parag/bl_iot_sdk/customer_app/SWEMS/build_out/hal_drv/libhal_drv.a(bl_irq.o)
                0x0000000023001f3a                exception_entry
 .text.bl_gpio_enable_output
                0x000000002300207a       0x44 /home/parag/bl_iot_sdk/customer_app/SWEMS/build_out/hal_drv/libhal_drv.a(bl_gpio.o)
                0x000000002300207a                bl_gpio_enable_output
 .text.bl_gpio_output_set
                0x00000000230020be       0x14 /home/parag/bl_iot_sdk/customer_app/SWEMS/build_out/hal_drv/libhal_drv.a(bl_gpio.o)
                0x00000000230020be                bl_gpio_output_set
 .text.vAssertCalled
                0x00000000230020d2       0x18 /home/parag/bl_iot_sdk/customer_app/SWEMS/build_out/SWEMS/libSWEMS.a(freertos.o)
                0x00000000230020d2                vAssertCalled
 .text.vApplicationGetIdleTaskMemory
                0x00000000230020ea       0x1c /home/parag/bl_iot_sdk/customer_app/SWEMS/build_out/SWEMS/libSWEMS.a(freertos.o)
                0x00000000230020ea                vApplicationGetIdleTaskMemory
 .text.vApplicationGetTimerTaskMemory
                0x0000000023002106       0x1c /home/parag/bl_iot_sdk/customer_app/SWEMS/build_out/SWEMS/libSWEMS.a(freertos.o)
                0x0000000023002106                vApplicationGetTimerTaskMemory
 .text.vApplicationIdleHook
                0x0000000023002122        0x6 /home/parag/bl_iot_sdk/customer_app/SWEMS/build_out/SWEMS/libSWEMS.a(freertos.o)
                0x0000000023002122                vApplicationIdleHook
 .text.vApplicationStackOverflowHook
                0x0000000023002128       0x22 /home/parag/bl_iot_sdk/customer_app/SWEMS/build_out/SWEMS/libSWEMS.a(freertos.o)
                0x0000000023002128                vApplicationStackOverflowHook
 .text.format_int
                0x000000002300214a      0x25a /home/parag/bl_iot_sdk/customer_app/SWEMS/build_out/bl602/libbl602.a(debug.o)
 .text.cvt      0x00000000230023a4      0x23a /home/parag/bl_iot_sdk/customer_app/SWEMS/build_out/bl602/libbl602.a(debug.o)
 .text.ecvtbuf  0x00000000230025de        0x6 /home/parag/bl_iot_sdk/customer_app/SWEMS/build_out/bl602/libbl602.a(debug.o)
                0x00000000230025de                ecvtbuf
 .text.fcvtbuf  0x00000000230025e4        0x6 /home/parag/bl_iot_sdk/customer_app/SWEMS/build_out/bl602/libbl602.a(debug.o)
                0x00000000230025e4                fcvtbuf
 .text.flt      0x00000000230025ea      0x438 /home/parag/bl_iot_sdk/customer_app/SWEMS/build_out/bl602/libbl602.a(debug.o)
 .text.vsnprintf
                0x0000000023002a22      0x4d2 /home/parag/bl_iot_sdk/customer_app/SWEMS/build_out/bl602/libbl602.a(debug.o)
                0x0000000023002a22                vsnprintf
 .text.vsprintf
                0x0000000023002ef4        0xc /home/parag/bl_iot_sdk/customer_app/SWEMS/build_out/bl602/libbl602.a(debug.o)
                0x0000000023002ef4                vsprintf
 .text.vprint   0x0000000023002f00       0x3e /home/parag/bl_iot_sdk/customer_app/SWEMS/build_out/bl602/libbl602.a(debug.o)
                0x0000000023002f00                vprint
 .text.puts     0x0000000023002f3e       0x36 /home/parag/bl_iot_sdk/customer_app/SWEMS/build_out/bl602/libbl602.a(debug.o)
                0x0000000023002f3e                puts
 .text.printf   0x0000000023002f74       0x2a /home/parag/bl_iot_sdk/customer_app/SWEMS/build_out/bl602/libbl602.a(debug.o)
                0x0000000023002f74                printf
 .text.GLB_GPIO_Write
                0x0000000023002f9e       0x2a /home/parag/bl_iot_sdk/customer_app/SWEMS/build_out/bl602_std/libbl602_std.a(bl602_glb.o)
                0x0000000023002f9e                GLB_GPIO_Write
 .text.HBN_Get_RTC_Timer_Val
                0x0000000023002fc8       0x28 /home/parag/bl_iot_sdk/customer_app/SWEMS/build_out/bl602_std/libbl602_std.a(bl602_hbn.o)
                0x0000000023002fc8                HBN_Get_RTC_Timer_Val
 .text.bl_sys_time_sync_state
                0x0000000023002ff0       0x56 /home/parag/bl_iot_sdk/customer_app/SWEMS/build_out/bltime/libbltime.a(bl_sys_time.o)
                0x0000000023002ff0                bl_sys_time_sync_state
 .text.misaligned_load_trap
                0x0000000023003046      0x152 /home/parag/bl_iot_sdk/customer_app/SWEMS/build_out/freertos_riscv_ram/libfreertos_riscv_ram.a(misaligned_ldst.o)
                0x0000000023003046                misaligned_load_trap
 .text.misaligned_store_trap
                0x0000000023003198      0x14c /home/parag/bl_iot_sdk/customer_app/SWEMS/build_out/freertos_riscv_ram/libfreertos_riscv_ram.a(misaligned_ldst.o)
                0x0000000023003198                misaligned_store_trap
 .text          0x00000000230032e4      0x200 /home/parag/bl_iot_sdk/customer_app/SWEMS/build_out/freertos_riscv_ram/libfreertos_riscv_ram.a(fp_asm.o)
                0x00000000230032e4                get_f32_reg
                0x00000000230033e4                put_f32_reg
 .text.backtrace_riscv
                0x00000000230034e4        0x4 /home/parag/bl_iot_sdk/customer_app/SWEMS/build_out/freertos_riscv_ram/libfreertos_riscv_ram.a(panic_c.o)
                0x00000000230034e4                backtrace_riscv
                0x00000000230034e4                backtrace_now
 .text.bl_uart_data_send
                0x00000000230034e8       0x34 /home/parag/bl_iot_sdk/customer_app/SWEMS/build_out/hal_drv/libhal_drv.a(bl_uart.o)
                0x00000000230034e8                bl_uart_data_send
 .text.bl_rtc_get_counter
                0x000000002300351c       0x16 /home/parag/bl_iot_sdk/customer_app/SWEMS/build_out/hal_drv/libhal_drv.a(bl_rtc.o)
                0x000000002300351c                bl_rtc_get_counter
 .text.bl_rtc_get_timestamp_ms
                0x0000000023003532       0x4e /home/parag/bl_iot_sdk/customer_app/SWEMS/build_out/hal_drv/libhal_drv.a(bl_rtc.o)
                0x0000000023003532                bl_rtc_get_timestamp_ms
 .text.UART_GetTxFifoCount
                0x0000000023003580       0x18 /home/parag/bl_iot_sdk/customer_app/SWEMS/build_out/bl602_std/libbl602_std.a(bl602_uart.o)
                0x0000000023003580                UART_GetTxFifoCount
 .text          0x0000000023003598       0xf4 /home/parag/bl_iot_sdk/toolchain/riscv/Linux/bin/../lib/gcc/riscv64-unknown-elf/8.3.0/../../../../riscv64-unknown-elf/lib/rv32imf/ilp32f/libm.a(lib_a-s_modf.o)
                0x0000000023003598                modf
 .text          0x000000002300368c       0x4c /home/parag/bl_iot_sdk/toolchain/riscv/Linux/bin/../lib/gcc/riscv64-unknown-elf/8.3.0/rv32imf/ilp32f/libgcc.a(_clzsi2.o)
                0x000000002300368c                __clzsi2
 .text          0x00000000230036d8      0x434 /home/parag/bl_iot_sdk/toolchain/riscv/Linux/bin/../lib/gcc/riscv64-unknown-elf/8.3.0/rv32imf/ilp32f/libgcc.a(_udivdi3.o)
                0x00000000230036d8                __udivdi3
 .text          0x0000000023003b0c      0x410 /home/parag/bl_iot_sdk/toolchain/riscv/Linux/bin/../lib/gcc/riscv64-unknown-elf/8.3.0/rv32imf/ilp32f/libgcc.a(_umoddi3.o)
                0x0000000023003b0c                __umoddi3
 .text          0x0000000023003f1c      0xb50 /home/parag/bl_iot_sdk/toolchain/riscv/Linux/bin/../lib/gcc/riscv64-unknown-elf/8.3.0/rv32imf/ilp32f/libgcc.a(adddf3.o)
                0x0000000023003f1c                __adddf3
 .text          0x0000000023004a6c      0x8ac /home/parag/bl_iot_sdk/toolchain/riscv/Linux/bin/../lib/gcc/riscv64-unknown-elf/8.3.0/rv32imf/ilp32f/libgcc.a(divdf3.o)
                0x0000000023004a6c                __divdf3
 .text          0x0000000023005318       0xc8 /home/parag/bl_iot_sdk/toolchain/riscv/Linux/bin/../lib/gcc/riscv64-unknown-elf/8.3.0/rv32imf/ilp32f/libgcc.a(eqdf2.o)
                0x0000000023005318                __eqdf2
                0x0000000023005318                __nedf2
 .text          0x00000000230053e0       0xec /home/parag/bl_iot_sdk/toolchain/riscv/Linux/bin/../lib/gcc/riscv64-unknown-elf/8.3.0/rv32imf/ilp32f/libgcc.a(gedf2.o)
                0x00000000230053e0                __gtdf2
                0x00000000230053e0                __gedf2
 .text          0x00000000230054cc       0xec /home/parag/bl_iot_sdk/toolchain/riscv/Linux/bin/../lib/gcc/riscv64-unknown-elf/8.3.0/rv32imf/ilp32f/libgcc.a(ledf2.o)
                0x00000000230054cc                __ltdf2
                0x00000000230054cc                __ledf2
 .text          0x00000000230055b8      0x79c /home/parag/bl_iot_sdk/toolchain/riscv/Linux/bin/../lib/gcc/riscv64-unknown-elf/8.3.0/rv32imf/ilp32f/libgcc.a(muldf3.o)
                0x00000000230055b8                __muldf3
 .text          0x0000000023005d54      0xb38 /home/parag/bl_iot_sdk/toolchain/riscv/Linux/bin/../lib/gcc/riscv64-unknown-elf/8.3.0/rv32imf/ilp32f/libgcc.a(subdf3.o)
                0x0000000023005d54                __subdf3
 .text          0x000000002300688c       0xfc /home/parag/bl_iot_sdk/toolchain/riscv/Linux/bin/../lib/gcc/riscv64-unknown-elf/8.3.0/rv32imf/ilp32f/libgcc.a(fixdfsi.o)
                0x000000002300688c                __fixdfsi
 .text          0x0000000023006988      0x11c /home/parag/bl_iot_sdk/toolchain/riscv/Linux/bin/../lib/gcc/riscv64-unknown-elf/8.3.0/../../../../riscv64-unknown-elf/lib/rv32imf/ilp32f/libc.a(lib_a-memcpy.o)
                0x0000000023006988                memcpy
 .text          0x0000000023006aa4       0xdc /home/parag/bl_iot_sdk/toolchain/riscv/Linux/bin/../lib/gcc/riscv64-unknown-elf/8.3.0/../../../../riscv64-unknown-elf/lib/rv32imf/ilp32f/libc.a(lib_a-memset.o)
                0x0000000023006aa4                memset
 .text          0x0000000023006b80       0x8c /home/parag/bl_iot_sdk/toolchain/riscv/Linux/bin/../lib/gcc/riscv64-unknown-elf/8.3.0/../../../../riscv64-unknown-elf/lib/rv32imf/ilp32f/libc.a(lib_a-strlen.o)
                0x0000000023006b80                strlen
 .text          0x0000000023006c0c       0x44 /home/parag/bl_iot_sdk/toolchain/riscv/Linux/bin/../lib/gcc/riscv64-unknown-elf/8.3.0/../../../../riscv64-unknown-elf/lib/rv32imf/ilp32f/libc.a(lib_a-strnlen.o)
                0x0000000023006c0c                strnlen
 *(.gnu.linkonce.t.*)

.rodata         0x0000000023006c50      0x734
 *(.rdata)
 *(.rodata .rodata.*)
 .rodata.bfl_main.str1.4
                0x0000000023006c50        0x7 /home/parag/bl_iot_sdk/customer_app/SWEMS/build_out/SWEMS/libSWEMS.a(main.o)
 *fill*         0x0000000023006c57        0x1 
 .rodata.vTaskStartScheduler.str1.4
                0x0000000023006c58        0x5 /home/parag/bl_iot_sdk/customer_app/SWEMS/build_out/freertos_riscv_ram/libfreertos_riscv_ram.a(tasks.o)
 *fill*         0x0000000023006c5d        0x3 
 .rodata.prvTimerTask
                0x0000000023006c60       0x28 /home/parag/bl_iot_sdk/customer_app/SWEMS/build_out/freertos_riscv_ram/libfreertos_riscv_ram.a(timers.o)
 .rodata.prvCheckForValidListAndQueue.str1.4
                0x0000000023006c88        0x5 /home/parag/bl_iot_sdk/customer_app/SWEMS/build_out/freertos_riscv_ram/libfreertos_riscv_ram.a(timers.o)
 *fill*         0x0000000023006c8d        0x3 
 .rodata.xTimerCreateTimerTask.str1.4
                0x0000000023006c90        0x8 /home/parag/bl_iot_sdk/customer_app/SWEMS/build_out/freertos_riscv_ram/libfreertos_riscv_ram.a(timers.o)
 .rodata.exception_entry
                0x0000000023006c98       0x40 /home/parag/bl_iot_sdk/customer_app/SWEMS/build_out/hal_drv/libhal_drv.a(bl_irq.o)
 .rodata.exception_entry.str1.4
                0x0000000023006cd8      0x26c /home/parag/bl_iot_sdk/customer_app/SWEMS/build_out/hal_drv/libhal_drv.a(bl_irq.o)
 .rodata.interrupt_entry.str1.4
                0x0000000023006f44       0x40 /home/parag/bl_iot_sdk/customer_app/SWEMS/build_out/hal_drv/libhal_drv.a(bl_irq.o)
 .rodata.vApplicationStackOverflowHook.str1.4
                0x0000000023006f84       0x2c /home/parag/bl_iot_sdk/customer_app/SWEMS/build_out/SWEMS/libSWEMS.a(freertos.o)
 .rodata.vsnprintf
                0x0000000023006fb0      0x1f4 /home/parag/bl_iot_sdk/customer_app/SWEMS/build_out/bl602/libbl602.a(debug.o)
 *fill*         0x00000000230071a4        0x4 
 .rodata.cvt.cst8
                0x00000000230071a8       0x18 /home/parag/bl_iot_sdk/customer_app/SWEMS/build_out/bl602/libbl602.a(debug.o)
 .rodata.lcdigits.2256
                0x00000000230071c0       0x11 /home/parag/bl_iot_sdk/customer_app/SWEMS/build_out/bl602/libbl602.a(debug.o)
 *fill*         0x00000000230071d1        0x3 
 .rodata.ucdigits.2257
                0x00000000230071d4       0x11 /home/parag/bl_iot_sdk/customer_app/SWEMS/build_out/bl602/libbl602.a(debug.o)
 *fill*         0x00000000230071e5        0x3 
 .rodata.vsnprintf.str1.4
                0x00000000230071e8        0x8 /home/parag/bl_iot_sdk/customer_app/SWEMS/build_out/bl602/libbl602.a(debug.o)
                                          0x7 (size before relaxing)
 .rodata        0x00000000230071f0       0x3c /home/parag/bl_iot_sdk/toolchain/riscv/Linux/bin/../lib/gcc/riscv64-unknown-elf/8.3.0/rv32imf/ilp32f/libgcc.a(divdf3.o)
 .rodata        0x000000002300722c       0x3c /home/parag/bl_iot_sdk/toolchain/riscv/Linux/bin/../lib/gcc/riscv64-unknown-elf/8.3.0/rv32imf/ilp32f/libgcc.a(muldf3.o)
 .rodata        0x0000000023007268      0x100 /home/parag/bl_iot_sdk/toolchain/riscv/Linux/bin/../lib/gcc/riscv64-unknown-elf/8.3.0/rv32imf/ilp32f/libgcc.a(_clz.o)
                0x0000000023007268                __clz_tab
 *(.sdata2.*)
 .sdata2.pullMachineTimerCompareRegister
                0x0000000023007368        0x4 /home/parag/bl_iot_sdk/customer_app/SWEMS/build_out/freertos_riscv_ram/libfreertos_riscv_ram.a(port.o)
                0x0000000023007368                pullMachineTimerCompareRegister
 .sdata2.uxTimerIncrementsForOneTick
                0x000000002300736c        0x4 /home/parag/bl_iot_sdk/customer_app/SWEMS/build_out/freertos_riscv_ram/libfreertos_riscv_ram.a(port.o)
                0x000000002300736c                uxTimerIncrementsForOneTick
 .sdata2.xISRStackTop
                0x0000000023007370        0x4 /home/parag/bl_iot_sdk/customer_app/SWEMS/build_out/freertos_riscv_ram/libfreertos_riscv_ram.a(port.o)
                0x0000000023007370                xISRStackTop
 .sdata2.uartAddr
                0x0000000023007374        0x8 /home/parag/bl_iot_sdk/customer_app/SWEMS/build_out/hal_drv/libhal_drv.a(bl_uart.o)
 .sdata2.uartAddr
                0x000000002300737c        0x8 /home/parag/bl_iot_sdk/customer_app/SWEMS/build_out/bl602_std/libbl602_std.a(bl602_uart.o)
                0x0000000023007384                . = ALIGN (0x4)
                0x0000000023007384                _bl_static_cli_cmds_start = .
 *(.static_cli_cmds)
 *(.static_cli_cmds)
                0x0000000023007384                _bl_static_cli_cmds_end = .
                0x0000000023007384                . = ALIGN (0x4)
                0x0000000023007384                _bl_static_fw_cfg_entry_start = .
 *(.wifi.cfg.entry)
                0x0000000023007384                _bl_static_fw_cfg_entry_end = .
                0x0000000023007384                . = ALIGN (0x4)
                0x0000000023007384                _bl_static_blogcomponent_code_start = .
 SORT_BY_NAME(*)(.static_blogcomponent_code*)
 *(.static_blogcomponent_code*)
                0x0000000023007384                _bl_static_blogcomponent_code_end = .
                0x0000000023007384                . = ALIGN (0x4)
                0x0000000023007384                _bl_static_blogfile_code_start = .
 SORT_BY_NAME(*)(.static_blogfile_code*)
 *(.static_blogfile_code*)
                0x0000000023007384                _bl_static_blogfile_code_end = .
                0x0000000023007384                . = ALIGN (0x4)
                0x0000000023007384                _bl_static_blogpri_code_start = .
 SORT_BY_NAME(*)(.static_blogpri_code*)
 *(.static_blogpri_code*)
                0x0000000023007384                _bl_static_blogpri_code_end = .
 *(.gnu.linkonce.r.*)
                0x0000000023007384                . = ALIGN (0x4)
                0x0000000023007384                _rom_framework_audio_device_start = .
 *(.framework.audio_device)
                0x0000000023007384                _rom_framework_audio_device_end = .

.rela.dyn       0x0000000023007384        0x0
 .rela.init     0x0000000023007384        0x0 /home/parag/bl_iot_sdk/customer_app/SWEMS/build_out/bl602/libbl602.a(start.o)
 .rela.text.hal_boot2_get_flash_addr
                0x0000000023007384        0x0 /home/parag/bl_iot_sdk/customer_app/SWEMS/build_out/bl602/libbl602.a(start.o)
 .rela.text.xPortStartScheduler
                0x0000000023007384        0x0 /home/parag/bl_iot_sdk/customer_app/SWEMS/build_out/bl602/libbl602.a(start.o)
 .rela.sdata2.xISRStackTop
                0x0000000023007384        0x0 /home/parag/bl_iot_sdk/customer_app/SWEMS/build_out/bl602/libbl602.a(start.o)
 .rela.text.vQueueAddToRegistry
                0x0000000023007384        0x0 /home/parag/bl_iot_sdk/customer_app/SWEMS/build_out/bl602/libbl602.a(start.o)
 .rela.text.exception_entry
                0x0000000023007384        0x0 /home/parag/bl_iot_sdk/customer_app/SWEMS/build_out/bl602/libbl602.a(start.o)

.preinit_array  0x0000000023007384        0x0
                0x0000000023007384                . = ALIGN (0x4)
                0x0000000023007384                __preinit_array_start = .
 *(.preinit_array)
                0x0000000023007384                __preinit_array_end = .

.init_array     0x0000000023007384        0x0
                0x0000000023007384                . = ALIGN (0x4)
                0x0000000023007384                __init_array_start = .
 *(SORT_BY_INIT_PRIORITY(.init_array.*))
 *(.init_array)
                0x0000000023007384                __init_array_end = .

.wifibss        0x0000000042042000        0x0
                0x0000000042042000                PROVIDE (__wifi_bss_start = ADDR (.wifibss))
                0x0000000042042000                PROVIDE (__wifi_bss_end = (ADDR (.wifibss) + SIZEOF (.wifibss)))
 *ipc_shared.o(COMMON)
 *sdu_shared.o(COMMON)
 *hal_desc.o(COMMON)
 *txl_buffer_shared.o(COMMON)
 *txl_frame_shared.o(COMMON)
 *scan_shared.o(COMMON)
 *scanu_shared.o(COMMON)
 *mfp_bip.o(COMMON)
 *me_mic.o(COMMON)
 *bl_sta_mgmt_others.o(COMMON)
 *bl_pmk_mgmt.o(COMMON)
 *bl_pmk_mgmt_internal.o(COMMON)
 *libwifi_drv.a:bl_utils.o(COMMON)
 *libwifi_drv.a:bl_utils.o(.bss*)
 *(.wifi_ram*)
                0x0000000042042000                . = ALIGN (0x10)
                [!provide]                        PROVIDE (_heap_wifi_start = .)
                [!provide]                        PROVIDE (_heap_wifi_size = ((ORIGIN (ram_wifi) + LENGTH (ram_wifi)) - _heap_wifi_start))

.romdata        0x000000004200c000      0x498 load address 0x0000000023007384
                [!provide]                        PROVIDE (__global_pointer_head$ = .)
                0x000000004200c7f0                PROVIDE (__global_pointer$ = (. + 0x7f0))
                0x000000004200c498                . = (. + 0x498)
 *fill*         0x000000004200c000      0x498 

.data           0x000000004200c498      0x560 load address 0x0000000023007384
                0x0000000023007384                PROVIDE (_data_load = LOADADDR (.data))
                0x000000004200c498                PROVIDE (_data_run = ADDR (.data))
                0x000000004200c9f8                PROVIDE (_data_run_end = (ADDR (.data) + SIZEOF (.data)))
 *(.tcm_code)
 .tcm_code      0x000000004200c498      0x550 /home/parag/bl_iot_sdk/customer_app/SWEMS/build_out/bl602_std/libbl602_std.a(bl602_romapi.o)
                0x000000004200c498                AON_Power_On_BG
                0x000000004200c4a2                AON_Power_Off_BG
                0x000000004200c4ac                AON_Power_On_LDO11_SOC
                0x000000004200c4b6                AON_Power_Off_LDO11_SOC
                0x000000004200c4c0                AON_Power_On_LDO15_RF
                0x000000004200c4ca                AON_Power_Off_LDO15_RF
                0x000000004200c4d4                AON_Power_On_SFReg
                0x000000004200c4de                AON_Power_Off_SFReg
                0x000000004200c4e8                AON_LowPower_Enter_PDS0
                0x000000004200c4f2                AON_LowPower_Exit_PDS0
                0x000000004200c4fc                ASM_Delay_Us
                0x000000004200c506                BL602_Delay_US
                0x000000004200c510                BL602_Delay_MS
                0x000000004200c51a                BL602_MemCpy
                0x000000004200c524                BL602_MemCpy4
                0x000000004200c52e                BL602_MemCpy_Fast
                0x000000004200c538                BL602_MemSet
                0x000000004200c542                BL602_MemSet4
                0x000000004200c54c                BL602_MemCmp
                0x000000004200c556                EF_Ctrl_Sw_AHB_Clk_0
                0x000000004200c560                EF_Ctrl_Program_Efuse_0
                0x000000004200c56a                EF_Ctrl_Load_Efuse_R0
                0x000000004200c574                EF_Ctrl_Busy
                0x000000004200c57e                EF_Ctrl_AutoLoad_Done
                0x000000004200c588                EF_Ctrl_Clear
                0x000000004200c592                GLB_SW_System_Reset
                0x000000004200c59c                GLB_SW_CPU_Reset
                0x000000004200c5a6                GLB_SW_POR_Reset
                0x000000004200c5b0                GLB_Select_Internal_Flash
                0x000000004200c5ba                GLB_Select_External_Flash
                0x000000004200c5c4                GLB_Deswap_Flash_Pin
                0x000000004200c5ce                GLB_Swap_Flash_Pin
                0x000000004200c5d8                GLB_GPIO_Init
                0x000000004200c5e2                GLB_GPIO_OUTPUT_Enable
                0x000000004200c5ec                GLB_GPIO_OUTPUT_Disable
                0x000000004200c5f6                GLB_GPIO_Set_HZ
                0x000000004200c600                GLB_GPIO_Get_Fun
                0x000000004200c60a                HBN_Mode_Enter
                0x000000004200c614                HBN_Power_Down_Flash
                0x000000004200c61e                HBN_Enable
                0x000000004200c628                HBN_Reset
                0x000000004200c632                HBN_Set_Ldo11_Aon_Vout
                0x000000004200c63c                HBN_Set_Ldo11_Rt_Vout
                0x000000004200c646                HBN_Set_Ldo11_Soc_Vout
                0x000000004200c650                HBN_Hw_Pu_Pd_Cfg
                0x000000004200c65a                HBN_Pin_WakeUp_Mask
                0x000000004200c664                HBN_GPIO7_Dbg_Pull_Cfg
                0x000000004200c66e                HBN_Set_Embedded_Flash_Pullup
                0x000000004200c678                L1C_Set_Wrap
                0x000000004200c682                L1C_Set_Way_Disable
                0x000000004200c68c                L1C_IROM_2T_Access_Set
                0x000000004200c696                PDS_Reset
                0x000000004200c6a0                PDS_Force_Config
                0x000000004200c6aa                PDS_RAM_Config
                0x000000004200c6b4                PDS_Default_Level_Config
                0x000000004200c6be                SEC_Eng_Turn_On_Sec_Ring
                0x000000004200c6c8                SEC_Eng_Turn_Off_Sec_Ring
                0x000000004200c6d2                SFlash_Init
                0x000000004200c6dc                SFlash_SetSPIMode
                0x000000004200c6e6                SFlash_Read_Reg
                0x000000004200c6f0                SFlash_Write_Reg
                0x000000004200c6fa                SFlash_Busy
                0x000000004200c704                SFlash_Write_Enable
                0x000000004200c70e                SFlash_Qspi_Enable
                0x000000004200c718                SFlash_Volatile_Reg_Write_Enable
                0x000000004200c722                SFlash_Chip_Erase
                0x000000004200c72c                SFlash_Sector_Erase
                0x000000004200c736                SFlash_Blk32_Erase
                0x000000004200c740                SFlash_Blk64_Erase
                0x000000004200c74a                SFlash_Erase
                0x000000004200c754                SFlash_Program
                0x000000004200c75e                SFlash_GetUniqueId
                0x000000004200c768                SFlash_GetJedecId
                0x000000004200c772                SFlash_GetDeviceId
                0x000000004200c77c                SFlash_Powerdown
                0x000000004200c786                SFlash_Releae_Powerdown
                0x000000004200c790                SFlash_SetBurstWrap
                0x000000004200c79a                SFlash_DisableBurstWrap
                0x000000004200c7a4                SFlash_Software_Reset
                0x000000004200c7ae                SFlash_Reset_Continue_Read
                0x000000004200c7b8                SFlash_Set_IDbus_Cfg
                0x000000004200c7c2                SFlash_IDbus_Read_Enable
                0x000000004200c7cc                SFlash_Cache_Enable_Set
                0x000000004200c7d6                SFlash_Cache_Flush
                0x000000004200c7e0                SFlash_Cache_Read_Enable
                0x000000004200c7ea                SFlash_Cache_Hit_Count_Get
                0x000000004200c7f4                SFlash_Cache_Miss_Count_Get
                0x000000004200c7fe                SFlash_Cache_Read_Disable
                0x000000004200c808                SFlash_Read
                0x000000004200c812                SFlash_Read_Reg_With_Cmd
                0x000000004200c81c                SFlash_Write_Reg_With_Cmd
                0x000000004200c826                SF_Cfg_Init_Ext_Flash_Gpio
                0x000000004200c830                SF_Cfg_Init_Internal_Flash_Gpio
                0x000000004200c83a                SF_Cfg_Deinit_Ext_Flash_Gpio
                0x000000004200c844                SF_Cfg_Restore_GPIO17_Fun
                0x000000004200c84e                SF_Cfg_Get_Flash_Cfg_Need_Lock
                0x000000004200c858                SF_Cfg_Init_Flash_Gpio
                0x000000004200c862                SF_Cfg_Flash_Identify
                0x000000004200c86c                SF_Ctrl_Enable
                0x000000004200c876                SF_Ctrl_Select_Pad
                0x000000004200c880                SF_Ctrl_Set_Owner
                0x000000004200c88a                SF_Ctrl_Disable
                0x000000004200c894                SF_Ctrl_AES_Enable_BE
                0x000000004200c89e                SF_Ctrl_AES_Enable_LE
                0x000000004200c8a8                SF_Ctrl_AES_Set_Region
                0x000000004200c8b2                SF_Ctrl_AES_Set_Key
                0x000000004200c8bc                SF_Ctrl_AES_Set_Key_BE
                0x000000004200c8c6                SF_Ctrl_AES_Set_IV
                0x000000004200c8d0                SF_Ctrl_AES_Set_IV_BE
                0x000000004200c8da                SF_Ctrl_AES_Enable
                0x000000004200c8e4                SF_Ctrl_AES_Disable
                0x000000004200c8ee                SF_Ctrl_Set_Flash_Image_Offset
                0x000000004200c8f8                SF_Ctrl_Get_Flash_Image_Offset
                0x000000004200c902                SF_Ctrl_Select_Clock
                0x000000004200c90c                SF_Ctrl_SendCmd
                0x000000004200c916                SF_Ctrl_Icache_Set
                0x000000004200c920                SF_Ctrl_Icache2_Set
                0x000000004200c92a                SF_Ctrl_GetBusyState
                0x000000004200c934                SF_Ctrl_Is_AES_Enable
                0x000000004200c93e                SF_Ctrl_Get_Clock_Delay
                0x000000004200c948                SF_Ctrl_Set_Clock_Delay
                0x000000004200c952                XIP_SFlash_State_Save
                0x000000004200c95c                XIP_SFlash_State_Restore
                0x000000004200c966                XIP_SFlash_Erase_Need_Lock
                0x000000004200c970                XIP_SFlash_Write_Need_Lock
                0x000000004200c97a                XIP_SFlash_Read_Need_Lock
                0x000000004200c984                XIP_SFlash_GetJedecId_Need_Lock
                0x000000004200c98e                XIP_SFlash_GetDeviceId_Need_Lock
                0x000000004200c998                XIP_SFlash_GetUniqueId_Need_Lock
                0x000000004200c9a2                XIP_SFlash_Read_Via_Cache_Need_Lock
                0x000000004200c9ac                XIP_SFlash_Read_With_Lock
                0x000000004200c9b6                XIP_SFlash_Write_With_Lock
                0x000000004200c9c0                XIP_SFlash_Erase_With_Lock
                0x000000004200c9ca                XIP_SFlash_Opt_Enter
                0x000000004200c9d4                XIP_SFlash_Opt_Exit
                0x000000004200c9de                BFLB_Soft_CRC32
 *(.tcm_const)
 *(.sclock_rlt_code)
 *(.sclock_rlt_const)
 *(.data .data.*)
 *(.gnu.linkonce.d.*)
 *(.sdata .sdata.*)
 .sdata.pTrapNetCounter
                0x000000004200c9e8        0x4 /home/parag/bl_iot_sdk/customer_app/SWEMS/build_out/freertos_riscv_ram/libfreertos_riscv_ram.a(port.o)
                0x000000004200c9e8                pTrapNetCounter
 .sdata.pullNextTime
                0x000000004200c9ec        0x4 /home/parag/bl_iot_sdk/customer_app/SWEMS/build_out/freertos_riscv_ram/libfreertos_riscv_ram.a(port.o)
                0x000000004200c9ec                pullNextTime
 .sdata.uxTopUsedPriority
                0x000000004200c9f0        0x4 /home/parag/bl_iot_sdk/customer_app/SWEMS/build_out/SWEMS/libSWEMS.a(freertos.o)
                0x000000004200c9f0                uxTopUsedPriority
 .sdata.sys_log_all_enable
                0x000000004200c9f4        0x1 /home/parag/bl_iot_sdk/customer_app/SWEMS/build_out/hal_drv/libhal_drv.a(bl_sys.o)
                0x000000004200c9f4                sys_log_all_enable
 *(.gnu.linkonce.s.*)
                0x000000004200c9f8                . = ALIGN (0x8)
 *fill*         0x000000004200c9f5        0x3 
 *(.srodata.cst16)
 *(.srodata.cst8)
 *(.srodata.cst4)
 *(.srodata.cst2)
 *(.srodata .srodata.*)
                0x000000004200c9f8                . = ALIGN (0x8)
 *(._k_queue.static.*)
 *(._k_sem.static.*)
 *(._k_mutex.static.*)
                0x000000004200c9f8                _net_buf_pool_list = .
 *(SORT_BY_NAME(._net_buf_pool.static.*))
                0x000000004200c9f8                _bt_gatt_service_static_list_start = .
 *(SORT_BY_NAME(._bt_gatt_service_static.static.*))
                0x000000004200c9f8                _bt_gatt_service_static_list_end = .
                0x000000004200c9f8                _bt_l2cap_fixed_chan_list_start = .
 *(SORT_BY_NAME(._bt_l2cap_fixed_chan.static.*))
                0x000000004200c9f8                _bt_l2cap_fixed_chan_list_end = .

.boot2          0x000000004200c9f8      0x258 load address 0x00000000230078e4
                0x000000004200c9f8                PROVIDE (__boot2_pt_addr_start = .)
 *(.bss.boot2_partition_table)
 .bss.boot2_partition_table
                0x000000004200c9f8      0x258 /home/parag/bl_iot_sdk/customer_app/SWEMS/build_out/hal_drv/libhal_drv.a(hal_boot2.o)
                0x000000004200cc50                PROVIDE (__boot2_pt_addr_end = .)
                0x000000004200cc50                PROVIDE (__boot2_flashCfg_start = .)
 *(.bss.boot2_flashCfg)
                0x000000004200cc50                PROVIDE (__boot2_flashCfg_end = .)

.bss            0x000000004200cc50     0x1334 load address 0x00000000230078e4
                0x000000004200cc50                PROVIDE (__bss_start = ADDR (.bss))
                0x000000004200df84                PROVIDE (__bss_end = (ADDR (.bss) + SIZEOF (.bss)))
 *(.sbss*)
 .sbss.pxCurrentTCB
                0x000000004200cc50        0x4 /home/parag/bl_iot_sdk/customer_app/SWEMS/build_out/freertos_riscv_ram/libfreertos_riscv_ram.a(tasks.o)
                0x000000004200cc50                pxCurrentTCB
 .sbss.pxDelayedTaskList
                0x000000004200cc54        0x4 /home/parag/bl_iot_sdk/customer_app/SWEMS/build_out/freertos_riscv_ram/libfreertos_riscv_ram.a(tasks.o)
 .sbss.pxOverflowDelayedTaskList
                0x000000004200cc58        0x4 /home/parag/bl_iot_sdk/customer_app/SWEMS/build_out/freertos_riscv_ram/libfreertos_riscv_ram.a(tasks.o)
 .sbss.uxCurrentNumberOfTasks
                0x000000004200cc5c        0x4 /home/parag/bl_iot_sdk/customer_app/SWEMS/build_out/freertos_riscv_ram/libfreertos_riscv_ram.a(tasks.o)
 .sbss.uxDeletedTasksWaitingCleanUp
                0x000000004200cc60        0x4 /home/parag/bl_iot_sdk/customer_app/SWEMS/build_out/freertos_riscv_ram/libfreertos_riscv_ram.a(tasks.o)
 .sbss.uxPendedTicks
                0x000000004200cc64        0x4 /home/parag/bl_iot_sdk/customer_app/SWEMS/build_out/freertos_riscv_ram/libfreertos_riscv_ram.a(tasks.o)
 .sbss.uxSchedulerSuspended
                0x000000004200cc68        0x4 /home/parag/bl_iot_sdk/customer_app/SWEMS/build_out/freertos_riscv_ram/libfreertos_riscv_ram.a(tasks.o)
 .sbss.uxTaskNumber
                0x000000004200cc6c        0x4 /home/parag/bl_iot_sdk/customer_app/SWEMS/build_out/freertos_riscv_ram/libfreertos_riscv_ram.a(tasks.o)
 .sbss.uxTopReadyPriority
                0x000000004200cc70        0x4 /home/parag/bl_iot_sdk/customer_app/SWEMS/build_out/freertos_riscv_ram/libfreertos_riscv_ram.a(tasks.o)
 .sbss.xNextTaskUnblockTime
                0x000000004200cc74        0x4 /home/parag/bl_iot_sdk/customer_app/SWEMS/build_out/freertos_riscv_ram/libfreertos_riscv_ram.a(tasks.o)
 .sbss.xNumOfOverflows
                0x000000004200cc78        0x4 /home/parag/bl_iot_sdk/customer_app/SWEMS/build_out/freertos_riscv_ram/libfreertos_riscv_ram.a(tasks.o)
 .sbss.xSchedulerRunning
                0x000000004200cc7c        0x4 /home/parag/bl_iot_sdk/customer_app/SWEMS/build_out/freertos_riscv_ram/libfreertos_riscv_ram.a(tasks.o)
 .sbss.xTickCount
                0x000000004200cc80        0x4 /home/parag/bl_iot_sdk/customer_app/SWEMS/build_out/freertos_riscv_ram/libfreertos_riscv_ram.a(tasks.o)
 .sbss.xYieldPending
                0x000000004200cc84        0x4 /home/parag/bl_iot_sdk/customer_app/SWEMS/build_out/freertos_riscv_ram/libfreertos_riscv_ram.a(tasks.o)
 .sbss.pxCurrentTimerList
                0x000000004200cc88        0x4 /home/parag/bl_iot_sdk/customer_app/SWEMS/build_out/freertos_riscv_ram/libfreertos_riscv_ram.a(timers.o)
 .sbss.pxOverflowTimerList
                0x000000004200cc8c        0x4 /home/parag/bl_iot_sdk/customer_app/SWEMS/build_out/freertos_riscv_ram/libfreertos_riscv_ram.a(timers.o)
 .sbss.xLastTime.2297
                0x000000004200cc90        0x4 /home/parag/bl_iot_sdk/customer_app/SWEMS/build_out/freertos_riscv_ram/libfreertos_riscv_ram.a(timers.o)
 .sbss.xTimerQueue
                0x000000004200cc94        0x4 /home/parag/bl_iot_sdk/customer_app/SWEMS/build_out/freertos_riscv_ram/libfreertos_riscv_ram.a(timers.o)
 .sbss.xTimerTaskHandle
                0x000000004200cc98        0x4 /home/parag/bl_iot_sdk/customer_app/SWEMS/build_out/freertos_riscv_ram/libfreertos_riscv_ram.a(timers.o)
 .sbss.TrapNetCounter
                0x000000004200cc9c        0x4 /home/parag/bl_iot_sdk/customer_app/SWEMS/build_out/freertos_riscv_ram/libfreertos_riscv_ram.a(port.o)
                0x000000004200cc9c                TrapNetCounter
 .sbss.ullNextTime
                0x000000004200cca0        0x8 /home/parag/bl_iot_sdk/customer_app/SWEMS/build_out/freertos_riscv_ram/libfreertos_riscv_ram.a(port.o)
                0x000000004200cca0                ullNextTime
 .sbss.pxEnd    0x000000004200cca8        0x4 /home/parag/bl_iot_sdk/customer_app/SWEMS/build_out/freertos_riscv_ram/libfreertos_riscv_ram.a(heap_5.o)
 .sbss.xBlockAllocatedBit
                0x000000004200ccac        0x4 /home/parag/bl_iot_sdk/customer_app/SWEMS/build_out/freertos_riscv_ram/libfreertos_riscv_ram.a(heap_5.o)
 .sbss.xFreeBytesRemaining
                0x000000004200ccb0        0x4 /home/parag/bl_iot_sdk/customer_app/SWEMS/build_out/freertos_riscv_ram/libfreertos_riscv_ram.a(heap_5.o)
 .sbss.xStart   0x000000004200ccb4        0x8 /home/parag/bl_iot_sdk/customer_app/SWEMS/build_out/freertos_riscv_ram/libfreertos_riscv_ram.a(heap_5.o)
 .sbss.init_tick_rtc
                0x000000004200ccbc        0x4 /home/parag/bl_iot_sdk/customer_app/SWEMS/build_out/bltime/libbltime.a(bl_sys_time.o)
 .sbss.init_tick_rtos
                0x000000004200ccc0        0x4 /home/parag/bl_iot_sdk/customer_app/SWEMS/build_out/bltime/libbltime.a(bl_sys_time.o)
 .sbss.sync_init
                0x000000004200ccc4        0x4 /home/parag/bl_iot_sdk/customer_app/SWEMS/build_out/bltime/libbltime.a(bl_sys_time.o)
 *(.gnu.linkonce.sb.*)
 *(.bss .bss.*)
 .bss.buzzer_stack.2382
                0x000000004200ccc8      0x180 /home/parag/bl_iot_sdk/customer_app/SWEMS/build_out/SWEMS/libSWEMS.a(main.o)
 .bss.buzzer_task.2383
                0x000000004200ce48       0x60 /home/parag/bl_iot_sdk/customer_app/SWEMS/build_out/SWEMS/libSWEMS.a(main.o)
 .bss.pxReadyTasksLists
                0x000000004200cea8      0x280 /home/parag/bl_iot_sdk/customer_app/SWEMS/build_out/freertos_riscv_ram/libfreertos_riscv_ram.a(tasks.o)
 .bss.xDelayedTaskList1
                0x000000004200d128       0x14 /home/parag/bl_iot_sdk/customer_app/SWEMS/build_out/freertos_riscv_ram/libfreertos_riscv_ram.a(tasks.o)
 .bss.xDelayedTaskList2
                0x000000004200d13c       0x14 /home/parag/bl_iot_sdk/customer_app/SWEMS/build_out/freertos_riscv_ram/libfreertos_riscv_ram.a(tasks.o)
 .bss.xPendingReadyList
                0x000000004200d150       0x14 /home/parag/bl_iot_sdk/customer_app/SWEMS/build_out/freertos_riscv_ram/libfreertos_riscv_ram.a(tasks.o)
 .bss.xSuspendedTaskList
                0x000000004200d164       0x14 /home/parag/bl_iot_sdk/customer_app/SWEMS/build_out/freertos_riscv_ram/libfreertos_riscv_ram.a(tasks.o)
 .bss.xTasksWaitingTermination
                0x000000004200d178       0x14 /home/parag/bl_iot_sdk/customer_app/SWEMS/build_out/freertos_riscv_ram/libfreertos_riscv_ram.a(tasks.o)
 .bss.ucStaticTimerQueueStorage.2344
                0x000000004200d18c       0x40 /home/parag/bl_iot_sdk/customer_app/SWEMS/build_out/freertos_riscv_ram/libfreertos_riscv_ram.a(timers.o)
 .bss.xActiveTimerList1
                0x000000004200d1cc       0x14 /home/parag/bl_iot_sdk/customer_app/SWEMS/build_out/freertos_riscv_ram/libfreertos_riscv_ram.a(timers.o)
 .bss.xActiveTimerList2
                0x000000004200d1e0       0x14 /home/parag/bl_iot_sdk/customer_app/SWEMS/build_out/freertos_riscv_ram/libfreertos_riscv_ram.a(timers.o)
 .bss.xStaticTimerQueue.2343
                0x000000004200d1f4       0x50 /home/parag/bl_iot_sdk/customer_app/SWEMS/build_out/freertos_riscv_ram/libfreertos_riscv_ram.a(timers.o)
 .bss.handler_list
                0x000000004200d244      0x280 /home/parag/bl_iot_sdk/customer_app/SWEMS/build_out/hal_drv/libhal_drv.a(bl_irq.o)
 .bss.uxIdleTaskStack.2391
                0x000000004200d4c4      0x180 /home/parag/bl_iot_sdk/customer_app/SWEMS/build_out/SWEMS/libSWEMS.a(freertos.o)
 .bss.uxTimerTaskStack.2398
                0x000000004200d644      0x640 /home/parag/bl_iot_sdk/customer_app/SWEMS/build_out/SWEMS/libSWEMS.a(freertos.o)
 .bss.xIdleTaskTCB.2390
                0x000000004200dc84       0x60 /home/parag/bl_iot_sdk/customer_app/SWEMS/build_out/SWEMS/libSWEMS.a(freertos.o)
 .bss.xTimerTaskTCB.2397
                0x000000004200dce4       0x60 /home/parag/bl_iot_sdk/customer_app/SWEMS/build_out/SWEMS/libSWEMS.a(freertos.o)
 .bss.string    0x000000004200dd44      0x200 /home/parag/bl_iot_sdk/customer_app/SWEMS/build_out/bl602/libbl602.a(debug.o)
 *(.gnu.linkonce.b.*)
 *(COMMON)
 COMMON         0x000000004200df44       0x40 /home/parag/bl_iot_sdk/customer_app/SWEMS/build_out/freertos_riscv_ram/libfreertos_riscv_ram.a(queue.o)
                0x000000004200df44                xQueueRegistry
                [!provide]                        PROVIDE (_heap_start = .)
                [!provide]                        PROVIDE (_heap_size = (ADDR (.stack) - _heap_start))

.stack          0x0000000042041800      0x800
                0x0000000042042000                . = (. + __stack_size)
 *fill*         0x0000000042041800      0x800 
                0x0000000042042000                PROVIDE (_sp_main = .)
                0x0000000042042000                __freertos_irq_stack_top = .
                [!provide]                        PROVIDE (_ld_bl_static_cli_cmds_start = _bl_static_cli_cmds_start)
                [!provide]                        PROVIDE (_ld_bl_static_cli_cmds_end = _bl_static_cli_cmds_end)
                [!provide]                        PROVIDE (_ld_bl_static_cfg_entry_start = _bl_static_fw_cfg_entry_start)
                [!provide]                        PROVIDE (_ld_bl_static_cfg_entry_end = _bl_static_fw_cfg_entry_end)
                [!provide]                        PROVIDE (_ld_bl_static_blogcomponent_code_start = _bl_static_blogcomponent_code_start)
                [!provide]                        PROVIDE (_ld_bl_static_blogcomponent_code_end = _bl_static_blogcomponent_code_end)
                [!provide]                        PROVIDE (_ld_bl_static_blogfile_code_start = _bl_static_blogfile_code_start)
                [!provide]                        PROVIDE (_ld_bl_static_blogfile_code_end = _bl_static_blogfile_code_end)
                [!provide]                        PROVIDE (_ld_bl_static_blogpri_code_start = _bl_static_blogpri_code_start)
                [!provide]                        PROVIDE (_ld_bl_static_blogpri_code_end = _bl_static_blogpri_code_end)
                [!provide]                        PROVIDE (_ld_ram_size0 = LENGTH (flash))
                [!provide]                        PROVIDE (_ld_ram_addr0 = ORIGIN (flash))
                [!provide]                        PROVIDE (_ld_ram_size1 = LENGTH (ram_tcm))
                [!provide]                        PROVIDE (_ld_ram_addr1 = ORIGIN (ram_tcm))
                [!provide]                        PROVIDE (_ld_ram_size2 = LENGTH (ram_wifi))
                [!provide]                        PROVIDE (_ld_ram_addr2 = ORIGIN (ram_wifi))
                0x0000000042049c00                PROVIDE (__boot2_pt_addr_src = BOOT2_PT_ADDR)
                0x0000000042049c18                PROVIDE (__boot2_flashCfg_src = BOOT2_FLASHCFG_ADDR)
                [!provide]                        PROVIDE (xTaskGetTickCount = 0x21017694)
                [!provide]                        PROVIDE (xTaskGetTickCountFromISR = 0x210176aa)
                [!provide]                        PROVIDE (pvPortMalloc = 0x21019662)
                [!provide]                        PROVIDE (vPortFree = 0x2101973a)
                [!provide]                        PROVIDE (vTaskNotifyGiveFromISR = 0x210188e8)
                [!provide]                        PROVIDE (vTaskSwitchContext = 0x21017a04)
                [!provide]                        PROVIDE (ulTaskNotifyTake = 0x21018548)
                [!provide]                        PROVIDE (vTaskExitCritical = 0x210183f4)
                [!provide]                        PROVIDE (vTaskEnterCritical = 0x210183e4)
                [!provide]                        PROVIDE (xTaskGetCurrentTaskHandle = 0x21018152)
                [!provide]                        PROVIDE (xQueueSemaphoreTake = 0x21015ce8)
                [!provide]                        PROVIDE (xQueueGenericSend = 0x21015834)
                [!provide]                        PROVIDE (xQueueGenericSendFromISR = 0x21015a4c)
                [!provide]                        PROVIDE (xTaskCreateStatic = 0x210170a2)
                [!provide]                        PROVIDE (xTaskCreate = 0x2101713a)
                [!provide]                        PROVIDE (xQueueCreateMutex = 0x21015a1c)
                [!provide]                        PROVIDE (xQueueCreateMutexStatic = 0x21015994)
                [!provide]                        PROVIDE (vQueueDelete = 0x210161d8)
                [!provide]                        PROVIDE (xQueueGenericCreateStatic = 0x210156c2)
                [!provide]                        PROVIDE (xQueueGenericCreate = 0x21015744)
                [!provide]                        PROVIDE (xQueueReceive = 0x21015b8a)
                [!provide]                        PROVIDE (uxQueueMessagesWaiting = 0x21016168)
                [!provide]                        PROVIDE (vTaskDelay = 0x210179c6)
                [!provide]                        PROVIDE (vTaskDelayUntil = 0x21017952)
                [!provide]                        PROVIDE (xPortGetFreeHeapSize = 0x210197ce)
                [!provide]                        PROVIDE (vTaskList = 0x21018408)
                [!provide]                        PROVIDE (xTimerGenericCommand = 0x21018bec)
                [!provide]                        PROVIDE (xTimerCreateTimerTask = 0x21018a9e)
                [!provide]                        PROVIDE (xTimerCreate = 0x21018af6)
                [!provide]                        PROVIDE (xTimerCreateStatic = 0x21018b66)
                [!provide]                        PROVIDE (xQueueCreateCountingSemaphoreStatic = 0x210157c2)
                [!provide]                        PROVIDE (xQueueCreateCountingSemaphore = 0x21015800)
                [!provide]                        PROVIDE (pTrapNetCounter = __global_pointer_head$)
                [!provide]                        PROVIDE (TrapNetCounter = (__global_pointer_head$ + 0x58))
                [!provide]                        PROVIDE (vEventGroupDelete = 0x210153be)
                [!provide]                        PROVIDE (xEventGroupWaitBits = 0x21015086)
                [!provide]                        PROVIDE (xEventGroupCreateStatic = 0x21015000)
                [!provide]                        PROVIDE (xEventGroupSetBits = 0x210151e0)
                [!provide]                        PROVIDE (xStreamBufferGenericCreateStatic = 0x210165c0)
                [!provide]                        PROVIDE (xStreamBufferReceive = 0x210169ae)
                [!provide]                        PROVIDE (xStreamBufferSend = 0x210167a8)
                [!provide]                        PROVIDE (pvTimerGetTimerID = 0x21018fd4)
                [!provide]                        PROVIDE (xTaskGenericNotify = 0x210186be)
                [!provide]                        PROVIDE (xTaskGenericNotifyFromISR = 0x210187de)
                [!provide]                        PROVIDE (xQueueGiveMutexRecursive = 0x210159c8)
                [!provide]                        PROVIDE (xQueueTakeMutexRecursive = 0x21015e70)
                [!provide]                        PROVIDE (xTaskGetTickCount2 = 0x2101769a)
                [!provide]                        PROVIDE (xQueueGiveFromISR = 0x21015b0e)
                [!provide]                        PROVIDE (vTaskDelete = 0x210171b6)
                [!provide]                        PROVIDE (uxTaskGetStackHighWaterMark = 0x21018110)
                [!provide]                        PROVIDE (pcTaskGetName = 0x210176b6)
                [!provide]                        PROVIDE (vTaskStartScheduler = 0x21017610)
                [!provide]                        PROVIDE (vPortDefineHeapRegions = 0x210197da)
                0x0000000000000000                PROVIDE (__LD_CONFIG_EM_SEL = __EM_SIZE)
                [!provide]                        PROVIDE (_ld_symbol_rom_framework_audio_device_start = _rom_framework_audio_device_start)
                [!provide]                        PROVIDE (_ld_symbol_rom_framework_audio_device_end = _rom_framework_audio_device_end)
OUTPUT(/home/parag/bl_iot_sdk/customer_app/SWEMS/build_out/SWEMS.elf elf32-littleriscv)

.riscv.attributes
                0x0000000000000000       0x2b
 .riscv.attributes
                0x0000000000000000       0x29 /home/parag/bl_iot_sdk/customer_app/SWEMS/build_out/bl602/libbl602.a(start.o)
 .riscv.attributes
                0x0000000000000029       0x2b /home/parag/bl_iot_sdk/customer_app/SWEMS/build_out/hal_drv/libhal_drv.a(hal_boot2.o)
 .riscv.attributes
                0x0000000000000054       0x2b /home/parag/bl_iot_sdk/customer_app/SWEMS/build_out/SWEMS/libSWEMS.a(main.o)
 .riscv.attributes
                0x000000000000007f       0x2b /home/parag/bl_iot_sdk/customer_app/SWEMS/build_out/SWEMS/libSWEMS.a(buzzer.o)
 .riscv.attributes
                0x00000000000000aa       0x2b /home/parag/bl_iot_sdk/customer_app/SWEMS/build_out/freertos_riscv_ram/libfreertos_riscv_ram.a(tasks.o)
 .riscv.attributes
                0x00000000000000d5       0x2b /home/parag/bl_iot_sdk/customer_app/SWEMS/build_out/freertos_riscv_ram/libfreertos_riscv_ram.a(timers.o)
 .riscv.attributes
                0x0000000000000100       0x2b /home/parag/bl_iot_sdk/customer_app/SWEMS/build_out/freertos_riscv_ram/libfreertos_riscv_ram.a(port.o)
 .riscv.attributes
                0x000000000000012b       0x29 /home/parag/bl_iot_sdk/customer_app/SWEMS/build_out/freertos_riscv_ram/libfreertos_riscv_ram.a(portASM.o)
 .riscv.attributes
                0x0000000000000154       0x2b /home/parag/bl_iot_sdk/customer_app/SWEMS/build_out/freertos_riscv_ram/libfreertos_riscv_ram.a(heap_5.o)
 .riscv.attributes
                0x000000000000017f       0x2b /home/parag/bl_iot_sdk/customer_app/SWEMS/build_out/freertos_riscv_ram/libfreertos_riscv_ram.a(list.o)
 .riscv.attributes
                0x00000000000001aa       0x2b /home/parag/bl_iot_sdk/customer_app/SWEMS/build_out/freertos_riscv_ram/libfreertos_riscv_ram.a(queue.o)
 .riscv.attributes
                0x00000000000001d5       0x2b /home/parag/bl_iot_sdk/customer_app/SWEMS/build_out/hal_drv/libhal_drv.a(bl_irq.o)
 .riscv.attributes
                0x0000000000000200       0x2b /home/parag/bl_iot_sdk/customer_app/SWEMS/build_out/hal_drv/libhal_drv.a(bl_gpio.o)
 .riscv.attributes
                0x000000000000022b       0x2b /home/parag/bl_iot_sdk/customer_app/SWEMS/build_out/SWEMS/libSWEMS.a(freertos.o)
 .riscv.attributes
                0x0000000000000256       0x2b /home/parag/bl_iot_sdk/customer_app/SWEMS/build_out/bl602/libbl602.a(debug.o)
 .riscv.attributes
                0x0000000000000281       0x2b /home/parag/bl_iot_sdk/customer_app/SWEMS/build_out/bl602_std/libbl602_std.a(bl602_glb.o)
 .riscv.attributes
                0x00000000000002ac       0x2b /home/parag/bl_iot_sdk/customer_app/SWEMS/build_out/bl602_std/libbl602_std.a(bl602_hbn.o)
 .riscv.attributes
                0x00000000000002d7       0x2b /home/parag/bl_iot_sdk/customer_app/SWEMS/build_out/bl602_std/libbl602_std.a(bl602_romapi.o)
 .riscv.attributes
                0x0000000000000302       0x2b /home/parag/bl_iot_sdk/customer_app/SWEMS/build_out/bltime/libbltime.a(bl_sys_time.o)
 .riscv.attributes
                0x000000000000032d       0x2b /home/parag/bl_iot_sdk/customer_app/SWEMS/build_out/freertos_riscv_ram/libfreertos_riscv_ram.a(misaligned_ldst.o)
 .riscv.attributes
                0x0000000000000358       0x29 /home/parag/bl_iot_sdk/customer_app/SWEMS/build_out/freertos_riscv_ram/libfreertos_riscv_ram.a(fp_asm.o)
 .riscv.attributes
                0x0000000000000381       0x2b /home/parag/bl_iot_sdk/customer_app/SWEMS/build_out/freertos_riscv_ram/libfreertos_riscv_ram.a(panic_c.o)
 .riscv.attributes
                0x00000000000003ac       0x2b /home/parag/bl_iot_sdk/customer_app/SWEMS/build_out/hal_drv/libhal_drv.a(bl_uart.o)
 .riscv.attributes
                0x00000000000003d7       0x2b /home/parag/bl_iot_sdk/customer_app/SWEMS/build_out/hal_drv/libhal_drv.a(bl_sys.o)
 .riscv.attributes
                0x0000000000000402       0x2b /home/parag/bl_iot_sdk/customer_app/SWEMS/build_out/hal_drv/libhal_drv.a(bl_rtc.o)
 .riscv.attributes
                0x000000000000042d       0x2b /home/parag/bl_iot_sdk/customer_app/SWEMS/build_out/bl602_std/libbl602_std.a(bl602_uart.o)
 .riscv.attributes
                0x0000000000000458       0x26 /home/parag/bl_iot_sdk/toolchain/riscv/Linux/bin/../lib/gcc/riscv64-unknown-elf/8.3.0/../../../../riscv64-unknown-elf/lib/rv32imf/ilp32f/libm.a(lib_a-s_modf.o)
 .riscv.attributes
                0x000000000000047e       0x26 /home/parag/bl_iot_sdk/toolchain/riscv/Linux/bin/../lib/gcc/riscv64-unknown-elf/8.3.0/rv32imf/ilp32f/libgcc.a(_clzsi2.o)
 .riscv.attributes
                0x00000000000004a4       0x26 /home/parag/bl_iot_sdk/toolchain/riscv/Linux/bin/../lib/gcc/riscv64-unknown-elf/8.3.0/rv32imf/ilp32f/libgcc.a(_udivdi3.o)
 .riscv.attributes
                0x00000000000004ca       0x26 /home/parag/bl_iot_sdk/toolchain/riscv/Linux/bin/../lib/gcc/riscv64-unknown-elf/8.3.0/rv32imf/ilp32f/libgcc.a(_umoddi3.o)
 .riscv.attributes
                0x00000000000004f0       0x26 /home/parag/bl_iot_sdk/toolchain/riscv/Linux/bin/../lib/gcc/riscv64-unknown-elf/8.3.0/rv32imf/ilp32f/libgcc.a(adddf3.o)
 .riscv.attributes
                0x0000000000000516       0x26 /home/parag/bl_iot_sdk/toolchain/riscv/Linux/bin/../lib/gcc/riscv64-unknown-elf/8.3.0/rv32imf/ilp32f/libgcc.a(divdf3.o)
 .riscv.attributes
                0x000000000000053c       0x26 /home/parag/bl_iot_sdk/toolchain/riscv/Linux/bin/../lib/gcc/riscv64-unknown-elf/8.3.0/rv32imf/ilp32f/libgcc.a(eqdf2.o)
 .riscv.attributes
                0x0000000000000562       0x26 /home/parag/bl_iot_sdk/toolchain/riscv/Linux/bin/../lib/gcc/riscv64-unknown-elf/8.3.0/rv32imf/ilp32f/libgcc.a(gedf2.o)
 .riscv.attributes
                0x0000000000000588       0x26 /home/parag/bl_iot_sdk/toolchain/riscv/Linux/bin/../lib/gcc/riscv64-unknown-elf/8.3.0/rv32imf/ilp32f/libgcc.a(ledf2.o)
 .riscv.attributes
                0x00000000000005ae       0x26 /home/parag/bl_iot_sdk/toolchain/riscv/Linux/bin/../lib/gcc/riscv64-unknown-elf/8.3.0/rv32imf/ilp32f/libgcc.a(muldf3.o)
 .riscv.attributes
                0x00000000000005d4       0x26 /home/parag/bl_iot_sdk/toolchain/riscv/Linux/bin/../lib/gcc/riscv64-unknown-elf/8.3.0/rv32imf/ilp32f/libgcc.a(subdf3.o)
 .riscv.attributes
                0x00000000000005fa       0x26 /home/parag/bl_iot_sdk/toolchain/riscv/Linux/bin/../lib/gcc/riscv64-unknown-elf/8.3.0/rv32imf/ilp32f/libgcc.a(fixdfsi.o)
 .riscv.attributes
                0x0000000000000620       0x26 /home/parag/bl_iot_sdk/toolchain/riscv/Linux/bin/../lib/gcc/riscv64-unknown-elf/8.3.0/rv32imf/ilp32f/libgcc.a(_clz.o)
 .riscv.attributes
                0x0000000000000646       0x26 /home/parag/bl_iot_sdk/toolchain/riscv/Linux/bin/../lib/gcc/riscv64-unknown-elf/8.3.0/../../../../riscv64-unknown-elf/lib/rv32imf/ilp32f/libc.a(lib_a-memcpy.o)
 .riscv.attributes
                0x000000000000066c       0x24 /home/parag/bl_iot_sdk/toolchain/riscv/Linux/bin/../lib/gcc/riscv64-unknown-elf/8.3.0/../../../../riscv64-unknown-elf/lib/rv32imf/ilp32f/libc.a(lib_a-memset.o)
 .riscv.attributes
                0x0000000000000690       0x26 /home/parag/bl_iot_sdk/toolchain/riscv/Linux/bin/../lib/gcc/riscv64-unknown-elf/8.3.0/../../../../riscv64-unknown-elf/lib/rv32imf/ilp32f/libc.a(lib_a-strlen.o)
 .riscv.attributes
                0x00000000000006b6       0x26 /home/parag/bl_iot_sdk/toolchain/riscv/Linux/bin/../lib/gcc/riscv64-unknown-elf/8.3.0/../../../../riscv64-unknown-elf/lib/rv32imf/ilp32f/libc.a(lib_a-strnlen.o)

.comment        0x0000000000000000       0x28
 .comment       0x0000000000000000       0x28 /home/parag/bl_iot_sdk/customer_app/SWEMS/build_out/hal_drv/libhal_drv.a(hal_boot2.o)
                                         0x29 (size before relaxing)
 .comment       0x0000000000000028       0x29 /home/parag/bl_iot_sdk/customer_app/SWEMS/build_out/SWEMS/libSWEMS.a(main.o)
 .comment       0x0000000000000028       0x29 /home/parag/bl_iot_sdk/customer_app/SWEMS/build_out/SWEMS/libSWEMS.a(buzzer.o)
 .comment       0x0000000000000028       0x29 /home/parag/bl_iot_sdk/customer_app/SWEMS/build_out/freertos_riscv_ram/libfreertos_riscv_ram.a(tasks.o)
 .comment       0x0000000000000028       0x29 /home/parag/bl_iot_sdk/customer_app/SWEMS/build_out/freertos_riscv_ram/libfreertos_riscv_ram.a(timers.o)
 .comment       0x0000000000000028       0x29 /home/parag/bl_iot_sdk/customer_app/SWEMS/build_out/freertos_riscv_ram/libfreertos_riscv_ram.a(port.o)
 .comment       0x0000000000000028       0x29 /home/parag/bl_iot_sdk/customer_app/SWEMS/build_out/freertos_riscv_ram/libfreertos_riscv_ram.a(heap_5.o)
 .comment       0x0000000000000028       0x29 /home/parag/bl_iot_sdk/customer_app/SWEMS/build_out/freertos_riscv_ram/libfreertos_riscv_ram.a(list.o)
 .comment       0x0000000000000028       0x29 /home/parag/bl_iot_sdk/customer_app/SWEMS/build_out/freertos_riscv_ram/libfreertos_riscv_ram.a(queue.o)
 .comment       0x0000000000000028       0x29 /home/parag/bl_iot_sdk/customer_app/SWEMS/build_out/hal_drv/libhal_drv.a(bl_irq.o)
 .comment       0x0000000000000028       0x29 /home/parag/bl_iot_sdk/customer_app/SWEMS/build_out/hal_drv/libhal_drv.a(bl_gpio.o)
 .comment       0x0000000000000028       0x29 /home/parag/bl_iot_sdk/customer_app/SWEMS/build_out/SWEMS/libSWEMS.a(freertos.o)
 .comment       0x0000000000000028       0x29 /home/parag/bl_iot_sdk/customer_app/SWEMS/build_out/bl602/libbl602.a(debug.o)
 .comment       0x0000000000000028       0x29 /home/parag/bl_iot_sdk/customer_app/SWEMS/build_out/bl602_std/libbl602_std.a(bl602_glb.o)
 .comment       0x0000000000000028       0x29 /home/parag/bl_iot_sdk/customer_app/SWEMS/build_out/bl602_std/libbl602_std.a(bl602_hbn.o)
 .comment       0x0000000000000028       0x29 /home/parag/bl_iot_sdk/customer_app/SWEMS/build_out/bl602_std/libbl602_std.a(bl602_romapi.o)
 .comment       0x0000000000000028       0x29 /home/parag/bl_iot_sdk/customer_app/SWEMS/build_out/bltime/libbltime.a(bl_sys_time.o)
 .comment       0x0000000000000028       0x29 /home/parag/bl_iot_sdk/customer_app/SWEMS/build_out/freertos_riscv_ram/libfreertos_riscv_ram.a(misaligned_ldst.o)
 .comment       0x0000000000000028       0x29 /home/parag/bl_iot_sdk/customer_app/SWEMS/build_out/freertos_riscv_ram/libfreertos_riscv_ram.a(panic_c.o)
 .comment       0x0000000000000028       0x29 /home/parag/bl_iot_sdk/customer_app/SWEMS/build_out/hal_drv/libhal_drv.a(bl_uart.o)
 .comment       0x0000000000000028       0x29 /home/parag/bl_iot_sdk/customer_app/SWEMS/build_out/hal_drv/libhal_drv.a(bl_sys.o)
 .comment       0x0000000000000028       0x29 /home/parag/bl_iot_sdk/customer_app/SWEMS/build_out/hal_drv/libhal_drv.a(bl_rtc.o)
 .comment       0x0000000000000028       0x29 /home/parag/bl_iot_sdk/customer_app/SWEMS/build_out/bl602_std/libbl602_std.a(bl602_uart.o)
 .comment       0x0000000000000028       0x29 /home/parag/bl_iot_sdk/toolchain/riscv/Linux/bin/../lib/gcc/riscv64-unknown-elf/8.3.0/../../../../riscv64-unknown-elf/lib/rv32imf/ilp32f/libm.a(lib_a-s_modf.o)
 .comment       0x0000000000000028       0x29 /home/parag/bl_iot_sdk/toolchain/riscv/Linux/bin/../lib/gcc/riscv64-unknown-elf/8.3.0/rv32imf/ilp32f/libgcc.a(_clzsi2.o)
 .comment       0x0000000000000028       0x29 /home/parag/bl_iot_sdk/toolchain/riscv/Linux/bin/../lib/gcc/riscv64-unknown-elf/8.3.0/rv32imf/ilp32f/libgcc.a(_udivdi3.o)
 .comment       0x0000000000000028       0x29 /home/parag/bl_iot_sdk/toolchain/riscv/Linux/bin/../lib/gcc/riscv64-unknown-elf/8.3.0/rv32imf/ilp32f/libgcc.a(_umoddi3.o)
 .comment       0x0000000000000028       0x29 /home/parag/bl_iot_sdk/toolchain/riscv/Linux/bin/../lib/gcc/riscv64-unknown-elf/8.3.0/rv32imf/ilp32f/libgcc.a(adddf3.o)
 .comment       0x0000000000000028       0x29 /home/parag/bl_iot_sdk/toolchain/riscv/Linux/bin/../lib/gcc/riscv64-unknown-elf/8.3.0/rv32imf/ilp32f/libgcc.a(divdf3.o)
 .comment       0x0000000000000028       0x29 /home/parag/bl_iot_sdk/toolchain/riscv/Linux/bin/../lib/gcc/riscv64-unknown-elf/8.3.0/rv32imf/ilp32f/libgcc.a(eqdf2.o)
 .comment       0x0000000000000028       0x29 /home/parag/bl_iot_sdk/toolchain/riscv/Linux/bin/../lib/gcc/riscv64-unknown-elf/8.3.0/rv32imf/ilp32f/libgcc.a(gedf2.o)
 .comment       0x0000000000000028       0x29 /home/parag/bl_iot_sdk/toolchain/riscv/Linux/bin/../lib/gcc/riscv64-unknown-elf/8.3.0/rv32imf/ilp32f/libgcc.a(ledf2.o)
 .comment       0x0000000000000028       0x29 /home/parag/bl_iot_sdk/toolchain/riscv/Linux/bin/../lib/gcc/riscv64-unknown-elf/8.3.0/rv32imf/ilp32f/libgcc.a(muldf3.o)
 .comment       0x0000000000000028       0x29 /home/parag/bl_iot_sdk/toolchain/riscv/Linux/bin/../lib/gcc/riscv64-unknown-elf/8.3.0/rv32imf/ilp32f/libgcc.a(subdf3.o)
 .comment       0x0000000000000028       0x29 /home/parag/bl_iot_sdk/toolchain/riscv/Linux/bin/../lib/gcc/riscv64-unknown-elf/8.3.0/rv32imf/ilp32f/libgcc.a(fixdfsi.o)
 .comment       0x0000000000000028       0x29 /home/parag/bl_iot_sdk/toolchain/riscv/Linux/bin/../lib/gcc/riscv64-unknown-elf/8.3.0/rv32imf/ilp32f/libgcc.a(_clz.o)
 .comment       0x0000000000000028       0x29 /home/parag/bl_iot_sdk/toolchain/riscv/Linux/bin/../lib/gcc/riscv64-unknown-elf/8.3.0/../../../../riscv64-unknown-elf/lib/rv32imf/ilp32f/libc.a(lib_a-memcpy.o)
 .comment       0x0000000000000028       0x29 /home/parag/bl_iot_sdk/toolchain/riscv/Linux/bin/../lib/gcc/riscv64-unknown-elf/8.3.0/../../../../riscv64-unknown-elf/lib/rv32imf/ilp32f/libc.a(lib_a-strlen.o)
 .comment       0x0000000000000028       0x29 /home/parag/bl_iot_sdk/toolchain/riscv/Linux/bin/../lib/gcc/riscv64-unknown-elf/8.3.0/../../../../riscv64-unknown-elf/lib/rv32imf/ilp32f/libc.a(lib_a-strnlen.o)

.debug_line     0x0000000000000000    0x2409a
 .debug_line    0x0000000000000000      0x221 /home/parag/bl_iot_sdk/customer_app/SWEMS/build_out/bl602/libbl602.a(start.o)
 .debug_line    0x0000000000000221      0xd82 /home/parag/bl_iot_sdk/customer_app/SWEMS/build_out/hal_drv/libhal_drv.a(hal_boot2.o)
 .debug_line    0x0000000000000fa3      0x24f /home/parag/bl_iot_sdk/customer_app/SWEMS/build_out/SWEMS/libSWEMS.a(main.o)
 .debug_line    0x00000000000011f2      0x29b /home/parag/bl_iot_sdk/customer_app/SWEMS/build_out/SWEMS/libSWEMS.a(buzzer.o)
 .debug_line    0x000000000000148d     0x5eb1 /home/parag/bl_iot_sdk/customer_app/SWEMS/build_out/freertos_riscv_ram/libfreertos_riscv_ram.a(tasks.o)
 .debug_line    0x000000000000733e     0x16ed /home/parag/bl_iot_sdk/customer_app/SWEMS/build_out/freertos_riscv_ram/libfreertos_riscv_ram.a(timers.o)
 .debug_line    0x0000000000008a2b      0x30e /home/parag/bl_iot_sdk/customer_app/SWEMS/build_out/freertos_riscv_ram/libfreertos_riscv_ram.a(port.o)
 .debug_line    0x0000000000008d39      0x4d5 /home/parag/bl_iot_sdk/customer_app/SWEMS/build_out/freertos_riscv_ram/libfreertos_riscv_ram.a(portASM.o)
 .debug_line    0x000000000000920e      0xc69 /home/parag/bl_iot_sdk/customer_app/SWEMS/build_out/freertos_riscv_ram/libfreertos_riscv_ram.a(heap_5.o)
 .debug_line    0x0000000000009e77      0x5fc /home/parag/bl_iot_sdk/customer_app/SWEMS/build_out/freertos_riscv_ram/libfreertos_riscv_ram.a(list.o)
 .debug_line    0x000000000000a473     0x32cf /home/parag/bl_iot_sdk/customer_app/SWEMS/build_out/freertos_riscv_ram/libfreertos_riscv_ram.a(queue.o)
 .debug_line    0x000000000000d742      0x95e /home/parag/bl_iot_sdk/customer_app/SWEMS/build_out/hal_drv/libhal_drv.a(bl_irq.o)
 .debug_line    0x000000000000e0a0      0x797 /home/parag/bl_iot_sdk/customer_app/SWEMS/build_out/hal_drv/libhal_drv.a(bl_gpio.o)
 .debug_line    0x000000000000e837      0x433 /home/parag/bl_iot_sdk/customer_app/SWEMS/build_out/SWEMS/libSWEMS.a(freertos.o)
 .debug_line    0x000000000000ec6a     0x29de /home/parag/bl_iot_sdk/customer_app/SWEMS/build_out/bl602/libbl602.a(debug.o)
 .debug_line    0x0000000000011648     0x3a6c /home/parag/bl_iot_sdk/customer_app/SWEMS/build_out/bl602_std/libbl602_std.a(bl602_glb.o)
 .debug_line    0x00000000000150b4     0x223c /home/parag/bl_iot_sdk/customer_app/SWEMS/build_out/bl602_std/libbl602_std.a(bl602_hbn.o)
 .debug_line    0x00000000000172f0     0x197f /home/parag/bl_iot_sdk/customer_app/SWEMS/build_out/bl602_std/libbl602_std.a(bl602_romapi.o)
 .debug_line    0x0000000000018c6f      0x666 /home/parag/bl_iot_sdk/customer_app/SWEMS/build_out/bltime/libbltime.a(bl_sys_time.o)
 .debug_line    0x00000000000192d5      0xa2e /home/parag/bl_iot_sdk/customer_app/SWEMS/build_out/freertos_riscv_ram/libfreertos_riscv_ram.a(misaligned_ldst.o)
 .debug_line    0x0000000000019d03      0x1f9 /home/parag/bl_iot_sdk/customer_app/SWEMS/build_out/freertos_riscv_ram/libfreertos_riscv_ram.a(fp_asm.o)
 .debug_line    0x0000000000019efc      0x1d2 /home/parag/bl_iot_sdk/customer_app/SWEMS/build_out/freertos_riscv_ram/libfreertos_riscv_ram.a(panic_c.o)
 .debug_line    0x000000000001a0ce      0xee4 /home/parag/bl_iot_sdk/customer_app/SWEMS/build_out/hal_drv/libhal_drv.a(bl_uart.o)
 .debug_line    0x000000000001afb2      0x530 /home/parag/bl_iot_sdk/customer_app/SWEMS/build_out/hal_drv/libhal_drv.a(bl_sys.o)
 .debug_line    0x000000000001b4e2      0x368 /home/parag/bl_iot_sdk/customer_app/SWEMS/build_out/hal_drv/libhal_drv.a(bl_rtc.o)
 .debug_line    0x000000000001b84a     0x1915 /home/parag/bl_iot_sdk/customer_app/SWEMS/build_out/bl602_std/libbl602_std.a(bl602_uart.o)
 .debug_line    0x000000000001d15f      0x3ba /home/parag/bl_iot_sdk/toolchain/riscv/Linux/bin/../lib/gcc/riscv64-unknown-elf/8.3.0/rv32imf/ilp32f/libgcc.a(_clzsi2.o)
 .debug_line    0x000000000001d519      0x9fc /home/parag/bl_iot_sdk/toolchain/riscv/Linux/bin/../lib/gcc/riscv64-unknown-elf/8.3.0/rv32imf/ilp32f/libgcc.a(_udivdi3.o)
 .debug_line    0x000000000001df15      0xaac /home/parag/bl_iot_sdk/toolchain/riscv/Linux/bin/../lib/gcc/riscv64-unknown-elf/8.3.0/rv32imf/ilp32f/libgcc.a(_umoddi3.o)
 .debug_line    0x000000000001e9c1     0x141d /home/parag/bl_iot_sdk/toolchain/riscv/Linux/bin/../lib/gcc/riscv64-unknown-elf/8.3.0/rv32imf/ilp32f/libgcc.a(adddf3.o)
 .debug_line    0x000000000001fdde     0x10b7 /home/parag/bl_iot_sdk/toolchain/riscv/Linux/bin/../lib/gcc/riscv64-unknown-elf/8.3.0/rv32imf/ilp32f/libgcc.a(divdf3.o)
 .debug_line    0x0000000000020e95      0x2d6 /home/parag/bl_iot_sdk/toolchain/riscv/Linux/bin/../lib/gcc/riscv64-unknown-elf/8.3.0/rv32imf/ilp32f/libgcc.a(eqdf2.o)
 .debug_line    0x000000000002116b      0x30f /home/parag/bl_iot_sdk/toolchain/riscv/Linux/bin/../lib/gcc/riscv64-unknown-elf/8.3.0/rv32imf/ilp32f/libgcc.a(gedf2.o)
 .debug_line    0x000000000002147a      0x30f /home/parag/bl_iot_sdk/toolchain/riscv/Linux/bin/../lib/gcc/riscv64-unknown-elf/8.3.0/rv32imf/ilp32f/libgcc.a(ledf2.o)
 .debug_line    0x0000000000021789      0xe85 /home/parag/bl_iot_sdk/toolchain/riscv/Linux/bin/../lib/gcc/riscv64-unknown-elf/8.3.0/rv32imf/ilp32f/libgcc.a(muldf3.o)
 .debug_line    0x000000000002260e     0x1477 /home/parag/bl_iot_sdk/toolchain/riscv/Linux/bin/../lib/gcc/riscv64-unknown-elf/8.3.0/rv32imf/ilp32f/libgcc.a(subdf3.o)
 .debug_line    0x0000000000023a85      0x2dd /home/parag/bl_iot_sdk/toolchain/riscv/Linux/bin/../lib/gcc/riscv64-unknown-elf/8.3.0/rv32imf/ilp32f/libgcc.a(fixdfsi.o)
 .debug_line    0x0000000000023d62      0x338 /home/parag/bl_iot_sdk/toolchain/riscv/Linux/bin/../lib/gcc/riscv64-unknown-elf/8.3.0/rv32imf/ilp32f/libgcc.a(_clz.o)

.debug_info     0x0000000000000000    0x26d98
 .debug_info    0x0000000000000000       0x26 /home/parag/bl_iot_sdk/customer_app/SWEMS/build_out/bl602/libbl602.a(start.o)
 .debug_info    0x0000000000000026     0x14ed /home/parag/bl_iot_sdk/customer_app/SWEMS/build_out/hal_drv/libhal_drv.a(hal_boot2.o)
 .debug_info    0x0000000000001513      0xb44 /home/parag/bl_iot_sdk/customer_app/SWEMS/build_out/SWEMS/libSWEMS.a(main.o)
 .debug_info    0x0000000000002057      0xa08 /home/parag/bl_iot_sdk/customer_app/SWEMS/build_out/SWEMS/libSWEMS.a(buzzer.o)
 .debug_info    0x0000000000002a5f     0x3c7d /home/parag/bl_iot_sdk/customer_app/SWEMS/build_out/freertos_riscv_ram/libfreertos_riscv_ram.a(tasks.o)
 .debug_info    0x00000000000066dc     0x21b2 /home/parag/bl_iot_sdk/customer_app/SWEMS/build_out/freertos_riscv_ram/libfreertos_riscv_ram.a(timers.o)
 .debug_info    0x000000000000888e      0x292 /home/parag/bl_iot_sdk/customer_app/SWEMS/build_out/freertos_riscv_ram/libfreertos_riscv_ram.a(port.o)
 .debug_info    0x0000000000008b20       0x26 /home/parag/bl_iot_sdk/customer_app/SWEMS/build_out/freertos_riscv_ram/libfreertos_riscv_ram.a(portASM.o)
 .debug_info    0x0000000000008b46      0xd91 /home/parag/bl_iot_sdk/customer_app/SWEMS/build_out/freertos_riscv_ram/libfreertos_riscv_ram.a(heap_5.o)
 .debug_info    0x00000000000098d7      0xb7f /home/parag/bl_iot_sdk/customer_app/SWEMS/build_out/freertos_riscv_ram/libfreertos_riscv_ram.a(list.o)
 .debug_info    0x000000000000a456     0x2a58 /home/parag/bl_iot_sdk/customer_app/SWEMS/build_out/freertos_riscv_ram/libfreertos_riscv_ram.a(queue.o)
 .debug_info    0x000000000000ceae      0xef7 /home/parag/bl_iot_sdk/customer_app/SWEMS/build_out/hal_drv/libhal_drv.a(bl_irq.o)
 .debug_info    0x000000000000dda5     0x11f9 /home/parag/bl_iot_sdk/customer_app/SWEMS/build_out/hal_drv/libhal_drv.a(bl_gpio.o)
 .debug_info    0x000000000000ef9e      0xcbf /home/parag/bl_iot_sdk/customer_app/SWEMS/build_out/SWEMS/libSWEMS.a(freertos.o)
 .debug_info    0x000000000000fc5d     0x183d /home/parag/bl_iot_sdk/customer_app/SWEMS/build_out/bl602/libbl602.a(debug.o)
 .debug_info    0x000000000001149a     0x29ed /home/parag/bl_iot_sdk/customer_app/SWEMS/build_out/bl602_std/libbl602_std.a(bl602_glb.o)
 .debug_info    0x0000000000013e87     0x2302 /home/parag/bl_iot_sdk/customer_app/SWEMS/build_out/bl602_std/libbl602_std.a(bl602_hbn.o)
 .debug_info    0x0000000000016189     0x452e /home/parag/bl_iot_sdk/customer_app/SWEMS/build_out/bl602_std/libbl602_std.a(bl602_romapi.o)
 .debug_info    0x000000000001a6b7      0xc0b /home/parag/bl_iot_sdk/customer_app/SWEMS/build_out/bltime/libbltime.a(bl_sys_time.o)
 .debug_info    0x000000000001b2c2      0x752 /home/parag/bl_iot_sdk/customer_app/SWEMS/build_out/freertos_riscv_ram/libfreertos_riscv_ram.a(misaligned_ldst.o)
 .debug_info    0x000000000001ba14       0x26 /home/parag/bl_iot_sdk/customer_app/SWEMS/build_out/freertos_riscv_ram/libfreertos_riscv_ram.a(fp_asm.o)
 .debug_info    0x000000000001ba3a      0x97c /home/parag/bl_iot_sdk/customer_app/SWEMS/build_out/freertos_riscv_ram/libfreertos_riscv_ram.a(panic_c.o)
 .debug_info    0x000000000001c3b6     0x198e /home/parag/bl_iot_sdk/customer_app/SWEMS/build_out/hal_drv/libhal_drv.a(bl_uart.o)
 .debug_info    0x000000000001dd44      0xbce /home/parag/bl_iot_sdk/customer_app/SWEMS/build_out/hal_drv/libhal_drv.a(bl_sys.o)
 .debug_info    0x000000000001e912      0xa76 /home/parag/bl_iot_sdk/customer_app/SWEMS/build_out/hal_drv/libhal_drv.a(bl_rtc.o)
 .debug_info    0x000000000001f388     0x1929 /home/parag/bl_iot_sdk/customer_app/SWEMS/build_out/bl602_std/libbl602_std.a(bl602_uart.o)
 .debug_info    0x0000000000020cb1      0xbd7 /home/parag/bl_iot_sdk/toolchain/riscv/Linux/bin/../lib/gcc/riscv64-unknown-elf/8.3.0/rv32imf/ilp32f/libgcc.a(_clzsi2.o)
 .debug_info    0x0000000000021888     0x1245 /home/parag/bl_iot_sdk/toolchain/riscv/Linux/bin/../lib/gcc/riscv64-unknown-elf/8.3.0/rv32imf/ilp32f/libgcc.a(_udivdi3.o)
 .debug_info    0x0000000000022acd     0x12a3 /home/parag/bl_iot_sdk/toolchain/riscv/Linux/bin/../lib/gcc/riscv64-unknown-elf/8.3.0/rv32imf/ilp32f/libgcc.a(_umoddi3.o)
 .debug_info    0x0000000000023d70      0x5f2 /home/parag/bl_iot_sdk/toolchain/riscv/Linux/bin/../lib/gcc/riscv64-unknown-elf/8.3.0/rv32imf/ilp32f/libgcc.a(adddf3.o)
 .debug_info    0x0000000000024362      0x773 /home/parag/bl_iot_sdk/toolchain/riscv/Linux/bin/../lib/gcc/riscv64-unknown-elf/8.3.0/rv32imf/ilp32f/libgcc.a(divdf3.o)
 .debug_info    0x0000000000024ad5      0x29e /home/parag/bl_iot_sdk/toolchain/riscv/Linux/bin/../lib/gcc/riscv64-unknown-elf/8.3.0/rv32imf/ilp32f/libgcc.a(eqdf2.o)
 .debug_info    0x0000000000024d73      0x285 /home/parag/bl_iot_sdk/toolchain/riscv/Linux/bin/../lib/gcc/riscv64-unknown-elf/8.3.0/rv32imf/ilp32f/libgcc.a(gedf2.o)
 .debug_info    0x0000000000024ff8      0x285 /home/parag/bl_iot_sdk/toolchain/riscv/Linux/bin/../lib/gcc/riscv64-unknown-elf/8.3.0/rv32imf/ilp32f/libgcc.a(ledf2.o)
 .debug_info    0x000000000002527d      0x7ab /home/parag/bl_iot_sdk/toolchain/riscv/Linux/bin/../lib/gcc/riscv64-unknown-elf/8.3.0/rv32imf/ilp32f/libgcc.a(muldf3.o)
 .debug_info    0x0000000000025a28      0x5ec /home/parag/bl_iot_sdk/toolchain/riscv/Linux/bin/../lib/gcc/riscv64-unknown-elf/8.3.0/rv32imf/ilp32f/libgcc.a(subdf3.o)
 .debug_info    0x0000000000026014      0x21a /home/parag/bl_iot_sdk/toolchain/riscv/Linux/bin/../lib/gcc/riscv64-unknown-elf/8.3.0/rv32imf/ilp32f/libgcc.a(fixdfsi.o)
 .debug_info    0x000000000002622e      0xb6a /home/parag/bl_iot_sdk/toolchain/riscv/Linux/bin/../lib/gcc/riscv64-unknown-elf/8.3.0/rv32imf/ilp32f/libgcc.a(_clz.o)

.debug_abbrev   0x0000000000000000     0x614e
 .debug_abbrev  0x0000000000000000       0x14 /home/parag/bl_iot_sdk/customer_app/SWEMS/build_out/bl602/libbl602.a(start.o)
 .debug_abbrev  0x0000000000000014      0x3bb /home/parag/bl_iot_sdk/customer_app/SWEMS/build_out/hal_drv/libhal_drv.a(hal_boot2.o)
 .debug_abbrev  0x00000000000003cf      0x21c /home/parag/bl_iot_sdk/customer_app/SWEMS/build_out/SWEMS/libSWEMS.a(main.o)
 .debug_abbrev  0x00000000000005eb      0x22c /home/parag/bl_iot_sdk/customer_app/SWEMS/build_out/SWEMS/libSWEMS.a(buzzer.o)
 .debug_abbrev  0x0000000000000817      0x592 /home/parag/bl_iot_sdk/customer_app/SWEMS/build_out/freertos_riscv_ram/libfreertos_riscv_ram.a(tasks.o)
 .debug_abbrev  0x0000000000000da9      0x3f8 /home/parag/bl_iot_sdk/customer_app/SWEMS/build_out/freertos_riscv_ram/libfreertos_riscv_ram.a(timers.o)
 .debug_abbrev  0x00000000000011a1      0x154 /home/parag/bl_iot_sdk/customer_app/SWEMS/build_out/freertos_riscv_ram/libfreertos_riscv_ram.a(port.o)
 .debug_abbrev  0x00000000000012f5       0x14 /home/parag/bl_iot_sdk/customer_app/SWEMS/build_out/freertos_riscv_ram/libfreertos_riscv_ram.a(portASM.o)
 .debug_abbrev  0x0000000000001309      0x34c /home/parag/bl_iot_sdk/customer_app/SWEMS/build_out/freertos_riscv_ram/libfreertos_riscv_ram.a(heap_5.o)
 .debug_abbrev  0x0000000000001655      0x254 /home/parag/bl_iot_sdk/customer_app/SWEMS/build_out/freertos_riscv_ram/libfreertos_riscv_ram.a(list.o)
 .debug_abbrev  0x00000000000018a9      0x464 /home/parag/bl_iot_sdk/customer_app/SWEMS/build_out/freertos_riscv_ram/libfreertos_riscv_ram.a(queue.o)
 .debug_abbrev  0x0000000000001d0d      0x40c /home/parag/bl_iot_sdk/customer_app/SWEMS/build_out/hal_drv/libhal_drv.a(bl_irq.o)
 .debug_abbrev  0x0000000000002119      0x3bd /home/parag/bl_iot_sdk/customer_app/SWEMS/build_out/hal_drv/libhal_drv.a(bl_gpio.o)
 .debug_abbrev  0x00000000000024d6      0x283 /home/parag/bl_iot_sdk/customer_app/SWEMS/build_out/SWEMS/libSWEMS.a(freertos.o)
 .debug_abbrev  0x0000000000002759      0x4e5 /home/parag/bl_iot_sdk/customer_app/SWEMS/build_out/bl602/libbl602.a(debug.o)
 .debug_abbrev  0x0000000000002c3e      0x3d2 /home/parag/bl_iot_sdk/customer_app/SWEMS/build_out/bl602_std/libbl602_std.a(bl602_glb.o)
 .debug_abbrev  0x0000000000003010      0x37e /home/parag/bl_iot_sdk/customer_app/SWEMS/build_out/bl602_std/libbl602_std.a(bl602_hbn.o)
 .debug_abbrev  0x000000000000338e      0x396 /home/parag/bl_iot_sdk/customer_app/SWEMS/build_out/bl602_std/libbl602_std.a(bl602_romapi.o)
 .debug_abbrev  0x0000000000003724      0x2eb /home/parag/bl_iot_sdk/customer_app/SWEMS/build_out/bltime/libbltime.a(bl_sys_time.o)
 .debug_abbrev  0x0000000000003a0f      0x222 /home/parag/bl_iot_sdk/customer_app/SWEMS/build_out/freertos_riscv_ram/libfreertos_riscv_ram.a(misaligned_ldst.o)
 .debug_abbrev  0x0000000000003c31       0x14 /home/parag/bl_iot_sdk/customer_app/SWEMS/build_out/freertos_riscv_ram/libfreertos_riscv_ram.a(fp_asm.o)
 .debug_abbrev  0x0000000000003c45      0x1e7 /home/parag/bl_iot_sdk/customer_app/SWEMS/build_out/freertos_riscv_ram/libfreertos_riscv_ram.a(panic_c.o)
 .debug_abbrev  0x0000000000003e2c      0x431 /home/parag/bl_iot_sdk/customer_app/SWEMS/build_out/hal_drv/libhal_drv.a(bl_uart.o)
 .debug_abbrev  0x000000000000425d      0x31e /home/parag/bl_iot_sdk/customer_app/SWEMS/build_out/hal_drv/libhal_drv.a(bl_sys.o)
 .debug_abbrev  0x000000000000457b      0x282 /home/parag/bl_iot_sdk/customer_app/SWEMS/build_out/hal_drv/libhal_drv.a(bl_rtc.o)
 .debug_abbrev  0x00000000000047fd      0x2f4 /home/parag/bl_iot_sdk/customer_app/SWEMS/build_out/bl602_std/libbl602_std.a(bl602_uart.o)
 .debug_abbrev  0x0000000000004af1      0x242 /home/parag/bl_iot_sdk/toolchain/riscv/Linux/bin/../lib/gcc/riscv64-unknown-elf/8.3.0/rv32imf/ilp32f/libgcc.a(_clzsi2.o)
 .debug_abbrev  0x0000000000004d33      0x2cc /home/parag/bl_iot_sdk/toolchain/riscv/Linux/bin/../lib/gcc/riscv64-unknown-elf/8.3.0/rv32imf/ilp32f/libgcc.a(_udivdi3.o)
 .debug_abbrev  0x0000000000004fff      0x2e8 /home/parag/bl_iot_sdk/toolchain/riscv/Linux/bin/../lib/gcc/riscv64-unknown-elf/8.3.0/rv32imf/ilp32f/libgcc.a(_umoddi3.o)
 .debug_abbrev  0x00000000000052e7      0x19a /home/parag/bl_iot_sdk/toolchain/riscv/Linux/bin/../lib/gcc/riscv64-unknown-elf/8.3.0/rv32imf/ilp32f/libgcc.a(adddf3.o)
 .debug_abbrev  0x0000000000005481      0x17f /home/parag/bl_iot_sdk/toolchain/riscv/Linux/bin/../lib/gcc/riscv64-unknown-elf/8.3.0/rv32imf/ilp32f/libgcc.a(divdf3.o)
 .debug_abbrev  0x0000000000005600      0x1a4 /home/parag/bl_iot_sdk/toolchain/riscv/Linux/bin/../lib/gcc/riscv64-unknown-elf/8.3.0/rv32imf/ilp32f/libgcc.a(eqdf2.o)
 .debug_abbrev  0x00000000000057a4      0x199 /home/parag/bl_iot_sdk/toolchain/riscv/Linux/bin/../lib/gcc/riscv64-unknown-elf/8.3.0/rv32imf/ilp32f/libgcc.a(gedf2.o)
 .debug_abbrev  0x000000000000593d      0x199 /home/parag/bl_iot_sdk/toolchain/riscv/Linux/bin/../lib/gcc/riscv64-unknown-elf/8.3.0/rv32imf/ilp32f/libgcc.a(ledf2.o)
 .debug_abbrev  0x0000000000005ad6      0x186 /home/parag/bl_iot_sdk/toolchain/riscv/Linux/bin/../lib/gcc/riscv64-unknown-elf/8.3.0/rv32imf/ilp32f/libgcc.a(muldf3.o)
 .debug_abbrev  0x0000000000005c5c      0x189 /home/parag/bl_iot_sdk/toolchain/riscv/Linux/bin/../lib/gcc/riscv64-unknown-elf/8.3.0/rv32imf/ilp32f/libgcc.a(subdf3.o)
 .debug_abbrev  0x0000000000005de5      0x181 /home/parag/bl_iot_sdk/toolchain/riscv/Linux/bin/../lib/gcc/riscv64-unknown-elf/8.3.0/rv32imf/ilp32f/libgcc.a(fixdfsi.o)
 .debug_abbrev  0x0000000000005f66      0x1e8 /home/parag/bl_iot_sdk/toolchain/riscv/Linux/bin/../lib/gcc/riscv64-unknown-elf/8.3.0/rv32imf/ilp32f/libgcc.a(_clz.o)

.debug_aranges  0x0000000000000000     0x15b8
 .debug_aranges