Archive member included to satisfy reference by file (symbol)

/home/parag/bl_iot_sdk/customer_app/SWEMS/build_out/bl602/libbl602.a(start.o)
                              (bl602_start)
/home/parag/bl_iot_sdk/customer_app/SWEMS/build_out/hal_drv/libhal_drv.a(hal_boot2.o)
                              /home/parag/bl_iot_sdk/customer_app/SWEMS/build_out/bl602/libbl602.a(start.o) (hal_boot2_get_flash_addr)
/home/parag/bl_iot_sdk/customer_app/SWEMS/build_out/hal_drv/libhal_drv.a(bl_boot2.o)
                              /home/parag/bl_iot_sdk/customer_app/SWEMS/build_out/hal_drv/libhal_drv.a(hal_boot2.o) (PtTable_Update_Entry)
/home/parag/bl_iot_sdk/customer_app/SWEMS/build_out/hal_drv/libhal_drv.a(bl_flash.o)
                              /home/parag/bl_iot_sdk/customer_app/SWEMS/build_out/hal_drv/libhal_drv.a(bl_boot2.o) (bl_flash_erase)
/home/parag/bl_iot_sdk/customer_app/SWEMS/build_out/SWEMS/libSWEMS.a(main.o)
                              /home/parag/bl_iot_sdk/customer_app/SWEMS/build_out/bl602/libbl602.a(start.o) (bfl_main)
/home/parag/bl_iot_sdk/customer_app/SWEMS/build_out/bl602/libbl602.a(debug.o)
                              /home/parag/bl_iot_sdk/customer_app/SWEMS/build_out/SWEMS/libSWEMS.a(main.o) (printf)
/home/parag/bl_iot_sdk/customer_app/SWEMS/build_out/bl602_std/libbl602_std.a(softcrc.o)
                              /home/parag/bl_iot_sdk/customer_app/SWEMS/build_out/hal_drv/libhal_drv.a(bl_boot2.o) (BFLB_Soft_CRC32)
/home/parag/bl_iot_sdk/customer_app/SWEMS/build_out/freertos_riscv_ram/libfreertos_riscv_ram.a(tasks.o)
                              /home/parag/bl_iot_sdk/customer_app/SWEMS/build_out/SWEMS/libSWEMS.a(main.o) (xTaskCreateStatic)
/home/parag/bl_iot_sdk/customer_app/SWEMS/build_out/freertos_riscv_ram/libfreertos_riscv_ram.a(timers.o)
                              /home/parag/bl_iot_sdk/customer_app/SWEMS/build_out/freertos_riscv_ram/libfreertos_riscv_ram.a(tasks.o) (xTimerCreateTimerTask)
/home/parag/bl_iot_sdk/customer_app/SWEMS/build_out/freertos_riscv_ram/libfreertos_riscv_ram.a(port.o)
                              /home/parag/bl_iot_sdk/customer_app/SWEMS/build_out/freertos_riscv_ram/libfreertos_riscv_ram.a(tasks.o) (xPortStartScheduler)
/home/parag/bl_iot_sdk/customer_app/SWEMS/build_out/freertos_riscv_ram/libfreertos_riscv_ram.a(portASM.o)
                              /home/parag/bl_iot_sdk/customer_app/SWEMS/build_out/freertos_riscv_ram/libfreertos_riscv_ram.a(port.o) (xPortStartFirstTask)
/home/parag/bl_iot_sdk/customer_app/SWEMS/build_out/freertos_riscv_ram/libfreertos_riscv_ram.a(heap_5.o)
                              /home/parag/bl_iot_sdk/customer_app/SWEMS/build_out/freertos_riscv_ram/libfreertos_riscv_ram.a(tasks.o) (pvPortMalloc)
/home/parag/bl_iot_sdk/customer_app/SWEMS/build_out/freertos_riscv_ram/libfreertos_riscv_ram.a(list.o)
                              /home/parag/bl_iot_sdk/customer_app/SWEMS/build_out/freertos_riscv_ram/libfreertos_riscv_ram.a(tasks.o) (vListInitialise)
/home/parag/bl_iot_sdk/customer_app/SWEMS/build_out/freertos_riscv_ram/libfreertos_riscv_ram.a(queue.o)
                              /home/parag/bl_iot_sdk/customer_app/SWEMS/build_out/freertos_riscv_ram/libfreertos_riscv_ram.a(timers.o) (xQueueGenericCreateStatic)
/home/parag/bl_iot_sdk/customer_app/SWEMS/build_out/hal_drv/libhal_drv.a(bl_uart.o)
                              /home/parag/bl_iot_sdk/customer_app/SWEMS/build_out/SWEMS/libSWEMS.a(main.o) (bl_uart_init)
/home/parag/bl_iot_sdk/customer_app/SWEMS/build_out/hal_drv/libhal_drv.a(bl_sys.o)
                              /home/parag/bl_iot_sdk/customer_app/SWEMS/build_out/bl602/libbl602.a(debug.o) (sys_log_all_enable)
/home/parag/bl_iot_sdk/customer_app/SWEMS/build_out/hal_drv/libhal_drv.a(bl_dma.o)
                              /home/parag/bl_iot_sdk/customer_app/SWEMS/build_out/SWEMS/libSWEMS.a(main.o) (bl_dma_find_ctx_by_channel)
/home/parag/bl_iot_sdk/customer_app/SWEMS/build_out/hal_drv/libhal_drv.a(bl_irq.o)
                              /home/parag/bl_iot_sdk/customer_app/SWEMS/build_out/hal_drv/libhal_drv.a(bl_uart.o) (bl_irq_enable)
/home/parag/bl_iot_sdk/customer_app/SWEMS/build_out/hal_drv/libhal_drv.a(bl_timer.o)
                              /home/parag/bl_iot_sdk/customer_app/SWEMS/build_out/SWEMS/libSWEMS.a(main.o) (bl_timer_delay_us)
/home/parag/bl_iot_sdk/customer_app/SWEMS/build_out/hal_drv/libhal_drv.a(bl_gpio.o)
                              /home/parag/bl_iot_sdk/customer_app/SWEMS/build_out/SWEMS/libSWEMS.a(main.o) (bl_gpio_enable_output)
/home/parag/bl_iot_sdk/customer_app/SWEMS/build_out/hal_drv/libhal_drv.a(bl_adc.o)
                              /home/parag/bl_iot_sdk/customer_app/SWEMS/build_out/SWEMS/libSWEMS.a(main.o) (bl_adc_freq_init)
/home/parag/bl_iot_sdk/customer_app/SWEMS/build_out/utils/libutils.a(utils_log.o)
                              /home/parag/bl_iot_sdk/customer_app/SWEMS/build_out/hal_drv/libhal_drv.a(bl_adc.o) (bl_printk)
[...]
Memory Configuration

Name             Origin             Length             Attributes
rom              0x0000000021015000 0x000000000000b000 axrl !w
flash            0x0000000023000000 0x0000000000400000 axrl !w
ram_tcm          0x000000004200c000 0x0000000000036000 axw
ram_wifi         0x0000000042042000 0x000000000000a000 axw
*default*        0x0000000000000000 0xffffffffffffffff

Linker script and memory map

START GROUP
LOAD /home/parag/bl_iot_sdk/customer_app/SWEMS/build_out/SWEMS/libSWEMS.a
LOAD /home/parag/bl_iot_sdk/customer_app/SWEMS/build_out/bl602/libbl602.a
LOAD /home/parag/bl_iot_sdk/customer_app/SWEMS/build_out/bl602_std/libbl602_std.a
LOAD /home/parag/bl_iot_sdk/customer_app/SWEMS/build_out/blfdt/libblfdt.a
LOAD /home/parag/bl_iot_sdk/customer_app/SWEMS/build_out/blmtd/libblmtd.a
LOAD /home/parag/bl_iot_sdk/customer_app/SWEMS/build_out/blog/libblog.a
LOAD /home/parag/bl_iot_sdk/customer_app/SWEMS/build_out/blog_testc/libblog_testc.a
LOAD /home/parag/bl_iot_sdk/customer_app/SWEMS/build_out/bloop/libbloop.a
LOAD /home/parag/bl_iot_sdk/customer_app/SWEMS/build_out/bltime/libbltime.a
LOAD /home/parag/bl_iot_sdk/customer_app/SWEMS/build_out/cli/libcli.a
LOAD /home/parag/bl_iot_sdk/customer_app/SWEMS/build_out/freertos_riscv_ram/libfreertos_riscv_ram.a
LOAD /home/parag/bl_iot_sdk/customer_app/SWEMS/build_out/hal_drv/libhal_drv.a
LOAD /home/parag/bl_iot_sdk/customer_app/SWEMS/build_out/looprt/liblooprt.a
LOAD /home/parag/bl_iot_sdk/customer_app/SWEMS/build_out/loopset/libloopset.a
LOAD /home/parag/bl_iot_sdk/customer_app/SWEMS/build_out/romfs/libromfs.a
LOAD /home/parag/bl_iot_sdk/customer_app/SWEMS/build_out/utils/libutils.a
LOAD /home/parag/bl_iot_sdk/customer_app/SWEMS/build_out/vfs/libvfs.a
LOAD /home/parag/bl_iot_sdk/customer_app/SWEMS/build_out/yloop/libyloop.a
END GROUP
LOAD /home/parag/bl_iot_sdk/toolchain/riscv/Linux/bin/../lib/gcc/riscv64-unknown-elf/8.3.0/../../../../riscv64-unknown-elf/lib/rv32imf/ilp32f/libm.a
LOAD /home/parag/bl_iot_sdk/toolchain/riscv/Linux/bin/../lib/gcc/riscv64-unknown-elf/8.3.0/rv32imf/ilp32f/libgcc.a
START GROUP
LOAD /home/parag/bl_iot_sdk/toolchain/riscv/Linux/bin/../lib/gcc/riscv64-unknown-elf/8.3.0/../../../../riscv64-unknown-elf/lib/rv32imf/ilp32f/libc.a
LOAD /home/parag/bl_iot_sdk/toolchain/riscv/Linux/bin/../lib/gcc/riscv64-unknown-elf/8.3.0/../../../../riscv64-unknown-elf/lib/rv32imf/ilp32f/libgloss.a
END GROUP
LOAD /home/parag/bl_iot_sdk/toolchain/riscv/Linux/bin/../lib/gcc/riscv64-unknown-elf/8.3.0/rv32imf/ilp32f/libgcc.a
                0x0000000000000000                __EM_SIZE = DEFINED (ble_controller_init)?0x2000:0x0
                0x0000000000000800                __stack_size = DEFINED (__stack_size)?__stack_size:0x800
                0x0000000042049c00                BOOT2_PT_ADDR = 0x42049c00
                0x0000000042049c18                BOOT2_FLASHCFG_ADDR = 0x42049c18

.init           0x0000000023000000      0x282
 *(SORT_NONE(.init))
 .init          0x0000000023000000      0x134 /home/parag/bl_iot_sdk/customer_app/SWEMS/build_out/bl602/libbl602.a(start.o)
                0x0000000023000000                bl602_start
 *fill*         0x0000000023000134        0xc 
 .init          0x0000000023000140      0x142 /home/parag/bl_iot_sdk/customer_app/SWEMS/build_out/bl602_std/libbl602_std.a(interrupt.o)
                0x0000000023000140                __Vectors

.text           0x0000000023000300     0xaeb4
 *(.text.unlikely .text.unlikely.*)
 *(.text.startup .text.startup.*)
 *(.text .text.*)
 .text.hal_boot2_get_flash_addr
                0x0000000023000300       0x1c /home/parag/bl_iot_sdk/customer_app/SWEMS/build_out/hal_drv/libhal_drv.a(hal_boot2.o)
                0x0000000023000300                hal_boot2_get_flash_addr
 .text.task_buzzer
                0x000000002300031c       0x9c /home/parag/bl_iot_sdk/customer_app/SWEMS/build_out/SWEMS/libSWEMS.a(main.o)
                0x000000002300031c                task_buzzer
 .text.init_adc.part.0
                0x00000000230003b8       0x64 /home/parag/bl_iot_sdk/customer_app/SWEMS/build_out/SWEMS/libSWEMS.a(main.o)
 .text.read_adc
                0x000000002300041c       0x50 /home/parag/bl_iot_sdk/customer_app/SWEMS/build_out/SWEMS/libSWEMS.a(main.o)
                0x000000002300041c                read_adc
 .text.task_mq4
                0x000000002300046c      0x12a /home/parag/bl_iot_sdk/customer_app/SWEMS/build_out/SWEMS/libSWEMS.a(main.o)
                0x000000002300046c                task_mq4
 .text.initiateGPIO
                0x0000000023000596        0xa /home/parag/bl_iot_sdk/customer_app/SWEMS/build_out/SWEMS/libSWEMS.a(main.o)
                0x0000000023000596                initiateGPIO
 .text.sendStartSignal
                0x00000000230005a0       0x24 /home/parag/bl_iot_sdk/customer_app/SWEMS/build_out/SWEMS/libSWEMS.a(main.o)
                0x00000000230005a0                sendStartSignal
 .text.task_dht
                0x00000000230005c4      0x16e /home/parag/bl_iot_sdk/customer_app/SWEMS/build_out/SWEMS/libSWEMS.a(main.o)
                0x00000000230005c4                task_dht
 .text.bfl_main
                0x0000000023000732       0xb6 /home/parag/bl_iot_sdk/customer_app/SWEMS/build_out/SWEMS/libSWEMS.a(main.o)
                0x0000000023000732                bfl_main
 .text.format_int
                0x00000000230007e8      0x25a /home/parag/bl_iot_sdk/customer_app/SWEMS/build_out/bl602/libbl602.a(debug.o)
 .text.cvt      0x0000000023000a42      0x23a /home/parag/bl_iot_sdk/customer_app/SWEMS/build_out/bl602/libbl602.a(debug.o)
 .text.ecvtbuf  0x0000000023000c7c        0x4 /home/parag/bl_iot_sdk/customer_app/SWEMS/build_out/bl602/libbl602.a(debug.o)
                0x0000000023000c7c                ecvtbuf
 .text.fcvtbuf  0x0000000023000c80        0x4 /home/parag/bl_iot_sdk/customer_app/SWEMS/build_out/bl602/libbl602.a(debug.o)
                0x0000000023000c80                fcvtbuf
 .text.flt      0x0000000023000c84      0x436 /home/parag/bl_iot_sdk/customer_app/SWEMS/build_out/bl602/libbl602.a(debug.o)
 .text.vsnprintf
                0x00000000230010ba      0x4d2 /home/parag/bl_iot_sdk/customer_app/SWEMS/build_out/bl602/libbl602.a(debug.o)
                0x00000000230010ba                vsnprintf
 .text.vsprintf
                0x000000002300158c        0xa /home/parag/bl_iot_sdk/customer_app/SWEMS/build_out/bl602/libbl602.a(debug.o)
                0x000000002300158c                vsprintf
 .text.vprint   0x0000000023001596       0x44 /home/parag/bl_iot_sdk/customer_app/SWEMS/build_out/bl602/libbl602.a(debug.o)
                0x0000000023001596                vprint
 .text.puts     0x00000000230015da       0x3c /home/parag/bl_iot_sdk/customer_app/SWEMS/build_out/bl602/libbl602.a(debug.o)
                0x00000000230015da                puts
 .text.printf   0x0000000023001616       0x2e /home/parag/bl_iot_sdk/customer_app/SWEMS/build_out/bl602/libbl602.a(debug.o)
                0x0000000023001616                printf
 .text.prvResetNextTaskUnblockTime.part.0
                0x0000000023001644       0x18 /home/parag/bl_iot_sdk/customer_app/SWEMS/build_out/freertos_riscv_ram/libfreertos_riscv_ram.a(tasks.o)
 .text.prvInitialiseNewTask.isra.2
                0x000000002300165c       0xce /home/parag/bl_iot_sdk/customer_app/SWEMS/build_out/freertos_riscv_ram/libfreertos_riscv_ram.a(tasks.o)
 .text.prvDeleteTCB
                0x000000002300172a       0x36 /home/parag/bl_iot_sdk/customer_app/SWEMS/build_out/freertos_riscv_ram/libfreertos_riscv_ram.a(tasks.o)
 .text.prvAddCurrentTaskToDelayedList
                0x0000000023001760       0xc2 /home/parag/bl_iot_sdk/customer_app/SWEMS/build_out/freertos_riscv_ram/libfreertos_riscv_ram.a(tasks.o)
 .text.vTaskEnterCritical.part.7
                0x0000000023001822       0x14 /home/parag/bl_iot_sdk/customer_app/SWEMS/build_out/freertos_riscv_ram/libfreertos_riscv_ram.a(tasks.o)
 .text.vTaskExitCritical.part.8
                0x0000000023001836       0x1c /home/parag/bl_iot_sdk/customer_app/SWEMS/build_out/freertos_riscv_ram/libfreertos_riscv_ram.a(tasks.o)
 .text.prvAddNewTaskToReadyList
                0x0000000023001852      0x15c /home/parag/bl_iot_sdk/customer_app/SWEMS/build_out/freertos_riscv_ram/libfreertos_riscv_ram.a(tasks.o)
 .text.prvIdleTask
                0x00000000230019ae       0x9c /home/parag/bl_iot_sdk/customer_app/SWEMS/build_out/freertos_riscv_ram/libfreertos_riscv_ram.a(tasks.o)
 .text.xTaskCreateStatic
                0x0000000023001a4a       0x9c /home/parag/bl_iot_sdk/customer_app/SWEMS/build_out/freertos_riscv_ram/libfreertos_riscv_ram.a(tasks.o)
                0x0000000023001a4a                xTaskCreateStatic
 .text.vTaskStartScheduler
                0x0000000023001ae6       0x72 /home/parag/bl_iot_sdk/customer_app/SWEMS/build_out/freertos_riscv_ram/libfreertos_riscv_ram.a(tasks.o)
                0x0000000023001ae6                vTaskStartScheduler
 .text.vTaskSuspendAll
                0x0000000023001b58       0x10 /home/parag/bl_iot_sdk/customer_app/SWEMS/build_out/freertos_riscv_ram/libfreertos_riscv_ram.a(tasks.o)
                0x0000000023001b58                vTaskSuspendAll
 .text.xTaskGetTickCount
                0x0000000023001b68        0xa /home/parag/bl_iot_sdk/customer_app/SWEMS/build_out/freertos_riscv_ram/libfreertos_riscv_ram.a(tasks.o)
                0x0000000023001b68                xTaskGetTickCount
 .text.xTaskIncrementTick
                0x0000000023001b72      0x1a0 /home/parag/bl_iot_sdk/customer_app/SWEMS/build_out/freertos_riscv_ram/libfreertos_riscv_ram.a(tasks.o)
                0x0000000023001b72                xTaskIncrementTick
 .text.xTaskResumeAll
                0x0000000023001d12      0x150 /home/parag/bl_iot_sdk/customer_app/SWEMS/build_out/freertos_riscv_ram/libfreertos_riscv_ram.a(tasks.o)
                0x0000000023001d12                xTaskResumeAll
 .text.vTaskDelay
                0x0000000023001e62       0x40 /home/parag/bl_iot_sdk/customer_app/SWEMS/build_out/freertos_riscv_ram/libfreertos_riscv_ram.a(tasks.o)
                0x0000000023001e62                vTaskDelay
 .text.vTaskSwitchContext
                0x0000000023001ea2       0xca /home/parag/bl_iot_sdk/customer_app/SWEMS/build_out/freertos_riscv_ram/libfreertos_riscv_ram.a(tasks.o)
                0x0000000023001ea2                vTaskSwitchContext
 .text.vTaskPlaceOnEventList
                0x0000000023001f6c       0x30 /home/parag/bl_iot_sdk/customer_app/SWEMS/build_out/freertos_riscv_ram/libfreertos_riscv_ram.a(tasks.o)
                0x0000000023001f6c                vTaskPlaceOnEventList
 .text.vTaskPlaceOnEventListRestricted
                0x0000000023001f9c       0x3a /home/parag/bl_iot_sdk/customer_app/SWEMS/build_out/freertos_riscv_ram/libfreertos_riscv_ram.a(tasks.o)
                0x0000000023001f9c                vTaskPlaceOnEventListRestricted
 .text.xTaskRemoveFromEventList
                0x0000000023001fd6       0x98 /home/parag/bl_iot_sdk/customer_app/SWEMS/build_out/freertos_riscv_ram/libfreertos_riscv_ram.a(tasks.o)
                0x0000000023001fd6                xTaskRemoveFromEventList
 .text.vTaskInternalSetTimeOutState
                0x000000002300206e       0x16 /home/parag/bl_iot_sdk/customer_app/SWEMS/build_out/freertos_riscv_ram/libfreertos_riscv_ram.a(tasks.o)
                0x000000002300206e                vTaskInternalSetTimeOutState
 .text.xTaskCheckForTimeOut
                0x0000000023002084       0xb2 /home/parag/bl_iot_sdk/customer_app/SWEMS/build_out/freertos_riscv_ram/libfreertos_riscv_ram.a(tasks.o)
                0x0000000023002084                xTaskCheckForTimeOut
 .text.vTaskMissedYield
                0x0000000023002136        0xc /home/parag/bl_iot_sdk/customer_app/SWEMS/build_out/freertos_riscv_ram/libfreertos_riscv_ram.a(tasks.o)
                0x0000000023002136                vTaskMissedYield
 .text.xTaskGetSchedulerState
                0x0000000023002142       0x1c /home/parag/bl_iot_sdk/customer_app/SWEMS/build_out/freertos_riscv_ram/libfreertos_riscv_ram.a(tasks.o)
                0x0000000023002142                xTaskGetSchedulerState
 .text.xTaskPriorityDisinherit
                0x000000002300215e       0xd8 /home/parag/bl_iot_sdk/customer_app/SWEMS/build_out/freertos_riscv_ram/libfreertos_riscv_ram.a(tasks.o)
                0x000000002300215e                xTaskPriorityDisinherit
 .text.vTaskEnterCritical
                0x0000000023002236       0x14 /home/parag/bl_iot_sdk/customer_app/SWEMS/build_out/freertos_riscv_ram/libfreertos_riscv_ram.a(tasks.o)
                0x0000000023002236                vTaskEnterCritical
 .text.vTaskExitCritical
                0x000000002300224a       0x1c /home/parag/bl_iot_sdk/customer_app/SWEMS/build_out/freertos_riscv_ram/libfreertos_riscv_ram.a(tasks.o)
                0x000000002300224a                vTaskExitCritical
 .text.prvCheckForValidListAndQueue
                0x0000000023002266       0x80 /home/parag/bl_iot_sdk/customer_app/SWEMS/build_out/freertos_riscv_ram/libfreertos_riscv_ram.a(timers.o)
 .text.prvInsertTimerInActiveList
                0x00000000230022e6       0x58 /home/parag/bl_iot_sdk/customer_app/SWEMS/build_out/freertos_riscv_ram/libfreertos_riscv_ram.a(timers.o)
 .text.xTimerCreateTimerTask
                0x000000002300233e       0x5a /home/parag/bl_iot_sdk/customer_app/SWEMS/build_out/freertos_riscv_ram/libfreertos_riscv_ram.a(timers.o)
                0x000000002300233e                xTimerCreateTimerTask
 .text.xTimerGenericCommand
                0x0000000023002398       0x92 /home/parag/bl_iot_sdk/customer_app/SWEMS/build_out/freertos_riscv_ram/libfreertos_riscv_ram.a(timers.o)
                0x0000000023002398                xTimerGenericCommand
 .text.prvSwitchTimerLists
                0x000000002300242a       0x88 /home/parag/bl_iot_sdk/customer_app/SWEMS/build_out/freertos_riscv_ram/libfreertos_riscv_ram.a(timers.o)
 .text.prvTimerTask
                0x00000000230024b2      0x1e4 /home/parag/bl_iot_sdk/customer_app/SWEMS/build_out/freertos_riscv_ram/libfreertos_riscv_ram.a(timers.o)
 .text.vPortSetupTimerInterrupt
                0x0000000023002696       0x4a /home/parag/bl_iot_sdk/customer_app/SWEMS/build_out/freertos_riscv_ram/libfreertos_riscv_ram.a(port.o)
                0x0000000023002696                vPortSetupTimerInterrupt
 .text.xPortStartScheduler
                0x00000000230026e0       0x3e /home/parag/bl_iot_sdk/customer_app/SWEMS/build_out/freertos_riscv_ram/libfreertos_riscv_ram.a(port.o)
                0x00000000230026e0                xPortStartScheduler
 *fill*         0x000000002300271e       0xe2 
 .text          0x0000000023002800      0x538 /home/parag/bl_iot_sdk/customer_app/SWEMS/build_out/freertos_riscv_ram/libfreertos_riscv_ram.a(portASM.o)
                0x0000000023002800                freertos_risc_v_trap_handler
                0x0000000023002b00                xPortStartFirstTask
                0x0000000023002c00                pxPortInitialiseStack
 .text.prvInsertBlockIntoFreeList
                0x0000000023002d38       0x52 /home/parag/bl_iot_sdk/customer_app/SWEMS/build_out/freertos_riscv_ram/libfreertos_riscv_ram.a(heap_5.o)
 .text.pvPortMalloc
                0x0000000023002d8a       0xe6 /home/parag/bl_iot_sdk/customer_app/SWEMS/build_out/freertos_riscv_ram/libfreertos_riscv_ram.a(heap_5.o)
                0x0000000023002d8a                pvPortMalloc
 .text.vPortFree
                0x0000000023002e70       0x90 /home/parag/bl_iot_sdk/customer_app/SWEMS/build_out/freertos_riscv_ram/libfreertos_riscv_ram.a(heap_5.o)
                0x0000000023002e70                vPortFree
 .text.xPortGetFreeHeapSize
                0x0000000023002f00        0xa /home/parag/bl_iot_sdk/customer_app/SWEMS/build_out/freertos_riscv_ram/libfreertos_riscv_ram.a(heap_5.o)
                0x0000000023002f00                xPortGetFreeHeapSize
 .text.vPortDefineHeapRegions
                0x0000000023002f0a      0x104 /home/parag/bl_iot_sdk/customer_app/SWEMS/build_out/freertos_riscv_ram/libfreertos_riscv_ram.a(heap_5.o)
                0x0000000023002f0a                vPortDefineHeapRegions
 .text.vListInitialise
                0x000000002300300e       0x14 /home/parag/bl_iot_sdk/customer_app/SWEMS/build_out/freertos_riscv_ram/libfreertos_riscv_ram.a(list.o)
                0x000000002300300e                vListInitialise
 .text.vListInitialiseItem
                0x0000000023003022        0x6 /home/parag/bl_iot_sdk/customer_app/SWEMS/build_out/freertos_riscv_ram/libfreertos_riscv_ram.a(list.o)
                0x0000000023003022                vListInitialiseItem
 .text.vListInsertEnd
                0x0000000023003028       0x16 /home/parag/bl_iot_sdk/customer_app/SWEMS/build_out/freertos_riscv_ram/libfreertos_riscv_ram.a(list.o)
                0x0000000023003028                vListInsertEnd
 .text.vListInsert
                0x000000002300303e       0x30 /home/parag/bl_iot_sdk/customer_app/SWEMS/build_out/freertos_riscv_ram/libfreertos_riscv_ram.a(list.o)
                0x000000002300303e                vListInsert
 .text.uxListRemove
                0x000000002300306e       0x32 /home/parag/bl_iot_sdk/customer_app/SWEMS/build_out/freertos_riscv_ram/libfreertos_riscv_ram.a(list.o)
                0x000000002300306e                uxListRemove
 .text.prvCopyDataToQueue
                0x00000000230030a0       0xa4 /home/parag/bl_iot_sdk/customer_app/SWEMS/build_out/freertos_riscv_ram/libfreertos_riscv_ram.a(queue.o)
 .text.prvCopyDataFromQueue
                0x0000000023003144       0x1e /home/parag/bl_iot_sdk/customer_app/SWEMS/build_out/freertos_riscv_ram/libfreertos_riscv_ram.a(queue.o)
 .text.prvUnlockQueue
                0x0000000023003162       0xb6 /home/parag/bl_iot_sdk/customer_app/SWEMS/build_out/freertos_riscv_ram/libfreertos_riscv_ram.a(queue.o)
 .text.xQueueGenericReset
                0x0000000023003218       0x8e /home/parag/bl_iot_sdk/customer_app/SWEMS/build_out/freertos_riscv_ram/libfreertos_riscv_ram.a(queue.o)
                0x0000000023003218                xQueueGenericReset
 .text.xQueueGenericCreateStatic
                0x00000000230032a6       0x7e /home/parag/bl_iot_sdk/customer_app/SWEMS/build_out/freertos_riscv_ram/libfreertos_riscv_ram.a(queue.o)
                0x00000000230032a6                xQueueGenericCreateStatic
 .text.xQueueGenericSend
                0x0000000023003324      0x150 /home/parag/bl_iot_sdk/customer_app/SWEMS/build_out/freertos_riscv_ram/libfreertos_riscv_ram.a(queue.o)
                0x0000000023003324                xQueueGenericSend
 .text.xQueueGenericSendFromISR
                0x0000000023003474       0xba /home/parag/bl_iot_sdk/customer_app/SWEMS/build_out/freertos_riscv_ram/libfreertos_riscv_ram.a(queue.o)
                0x0000000023003474                xQueueGenericSendFromISR
 .text.xQueueReceive
                0x000000002300352e      0x14c /home/parag/bl_iot_sdk/customer_app/SWEMS/build_out/freertos_riscv_ram/libfreertos_riscv_ram.a(queue.o)
                0x000000002300352e                xQueueReceive
 .text.vQueueAddToRegistry
                0x000000002300367a       0x28 /home/parag/bl_iot_sdk/customer_app/SWEMS/build_out/freertos_riscv_ram/libfreertos_riscv_ram.a(queue.o)
                0x000000002300367a                vQueueAddToRegistry
 .text.vQueueWaitForMessageRestricted
                0x00000000230036a2       0x6c /home/parag/bl_iot_sdk/customer_app/SWEMS/build_out/freertos_riscv_ram/libfreertos_riscv_ram.a(queue.o)
                0x00000000230036a2                vQueueWaitForMessageRestricted
 .text.uart_generic_notify_handler
                0x000000002300370e       0xf2 /home/parag/bl_iot_sdk/customer_app/SWEMS/build_out/hal_drv/libhal_drv.a(bl_uart.o)
 .text.UART0_IRQHandler
                0x0000000023003800        0x4 /home/parag/bl_iot_sdk/customer_app/SWEMS/build_out/hal_drv/libhal_drv.a(bl_uart.o)
                0x0000000023003800                UART0_IRQHandler
 .text.UART1_IRQHandler
                0x0000000023003804        0x4 /home/parag/bl_iot_sdk/customer_app/SWEMS/build_out/hal_drv/libhal_drv.a(bl_uart.o)
                0x0000000023003804                UART1_IRQHandler
 .text.bl_uart_init
                0x0000000023003808       0xf0 /home/parag/bl_iot_sdk/customer_app/SWEMS/build_out/hal_drv/libhal_drv.a(bl_uart.o)
                0x0000000023003808                bl_uart_init
 .text.bl_uart_data_send
                0x00000000230038f8       0x36 /home/parag/bl_iot_sdk/customer_app/SWEMS/build_out/hal_drv/libhal_drv.a(bl_uart.o)
                0x00000000230038f8                bl_uart_data_send
 .text.bl_dma_int_process
                0x000000002300392e       0xa8 /home/parag/bl_iot_sdk/customer_app/SWEMS/build_out/hal_drv/libhal_drv.a(bl_dma.o)
 .text.bl_dma_irq_register.part.2
                0x00000000230039d6       0x5c /home/parag/bl_iot_sdk/customer_app/SWEMS/build_out/hal_drv/libhal_drv.a(bl_dma.o)
 .text.bl_dma_int_clear
                0x0000000023003a32       0x32 /home/parag/bl_iot_sdk/customer_app/SWEMS/build_out/hal_drv/libhal_drv.a(bl_dma.o)
                0x0000000023003a32                bl_dma_int_clear
 .text.bl_dma_IRQHandler
                0x0000000023003a64       0x42 /home/parag/bl_iot_sdk/customer_app/SWEMS/build_out/hal_drv/libhal_drv.a(bl_dma.o)
                0x0000000023003a64                bl_dma_IRQHandler
 .text.bl_dma_irq_register
                0x0000000023003aa6       0x1a /home/parag/bl_iot_sdk/customer_app/SWEMS/build_out/hal_drv/libhal_drv.a(bl_dma.o)
                0x0000000023003aa6                bl_dma_irq_register
 .text.bl_dma_find_node_by_channel
                0x0000000023003ac0       0x2c /home/parag/bl_iot_sdk/customer_app/SWEMS/build_out/hal_drv/libhal_drv.a(bl_dma.o)
                0x0000000023003ac0                bl_dma_find_node_by_channel
 .text.bl_dma_find_ctx_by_channel
                0x0000000023003aec        0xe /home/parag/bl_iot_sdk/customer_app/SWEMS/build_out/hal_drv/libhal_drv.a(bl_dma.o)
                0x0000000023003aec                bl_dma_find_ctx_by_channel
 .text.bl_dma_init
                0x0000000023003afa       0x84 /home/parag/bl_iot_sdk/customer_app/SWEMS/build_out/hal_drv/libhal_drv.a(bl_dma.o)
                0x0000000023003afa                bl_dma_init
 .text.bl_irq_enable
                0x0000000023003b7e       0x12 /home/parag/bl_iot_sdk/customer_app/SWEMS/build_out/hal_drv/libhal_drv.a(bl_irq.o)
                0x0000000023003b7e                bl_irq_enable
 .text.bl_irq_register_with_ctx
                0x0000000023003b90       0x30 /home/parag/bl_iot_sdk/customer_app/SWEMS/build_out/hal_drv/libhal_drv.a(bl_irq.o)
                0x0000000023003b90                bl_irq_register_with_ctx
 .text.bl_irq_ctx_get
                0x0000000023003bc0       0x20 /home/parag/bl_iot_sdk/customer_app/SWEMS/build_out/hal_drv/libhal_drv.a(bl_irq.o)
                0x0000000023003bc0                bl_irq_ctx_get
 .text.interrupt_entry
                0x0000000023003be0       0x4e /home/parag/bl_iot_sdk/customer_app/SWEMS/build_out/hal_drv/libhal_drv.a(bl_irq.o)
                0x0000000023003be0                interrupt_entry
 .text.exception_entry
                0x0000000023003c2e      0x140 /home/parag/bl_iot_sdk/customer_app/SWEMS/build_out/hal_drv/libhal_drv.a(bl_irq.o)
                0x0000000023003c2e                exception_entry
 .text.bl_timer_delay_us
                0x0000000023003d6e       0x1e /home/parag/bl_iot_sdk/customer_app/SWEMS/build_out/hal_drv/libhal_drv.a(bl_timer.o)
                0x0000000023003d6e                bl_timer_delay_us
 .text.bl_gpio_enable_output
                0x0000000023003d8c       0x44 /home/parag/bl_iot_sdk/customer_app/SWEMS/build_out/hal_drv/libhal_drv.a(bl_gpio.o)
                0x0000000023003d8c                bl_gpio_enable_output
 .text.bl_gpio_enable_input
                0x0000000023003dd0       0x42 /home/parag/bl_iot_sdk/customer_app/SWEMS/build_out/hal_drv/libhal_drv.a(bl_gpio.o)
                0x0000000023003dd0                bl_gpio_enable_input
 .text.bl_gpio_output_set
                0x0000000023003e12       0x14 /home/parag/bl_iot_sdk/customer_app/SWEMS/build_out/hal_drv/libhal_drv.a(bl_gpio.o)
                0x0000000023003e12                bl_gpio_output_set
 .text.bl_gpio_input_get_value
                0x0000000023003e26        0x4 /home/parag/bl_iot_sdk/customer_app/SWEMS/build_out/hal_drv/libhal_drv.a(bl_gpio.o)
                0x0000000023003e26                bl_gpio_input_get_value
 .text.adc_data_update
                0x0000000023003e2a       0x3e /home/parag/bl_iot_sdk/customer_app/SWEMS/build_out/hal_drv/libhal_drv.a(bl_adc.o)
 .text.bl_adc_freq_init
                0x0000000023003e68       0x5a /home/parag/bl_iot_sdk/customer_app/SWEMS/build_out/hal_drv/libhal_drv.a(bl_adc.o)
                0x0000000023003e68                bl_adc_freq_init
 .text.bl_adc_dma_init
                0x0000000023003ec2       0xfa /home/parag/bl_iot_sdk/customer_app/SWEMS/build_out/hal_drv/libhal_drv.a(bl_adc.o)
                0x0000000023003ec2                bl_adc_dma_init
 .text.bl_adc_start
                0x0000000023003fbc       0x36 /home/parag/bl_iot_sdk/customer_app/SWEMS/build_out/hal_drv/libhal_drv.a(bl_adc.o)
                0x0000000023003fbc                bl_adc_start
 .text.bl_adc_gpio_init
                0x0000000023003ff2       0x1c /home/parag/bl_iot_sdk/customer_app/SWEMS/build_out/hal_drv/libhal_drv.a(bl_adc.o)
                0x0000000023003ff2                bl_adc_gpio_init
 .text.bl_adc_get_channel_by_gpio
                0x000000002300400e       0x56 /home/parag/bl_iot_sdk/customer_app/SWEMS/build_out/hal_drv/libhal_drv.a(bl_adc.o)
                0x000000002300400e                bl_adc_get_channel_by_gpio
 .text.bl_adc_init
                0x0000000023004064       0x7e /home/parag/bl_iot_sdk/customer_app/SWEMS/build_out/hal_drv/libhal_drv.a(bl_adc.o)
                0x0000000023004064                bl_adc_init
 .text.utils_list_init
                0x00000000230040e2        0xa /home/parag/bl_iot_sdk/customer_app/SWEMS/build_out/utils/libutils.a(utils_list.o)
                0x00000000230040e2                utils_list_init
 .text.utils_list_pop_front
                0x00000000230040ec        0xc /home/parag/bl_iot_sdk/customer_app/SWEMS/build_out/utils/libutils.a(utils_list.o)
                0x00000000230040ec                utils_list_pop_front
 .text.vAssertCalled
                0x00000000230040f8       0x18 /home/parag/bl_iot_sdk/customer_app/SWEMS/build_out/SWEMS/libSWEMS.a(freertos.o)
                0x00000000230040f8                vAssertCalled
 .text.vApplicationGetIdleTaskMemory
                0x0000000023004110       0x1c /home/parag/bl_iot_sdk/customer_app/SWEMS/build_out/SWEMS/libSWEMS.a(freertos.o)
                0x0000000023004110                vApplicationGetIdleTaskMemory
 .text.vApplicationGetTimerTaskMemory
                0x000000002300412c       0x1c /home/parag/bl_iot_sdk/customer_app/SWEMS/build_out/SWEMS/libSWEMS.a(freertos.o)
                0x000000002300412c                vApplicationGetTimerTaskMemory
 .text.vApplicationIdleHook
                0x0000000023004148        0xa /home/parag/bl_iot_sdk/customer_app/SWEMS/build_out/SWEMS/libSWEMS.a(freertos.o)
                0x0000000023004148                vApplicationIdleHook
 .text.vApplicationMallocFailedHook
                0x0000000023004152       0x18 /home/parag/bl_iot_sdk/customer_app/SWEMS/build_out/SWEMS/libSWEMS.a(freertos.o)
                0x0000000023004152                vApplicationMallocFailedHook
 .text.vApplicationStackOverflowHook
                0x000000002300416a       0x22 /home/parag/bl_iot_sdk/customer_app/SWEMS/build_out/SWEMS/libSWEMS.a(freertos.o)
                0x000000002300416a                vApplicationStackOverflowHook
 .text.UART_Init
                0x000000002300418c       0xf4 /home/parag/bl_iot_sdk/customer_app/SWEMS/build_out/bl602_std/libbl602_std.a(bl602_uart.o)
                0x000000002300418c                UART_Init
 .text.UART_FifoConfig
                0x0000000023004280       0x6a /home/parag/bl_iot_sdk/customer_app/SWEMS/build_out/bl602_std/libbl602_std.a(bl602_uart.o)
                0x0000000023004280                UART_FifoConfig
 .text.UART_Enable
                0x00000000230042ea       0x34 /home/parag/bl_iot_sdk/customer_app/SWEMS/build_out/bl602_std/libbl602_std.a(bl602_uart.o)
                0x00000000230042ea                UART_Enable
 .text.UART_Disable
                0x000000002300431e       0x30 /home/parag/bl_iot_sdk/customer_app/SWEMS/build_out/bl602_std/libbl602_std.a(bl602_uart.o)
                0x000000002300431e                UART_Disable
 .text.UART_TxFreeRun
                0x000000002300434e       0x24 /home/parag/bl_iot_sdk/customer_app/SWEMS/build_out/bl602_std/libbl602_std.a(bl602_uart.o)
                0x000000002300434e                UART_TxFreeRun
 .text.UART_IntMask
                0x0000000023004372       0x3e /home/parag/bl_iot_sdk/customer_app/SWEMS/build_out/bl602_std/libbl602_std.a(bl602_uart.o)
                0x0000000023004372                UART_IntMask
 .text.UART_GetTxFifoCount
                0x00000000230043b0       0x18 /home/parag/bl_iot_sdk/customer_app/SWEMS/build_out/bl602_std/libbl602_std.a(bl602_uart.o)
                0x00000000230043b0                UART_GetTxFifoCount
 .text.UART_SendData
                0x00000000230043c8       0x70 /home/parag/bl_iot_sdk/customer_app/SWEMS/build_out/bl602_std/libbl602_std.a(bl602_uart.o)
                0x00000000230043c8                UART_SendData
 .text.ADC_Reset
                0x0000000023004438       0x28 /home/parag/bl_iot_sdk/customer_app/SWEMS/build_out/bl602_std/libbl602_std.a(bl602_adc.o)
                0x0000000023004438                ADC_Reset
 .text.ADC_Enable
                0x0000000023004460       0x12 /home/parag/bl_iot_sdk/customer_app/SWEMS/build_out/bl602_std/libbl602_std.a(bl602_adc.o)
                0x0000000023004460                ADC_Enable
 .text.ADC_Disable
                0x0000000023004472       0x10 /home/parag/bl_iot_sdk/customer_app/SWEMS/build_out/bl602_std/libbl602_std.a(bl602_adc.o)
                0x0000000023004472                ADC_Disable
 .text.ADC_Scan_Channel_Config
                0x0000000023004482      0x12a /home/parag/bl_iot_sdk/customer_app/SWEMS/build_out/bl602_std/libbl602_std.a(bl602_adc.o)
                0x0000000023004482                ADC_Scan_Channel_Config
 .text.ADC_Start
                0x00000000230045ac       0x34 /home/parag/bl_iot_sdk/customer_app/SWEMS/build_out/bl602_std/libbl602_std.a(bl602_adc.o)
                0x00000000230045ac                ADC_Start
 .text.ADC_FIFO_Cfg
                0x00000000230045e0       0x2a /home/parag/bl_iot_sdk/customer_app/SWEMS/build_out/bl602_std/libbl602_std.a(bl602_adc.o)
                0x00000000230045e0                ADC_FIFO_Cfg
 .text.ADC_Get_FIFO_Count
                0x000000002300460a        0xe /home/parag/bl_iot_sdk/customer_app/SWEMS/build_out/bl602_std/libbl602_std.a(bl602_adc.o)
                0x000000002300460a                ADC_Get_FIFO_Count
 .text.ADC_Parse_Result
                0x0000000023004618      0x2c8 /home/parag/bl_iot_sdk/customer_app/SWEMS/build_out/bl602_std/libbl602_std.a(bl602_adc.o)
                0x0000000023004618                ADC_Parse_Result
 .text.ADC_SET_TSVBE_LOW
                0x00000000230048e0       0x12 /home/parag/bl_iot_sdk/customer_app/SWEMS/build_out/bl602_std/libbl602_std.a(bl602_adc.o)
                0x00000000230048e0                ADC_SET_TSVBE_LOW
 .text.ADC_SET_TSVBE_HIGH
                0x00000000230048f2       0x14 /home/parag/bl_iot_sdk/customer_app/SWEMS/build_out/bl602_std/libbl602_std.a(bl602_adc.o)
                0x00000000230048f2                ADC_SET_TSVBE_HIGH
 .text.TSEN_Get_V_Error
                0x0000000023004906       0x9c /home/parag/bl_iot_sdk/customer_app/SWEMS/build_out/bl602_std/libbl602_std.a(bl602_adc.o)
                0x0000000023004906                TSEN_Get_V_Error
 .text.ADC_Init
                0x00000000230049a2       0xfa /home/parag/bl_iot_sdk/customer_app/SWEMS/build_out/bl602_std/libbl602_std.a(bl602_adc.o)
                0x00000000230049a2                ADC_Init
 .text.DMA_Enable
                0x0000000023004a9c        0xe /home/parag/bl_iot_sdk/customer_app/SWEMS/build_out/bl602_std/libbl602_std.a(bl602_dma.o)
                0x0000000023004a9c                DMA_Enable
 .text.DMA_Channel_Enable
                0x0000000023004aaa       0x16 /home/parag/bl_iot_sdk/customer_app/SWEMS/build_out/bl602_std/libbl602_std.a(bl602_dma.o)
                0x0000000023004aaa                DMA_Channel_Enable
 .text.DMA_Channel_Disable
                0x0000000023004ac0       0x14 /home/parag/bl_iot_sdk/customer_app/SWEMS/build_out/bl602_std/libbl602_std.a(bl602_dma.o)
                0x0000000023004ac0                DMA_Channel_Disable
 .text.DMA_LLI_Init
                0x0000000023004ad4       0x36 /home/parag/bl_iot_sdk/customer_app/SWEMS/build_out/bl602_std/libbl602_std.a(bl602_dma.o)
                0x0000000023004ad4                DMA_LLI_Init
 .text.DMA_LLI_Update
                0x0000000023004b0a       0x16 /home/parag/bl_iot_sdk/customer_app/SWEMS/build_out/bl602_std/libbl602_std.a(bl602_dma.o)
                0x0000000023004b0a                DMA_LLI_Update
 .text.DMA_IntMask
                0x0000000023004b20       0x7c /home/parag/bl_iot_sdk/customer_app/SWEMS/build_out/bl602_std/libbl602_std.a(bl602_dma.o)
                0x0000000023004b20                DMA_IntMask
 .text.Default_Handler
                0x0000000023004b9c        0xa /home/parag/bl_iot_sdk/customer_app/SWEMS/build_out/bl602_std/libbl602_std.a(bl602_common.o)
                0x0000000023004b9c                Default_Handler
 .text.GLB_Set_UART_CLK
                0x0000000023004ba6       0x3e /home/parag/bl_iot_sdk/customer_app/SWEMS/build_out/bl602_std/libbl602_std.a(bl602_glb.o)
                0x0000000023004ba6                GLB_Set_UART_CLK
 .text.GLB_Set_ADC_CLK
                0x0000000023004be4       0x40 /home/parag/bl_iot_sdk/customer_app/SWEMS/build_out/bl602_std/libbl602_std.a(bl602_glb.o)
                0x0000000023004be4                GLB_Set_ADC_CLK
 .text.GLB_UART_Fun_Sel
                0x0000000023004c24       0x24 /home/parag/bl_iot_sdk/customer_app/SWEMS/build_out/bl602_std/libbl602_std.a(bl602_glb.o)
                0x0000000023004c24                GLB_UART_Fun_Sel
 .text.GLB_GPIO_Func_Init
                0x0000000023004c48       0x50 /home/parag/bl_iot_sdk/customer_app/SWEMS/build_out/bl602_std/libbl602_std.a(bl602_glb.o)
                0x0000000023004c48                GLB_GPIO_Func_Init
 .text.GLB_GPIO_Write
                0x0000000023004c98       0x2a /home/parag/bl_iot_sdk/customer_app/SWEMS/build_out/bl602_std/libbl602_std.a(bl602_glb.o)
                0x0000000023004c98                GLB_GPIO_Write
 .text.GLB_GPIO_Read
                0x0000000023004cc2       0x20 /home/parag/bl_iot_sdk/customer_app/SWEMS/build_out/bl602_std/libbl602_std.a(bl602_glb.o)
                0x0000000023004cc2                GLB_GPIO_Read
 .text.HBN_Set_UART_CLK_Sel
                0x0000000023004ce2       0x12 /home/parag/bl_iot_sdk/customer_app/SWEMS/build_out/bl602_std/libbl602_std.a(bl602_hbn.o)
                0x0000000023004ce2                HBN_Set_UART_CLK_Sel
 .text.HBN_Get_RTC_Timer_Val
                0x0000000023004cf4       0x28 /home/parag/bl_iot_sdk/customer_app/SWEMS/build_out/bl602_std/libbl602_std.a(bl602_hbn.o)
                0x0000000023004cf4                HBN_Get_RTC_Timer_Val
 .text.bflb_platform_usart_dbg_send
                0x0000000023004d1c        0xa /home/parag/bl_iot_sdk/customer_app/SWEMS/build_out/bl602_std/libbl602_std.a(platform_device.o)
                0x0000000023004d1c                bflb_platform_usart_dbg_send
 .text.bflb_platform_printf
                0x0000000023004d26       0x4c /home/parag/bl_iot_sdk/customer_app/SWEMS/build_out/bl602_std/libbl602_std.a(platform_device.o)
                0x0000000023004d26                bflb_platform_printf
 .text.Default_Handler_Stub
                0x0000000023004d72       0x9c /home/parag/bl_iot_sdk/customer_app/SWEMS/build_out/bl602_std/libbl602_std.a(interrupt.o)
                0x0000000023004d72                HBN_OUT0_IRQHandler
                0x0000000023004d72                L1C_BMX_TO_IRQHandler
                0x0000000023004d72                IRTX_IRQHandler
                0x0000000023004d72                TIMER_CH0_IRQHandler
                0x0000000023004d72                SDIO_IRQHandler
                0x0000000023004d72                WIFI_IPC_PUBLIC_IRQHandler
                0x0000000023004d72                DMA_BMX_ERR_IRQHandler
                0x0000000023004d72                MAC_RX_TRG_IRQHandler
                0x0000000023004d72                EFUSE_IRQHandler
                0x0000000023004d72                TIMER_WDT_IRQHandler
                0x0000000023004d72                MAC_TXRX_TIMER_IRQHandler
                0x0000000023004d72                MAC_GEN_IRQHandler
                0x0000000023004d72                clic_csoft_handler
                0x0000000023004d72                BOR_IRQHandler
                0x0000000023004d72                MAC_PORT_TRG_IRQHandler
                0x0000000023004d72                SPI_IRQHandler
                0x0000000023004d72                HBN_OUT1_IRQHandler
                0x0000000023004d72                SEC_BMX_ERR_IRQHandler
                0x0000000023004d72                SF_CTRL_IRQHandler
                0x0000000023004d72                RF_TOP_INT0_IRQHandler
                0x0000000023004d72                MAC_TXRX_MISC_IRQHandler
                0x0000000023004d72                BZ_PHY_IRQHandler
                0x0000000023004d72                DMA_ALL_IRQHandler
                0x0000000023004d72                SEC_GMAC_IRQHandler
                0x0000000023004d72                BMX_ERR_IRQHandler
                0x0000000023004d72                SEC_PKA_IRQHandler
                0x0000000023004d72                TIMER_CH1_IRQHandler
                0x0000000023004d72                clic_msip_handler
                0x0000000023004d72                I2C_IRQHandler
                0x0000000023004d72                SEC_TRNG_IRQHandler
                0x0000000023004d72                GPIO_INT0_IRQHandler
                0x0000000023004d72                IRRX_IRQHandler
                0x0000000023004d72                L1C_BMX_ERR_IRQHandler
                0x0000000023004d72                BMX_TO_IRQHandler
                0x0000000023004d72                SEC_CDET_IRQHandler
                0x0000000023004d72                WIFI_IRQHandler
                0x0000000023004d72                clic_mtimer_handler
                0x0000000023004d72                PDS_WAKEUP_IRQHandler
                0x0000000023004d72                GPADC_DMA_IRQHandler
                0x0000000023004d72                BLE_IRQHandler
                0x0000000023004d72                PWM_IRQHandler
                0x0000000023004d72                MAC_TX_TRG_IRQHandler
                0x0000000023004d72                clic_mext_handler
                0x0000000023004d72                RF_TOP_INT1_IRQHandler
                0x0000000023004d72                SEC_AES_IRQHandler
                0x0000000023004d72                SEC_SHA_IRQHandler
                0x0000000023004d72                Default_Handler_Stub
 .text.bl_sys_time_sync_state
                0x0000000023004e0e       0x62 /home/parag/bl_iot_sdk/customer_app/SWEMS/build_out/bltime/libbltime.a(bl_sys_time.o)
                0x0000000023004e0e                bl_sys_time_sync_state
 .text.misaligned_load_trap
                0x0000000023004e70      0x152 /home/parag/bl_iot_sdk/customer_app/SWEMS/build_out/freertos_riscv_ram/libfreertos_riscv_ram.a(misaligned_ldst.o)
                0x0000000023004e70                misaligned_load_trap
 .text.misaligned_store_trap
                0x0000000023004fc2      0x14c /home/parag/bl_iot_sdk/customer_app/SWEMS/build_out/freertos_riscv_ram/libfreertos_riscv_ram.a(misaligned_ldst.o)
                0x0000000023004fc2                misaligned_store_trap
 .text          0x000000002300510e      0x200 /home/parag/bl_iot_sdk/customer_app/SWEMS/build_out/freertos_riscv_ram/libfreertos_riscv_ram.a(fp_asm.o)
                0x000000002300510e                get_f32_reg
                0x000000002300520e                put_f32_reg
 .text.backtrace_riscv
                0x000000002300530e        0x4 /home/parag/bl_iot_sdk/customer_app/SWEMS/build_out/freertos_riscv_ram/libfreertos_riscv_ram.a(panic_c.o)
                0x000000002300530e                backtrace_riscv
                0x000000002300530e                backtrace_now
 .text.bl_rtc_get_counter
                0x0000000023005312       0x16 /home/parag/bl_iot_sdk/customer_app/SWEMS/build_out/hal_drv/libhal_drv.a(bl_rtc.o)
                0x0000000023005312                bl_rtc_get_counter
 .text.bl_rtc_get_timestamp_ms
                0x0000000023005328       0x4e /home/parag/bl_iot_sdk/customer_app/SWEMS/build_out/hal_drv/libhal_drv.a(bl_rtc.o)
                0x0000000023005328                bl_rtc_get_timestamp_ms
 *fill*         0x0000000023005376        0x2 
 .text          0x0000000023005378       0xf4 /home/parag/bl_iot_sdk/toolchain/riscv/Linux/bin/../lib/gcc/riscv64-unknown-elf/8.3.0/../../../../riscv64-unknown-elf/lib/rv32imf/ilp32f/libm.a(lib_a-s_modf.o)
                0x0000000023005378                modf
 .text          0x000000002300546c       0xf8 /home/parag/bl_iot_sdk/toolchain/riscv/Linux/bin/../lib/gcc/riscv64-unknown-elf/8.3.0/../../../../riscv64-unknown-elf/lib/rv32imf/ilp32f/libm.a(lib_a-w_log10.o)
                0x000000002300546c                log10
 .text          0x0000000023005564      0x274 /home/parag/bl_iot_sdk/toolchain/riscv/Linux/bin/../lib/gcc/riscv64-unknown-elf/8.3.0/../../../../riscv64-unknown-elf/lib/rv32imf/ilp32f/libm.a(lib_a-w_pow.o)
                0x0000000023005564                pow
 .text          0x00000000230057d8      0x1d0 /home/parag/bl_iot_sdk/toolchain/riscv/Linux/bin/../lib/gcc/riscv64-unknown-elf/8.3.0/../../../../riscv64-unknown-elf/lib/rv32imf/ilp32f/libm.a(lib_a-e_log10.o)
                0x00000000230057d8                __ieee754_log10
 .text          0x00000000230059a8      0x5dc /home/parag/bl_iot_sdk/toolchain/riscv/Linux/bin/../lib/gcc/riscv64-unknown-elf/8.3.0/../../../../riscv64-unknown-elf/lib/rv32imf/ilp32f/libm.a(lib_a-e_log.o)
                0x00000000230059a8                __ieee754_log
 .text          0x0000000023005f84      0xfd8 /home/parag/bl_iot_sdk/toolchain/riscv/Linux/bin/../lib/gcc/riscv64-unknown-elf/8.3.0/../../../../riscv64-unknown-elf/lib/rv32imf/ilp32f/libm.a(lib_a-e_pow.o)
                0x0000000023005f84                __ieee754_pow
 .text          0x0000000023006f5c      0x2b4 /home/parag/bl_iot_sdk/toolchain/riscv/Linux/bin/../lib/gcc/riscv64-unknown-elf/8.3.0/../../../../riscv64-unknown-elf/lib/rv32imf/ilp32f/libm.a(lib_a-e_sqrt.o)
                0x0000000023006f5c                __ieee754_sqrt
 .text          0x0000000023007210        0xc /home/parag/bl_iot_sdk/toolchain/riscv/Linux/bin/../lib/gcc/riscv64-unknown-elf/8.3.0/../../../../riscv64-unknown-elf/lib/rv32imf/ilp32f/libm.a(lib_a-s_fabs.o)
                0x0000000023007210                fabs
 .text          0x000000002300721c       0x18 /home/parag/bl_iot_sdk/toolchain/riscv/Linux/bin/../lib/gcc/riscv64-unknown-elf/8.3.0/../../../../riscv64-unknown-elf/lib/rv32imf/ilp32f/libm.a(lib_a-s_finite.o)
                0x000000002300721c                finite
 .text          0x0000000023007234       0x14 /home/parag/bl_iot_sdk/toolchain/riscv/Linux/bin/../lib/gcc/riscv64-unknown-elf/8.3.0/../../../../riscv64-unknown-elf/lib/rv32imf/ilp32f/libm.a(lib_a-s_nan.o)
                0x0000000023007234                nan
 .text          0x0000000023007248      0x224 /home/parag/bl_iot_sdk/toolchain/riscv/Linux/bin/../lib/gcc/riscv64-unknown-elf/8.3.0/../../../../riscv64-unknown-elf/lib/rv32imf/ilp32f/libm.a(lib_a-s_rint.o)
                0x0000000023007248                rint
 .text          0x000000002300746c      0x1b8 /home/parag/bl_iot_sdk/toolchain/riscv/Linux/bin/../lib/gcc/riscv64-unknown-elf/8.3.0/../../../../riscv64-unknown-elf/lib/rv32imf/ilp32f/libm.a(lib_a-s_scalbn.o)
                0x000000002300746c                scalbn
 .text          0x0000000023007624       0x4c /home/parag/bl_iot_sdk/toolchain/riscv/Linux/bin/../lib/gcc/riscv64-unknown-elf/8.3.0/rv32imf/ilp32f/libgcc.a(_clzsi2.o)
                0x0000000023007624                __clzsi2
 .text          0x0000000023007670      0x434 /home/parag/bl_iot_sdk/toolchain/riscv/Linux/bin/../lib/gcc/riscv64-unknown-elf/8.3.0/rv32imf/ilp32f/libgcc.a(_udivdi3.o)
                0x0000000023007670                __udivdi3
 .text          0x0000000023007aa4      0x410 /home/parag/bl_iot_sdk/toolchain/riscv/Linux/bin/../lib/gcc/riscv64-unknown-elf/8.3.0/rv32imf/ilp32f/libgcc.a(_umoddi3.o)
                0x0000000023007aa4                __umoddi3
 .text          0x0000000023007eb4      0xb50 /home/parag/bl_iot_sdk/toolchain/riscv/Linux/bin/../lib/gcc/riscv64-unknown-elf/8.3.0/rv32imf/ilp32f/libgcc.a(adddf3.o)
                0x0000000023007eb4                __adddf3
 .text          0x0000000023008a04      0x8ac /home/parag/bl_iot_sdk/toolchain/riscv/Linux/bin/../lib/gcc/riscv64-unknown-elf/8.3.0/rv32imf/ilp32f/libgcc.a(divdf3.o)
                0x0000000023008a04                __divdf3
 .text          0x00000000230092b0       0xc8 /home/parag/bl_iot_sdk/toolchain/riscv/Linux/bin/../lib/gcc/riscv64-unknown-elf/8.3.0/rv32imf/ilp32f/libgcc.a(eqdf2.o)
                0x00000000230092b0                __eqdf2
                0x00000000230092b0                __nedf2
 .text          0x0000000023009378       0xec /home/parag/bl_iot_sdk/toolchain/riscv/Linux/bin/../lib/gcc/riscv64-unknown-elf/8.3.0/rv32imf/ilp32f/libgcc.a(gedf2.o)
                0x0000000023009378                __gtdf2
                0x0000000023009378                __gedf2
 .text          0x0000000023009464       0xec /home/parag/bl_iot_sdk/toolchain/riscv/Linux/bin/../lib/gcc/riscv64-unknown-elf/8.3.0/rv32imf/ilp32f/libgcc.a(ledf2.o)
                0x0000000023009464                __ltdf2
                0x0000000023009464                __ledf2
 .text          0x0000000023009550      0x79c /home/parag/bl_iot_sdk/toolchain/riscv/Linux/bin/../lib/gcc/riscv64-unknown-elf/8.3.0/rv32imf/ilp32f/libgcc.a(muldf3.o)
                0x0000000023009550                __muldf3
 .text          0x0000000023009cec      0xb38 /home/parag/bl_iot_sdk/toolchain/riscv/Linux/bin/../lib/gcc/riscv64-unknown-elf/8.3.0/rv32imf/ilp32f/libgcc.a(subdf3.o)
                0x0000000023009cec                __subdf3
 .text          0x000000002300a824       0x94 /home/parag/bl_iot_sdk/toolchain/riscv/Linux/bin/../lib/gcc/riscv64-unknown-elf/8.3.0/rv32imf/ilp32f/libgcc.a(unorddf2.o)
                0x000000002300a824                __unorddf2
 .text          0x000000002300a8b8       0xfc /home/parag/bl_iot_sdk/toolchain/riscv/Linux/bin/../lib/gcc/riscv64-unknown-elf/8.3.0/rv32imf/ilp32f/libgcc.a(fixdfsi.o)
                0x000000002300a8b8                __fixdfsi
 .text          0x000000002300a9b4       0xac /home/parag/bl_iot_sdk/toolchain/riscv/Linux/bin/../lib/gcc/riscv64-unknown-elf/8.3.0/rv32imf/ilp32f/libgcc.a(floatsidf.o)
                0x000000002300a9b4                __floatsidf
 .text          0x000000002300aa60       0x84 /home/parag/bl_iot_sdk/toolchain/riscv/Linux/bin/../lib/gcc/riscv64-unknown-elf/8.3.0/rv32imf/ilp32f/libgcc.a(floatunsidf.o)
                0x000000002300aa60                __floatunsidf
 .text          0x000000002300aae4      0x110 /home/parag/bl_iot_sdk/toolchain/riscv/Linux/bin/../lib/gcc/riscv64-unknown-elf/8.3.0/rv32imf/ilp32f/libgcc.a(extendsfdf2.o)
                0x000000002300aae4                __extendsfdf2
 .text          0x000000002300abf4      0x2d8 /home/parag/bl_iot_sdk/toolchain/riscv/Linux/bin/../lib/gcc/riscv64-unknown-elf/8.3.0/rv32imf/ilp32f/libgcc.a(truncdfsf2.o)
                0x000000002300abf4                __truncdfsf2
 .text          0x000000002300aecc       0x10 /home/parag/bl_iot_sdk/toolchain/riscv/Linux/bin/../lib/gcc/riscv64-unknown-elf/8.3.0/../../../../riscv64-unknown-elf/lib/rv32imf/ilp32f/libc.a(lib_a-abs.o)
                0x000000002300aecc                abs
 .text          0x000000002300aedc       0x10 /home/parag/bl_iot_sdk/toolchain/riscv/Linux/bin/../lib/gcc/riscv64-unknown-elf/8.3.0/../../../../riscv64-unknown-elf/lib/rv32imf/ilp32f/libc.a(lib_a-errno.o)
                0x000000002300aedc                __errno
 .text          0x000000002300aeec      0x11c /home/parag/bl_iot_sdk/toolchain/riscv/Linux/bin/../lib/gcc/riscv64-unknown-elf/8.3.0/../../../../riscv64-unknown-elf/lib/rv32imf/ilp32f/libc.a(lib_a-memcpy.o)
                0x000000002300aeec                memcpy
 .text          0x000000002300b008       0xdc /home/parag/bl_iot_sdk/toolchain/riscv/Linux/bin/../lib/gcc/riscv64-unknown-elf/8.3.0/../../../../riscv64-unknown-elf/lib/rv32imf/ilp32f/libc.a(lib_a-memset.o)
                0x000000002300b008                memset
 .text          0x000000002300b0e4       0x8c /home/parag/bl_iot_sdk/toolchain/riscv/Linux/bin/../lib/gcc/riscv64-unknown-elf/8.3.0/../../../../riscv64-unknown-elf/lib/rv32imf/ilp32f/libc.a(lib_a-strlen.o)
                0x000000002300b0e4                strlen
 .text          0x000000002300b170       0x44 /home/parag/bl_iot_sdk/toolchain/riscv/Linux/bin/../lib/gcc/riscv64-unknown-elf/8.3.0/../../../../riscv64-unknown-elf/lib/rv32imf/ilp32f/libc.a(lib_a-strnlen.o)
                0x000000002300b170                strnlen
 *(.gnu.linkonce.t.*)

.rodata         0x000000002300b1b8      0x8ec
 *(.rdata)
 *(.rodata .rodata.*)
 .rodata.bfl_main.str1.4
                0x000000002300b1b8       0x10 /home/parag/bl_iot_sdk/customer_app/SWEMS/build_out/SWEMS/libSWEMS.a(main.o)
 .rodata.task_buzzer.cst8
                0x000000002300b1c8        0x8 /home/parag/bl_iot_sdk/customer_app/SWEMS/build_out/SWEMS/libSWEMS.a(main.o)
 .rodata.task_dht.str1.4
                0x000000002300b1d0       0x75 /home/parag/bl_iot_sdk/customer_app/SWEMS/build_out/SWEMS/libSWEMS.a(main.o)
 *fill*         0x000000002300b245        0x3 
 .rodata.task_mq4.cst8
                0x000000002300b248       0x48 /home/parag/bl_iot_sdk/customer_app/SWEMS/build_out/SWEMS/libSWEMS.a(main.o)
 .rodata.task_mq4.str1.4
                0x000000002300b290       0x44 /home/parag/bl_iot_sdk/customer_app/SWEMS/build_out/SWEMS/libSWEMS.a(main.o)
 .rodata.vsnprintf
                0x000000002300b2d4      0x1f4 /home/parag/bl_iot_sdk/customer_app/SWEMS/build_out/bl602/libbl602.a(debug.o)
 .rodata.cvt.cst8
                0x000000002300b4c8        0x8 /home/parag/bl_iot_sdk/customer_app/SWEMS/build_out/bl602/libbl602.a(debug.o)
                                         0x18 (size before relaxing)
 .rodata.lcdigits.2256
                0x000000002300b4d0       0x11 /home/parag/bl_iot_sdk/customer_app/SWEMS/build_out/bl602/libbl602.a(debug.o)
 *fill*         0x000000002300b4e1        0x3 
 .rodata.ucdigits.2257
                0x000000002300b4e4       0x11 /home/parag/bl_iot_sdk/customer_app/SWEMS/build_out/bl602/libbl602.a(debug.o)
 *fill*         0x000000002300b4f5        0x3 
 .rodata.vsnprintf.str1.4
                0x000000002300b4f8        0x7 /home/parag/bl_iot_sdk/customer_app/SWEMS/build_out/bl602/libbl602.a(debug.o)
 *fill*         0x000000002300b4ff        0x1 
 .rodata.vTaskStartScheduler.str1.4
                0x000000002300b500        0x5 /home/parag/bl_iot_sdk/customer_app/SWEMS/build_out/freertos_riscv_ram/libfreertos_riscv_ram.a(tasks.o)
 *fill*         0x000000002300b505        0x3 
 .rodata.prvTimerTask
                0x000000002300b508       0x28 /home/parag/bl_iot_sdk/customer_app/SWEMS/build_out/freertos_riscv_ram/libfreertos_riscv_ram.a(timers.o)
 .rodata.prvCheckForValidListAndQueue.str1.4
                0x000000002300b530        0x5 /home/parag/bl_iot_sdk/customer_app/SWEMS/build_out/freertos_riscv_ram/libfreertos_riscv_ram.a(timers.o)
 *fill*         0x000000002300b535        0x3 
 .rodata.xTimerCreateTimerTask.str1.4
                0x000000002300b538        0x8 /home/parag/bl_iot_sdk/customer_app/SWEMS/build_out/freertos_riscv_ram/libfreertos_riscv_ram.a(timers.o)
 .rodata        0x000000002300b540       0x20 /home/parag/bl_iot_sdk/customer_app/SWEMS/build_out/hal_drv/libhal_drv.a(bl_uart.o)
 .rodata.exception_entry
                0x000000002300b560       0x40 /home/parag/bl_iot_sdk/customer_app/SWEMS/build_out/hal_drv/libhal_drv.a(bl_irq.o)
 .rodata.exception_entry.str1.4
                0x000000002300b5a0      0x26c /home/parag/bl_iot_sdk/customer_app/SWEMS/build_out/hal_drv/libhal_drv.a(bl_irq.o)
 .rodata.interrupt_entry.str1.4
                0x000000002300b80c       0x40 /home/parag/bl_iot_sdk/customer_app/SWEMS/build_out/hal_drv/libhal_drv.a(bl_irq.o)
 .rodata.vApplicationMallocFailedHook.str1.4
                0x000000002300b84c       0x34 /home/parag/bl_iot_sdk/customer_app/SWEMS/build_out/SWEMS/libSWEMS.a(freertos.o)
 .rodata.vApplicationStackOverflowHook.str1.4
                0x000000002300b880       0x2c /home/parag/bl_iot_sdk/customer_app/SWEMS/build_out/SWEMS/libSWEMS.a(freertos.o)
 .rodata.ADC_Parse_Result.cst4
                0x000000002300b8ac        0xc /home/parag/bl_iot_sdk/customer_app/SWEMS/build_out/bl602_std/libbl602_std.a(bl602_adc.o)
 .rodata.ADC_Parse_Result.cst8
                0x000000002300b8b8       0x30 /home/parag/bl_iot_sdk/customer_app/SWEMS/build_out/bl602_std/libbl602_std.a(bl602_adc.o)
 .rodata.Default_Handler.str1.4
                0x000000002300b8e8       0x12 /home/parag/bl_iot_sdk/customer_app/SWEMS/build_out/bl602_std/libbl602_std.a(bl602_common.o)
 .rodata.str1.4
                0x000000002300b8fa       0x14 /home/parag/bl_iot_sdk/toolchain/riscv/Linux/bin/../lib/gcc/riscv64-unknown-elf/8.3.0/../../../../riscv64-unknown-elf/lib/rv32imf/ilp32f/libm.a(lib_a-w_log10.o)
                                          0x1 (size before relaxing)
 .rodata.str1.4
                0x000000002300b8fa        0x1 /home/parag/bl_iot_sdk/toolchain/riscv/Linux/bin/../lib/gcc/riscv64-unknown-elf/8.3.0/../../../../riscv64-unknown-elf/lib/rv32imf/ilp32f/libm.a(lib_a-e_pow.o)
 *fill*         0x000000002300b8fa        0x6 
 .rodata        0x000000002300b900       0x10 /home/parag/bl_iot_sdk/toolchain/riscv/Linux/bin/../lib/gcc/riscv64-unknown-elf/8.3.0/../../../../riscv64-unknown-elf/lib/rv32imf/ilp32f/libm.a(lib_a-s_rint.o)
 .rodata        0x000000002300b910       0x3c /home/parag/bl_iot_sdk/toolchain/riscv/Linux/bin/../lib/gcc/riscv64-unknown-elf/8.3.0/rv32imf/ilp32f/libgcc.a(divdf3.o)
 .rodata        0x000000002300b94c       0x3c /home/parag/bl_iot_sdk/toolchain/riscv/Linux/bin/../lib/gcc/riscv64-unknown-elf/8.3.0/rv32imf/ilp32f/libgcc.a(muldf3.o)
 .rodata        0x000000002300b988      0x100 /home/parag/bl_iot_sdk/toolchain/riscv/Linux/bin/../lib/gcc/riscv64-unknown-elf/8.3.0/rv32imf/ilp32f/libgcc.a(_clz.o)
                0x000000002300b988                __clz_tab
 *(.sdata2.*)
 .sdata2.pullMachineTimerCompareRegister
                0x000000002300ba88        0x4 /home/parag/bl_iot_sdk/customer_app/SWEMS/build_out/freertos_riscv_ram/libfreertos_riscv_ram.a(port.o)
                0x000000002300ba88                pullMachineTimerCompareRegister
 .sdata2.uxTimerIncrementsForOneTick
                0x000000002300ba8c        0x4 /home/parag/bl_iot_sdk/customer_app/SWEMS/build_out/freertos_riscv_ram/libfreertos_riscv_ram.a(port.o)
                0x000000002300ba8c                uxTimerIncrementsForOneTick
 .sdata2.xISRStackTop
                0x000000002300ba90        0x4 /home/parag/bl_iot_sdk/customer_app/SWEMS/build_out/freertos_riscv_ram/libfreertos_riscv_ram.a(port.o)
                0x000000002300ba90                xISRStackTop
 .sdata2.uartAddr
                0x000000002300ba94        0x8 /home/parag/bl_iot_sdk/customer_app/SWEMS/build_out/hal_drv/libhal_drv.a(bl_uart.o)
 .sdata2.uartAddr
                0x000000002300ba9c        0x8 /home/parag/bl_iot_sdk/customer_app/SWEMS/build_out/bl602_std/libbl602_std.a(bl602_uart.o)
                0x000000002300baa4                . = ALIGN (0x4)
                0x000000002300baa4                _bl_static_cli_cmds_start = .
 *(.static_cli_cmds)
 *(.static_cli_cmds)
                0x000000002300baa4                _bl_static_cli_cmds_end = .
                0x000000002300baa4                . = ALIGN (0x4)
                0x000000002300baa4                _bl_static_fw_cfg_entry_start = .
 *(.wifi.cfg.entry)
                0x000000002300baa4                _bl_static_fw_cfg_entry_end = .
                0x000000002300baa4                . = ALIGN (0x4)
                0x000000002300baa4                _bl_static_blogcomponent_code_start = .
 SORT_BY_NAME(*)(.static_blogcomponent_code*)
 *(.static_blogcomponent_code*)
                0x000000002300baa4                _bl_static_blogcomponent_code_end = .
                0x000000002300baa4                . = ALIGN (0x4)
                0x000000002300baa4                _bl_static_blogfile_code_start = .
 SORT_BY_NAME(*)(.static_blogfile_code*)
 *(.static_blogfile_code*)
                0x000000002300baa4                _bl_static_blogfile_code_end = .
                0x000000002300baa4                . = ALIGN (0x4)
                0x000000002300baa4                _bl_static_blogpri_code_start = .
 SORT_BY_NAME(*)(.static_blogpri_code*)
 *(.static_blogpri_code*)
                0x000000002300baa4                _bl_static_blogpri_code_end = .
 *(.gnu.linkonce.r.*)
                0x000000002300baa4                . = ALIGN (0x4)
                0x000000002300baa4                _rom_framework_audio_device_start = .
 *(.framework.audio_device)
                0x000000002300baa4                _rom_framework_audio_device_end = .

.rela.dyn       0x000000002300baa4        0x0
 .rela.init     0x000000002300baa4        0x0 /home/parag/bl_iot_sdk/customer_app/SWEMS/build_out/bl602/libbl602.a(start.o)
 .rela.text.hal_boot2_get_flash_addr
                0x000000002300baa4        0x0 /home/parag/bl_iot_sdk/customer_app/SWEMS/build_out/bl602/libbl602.a(start.o)
 .rela.text.task_buzzer
                0x000000002300baa4        0x0 /home/parag/bl_iot_sdk/customer_app/SWEMS/build_out/bl602/libbl602.a(start.o)
 .rela.text.task_dht
                0x000000002300baa4        0x0 /home/parag/bl_iot_sdk/customer_app/SWEMS/build_out/bl602/libbl602.a(start.o)
 .rela.data.xHeapRegions
                0x000000002300baa4        0x0 /home/parag/bl_iot_sdk/customer_app/SWEMS/build_out/bl602/libbl602.a(start.o)
 .rela.text.xPortStartScheduler
                0x000000002300baa4        0x0 /home/parag/bl_iot_sdk/customer_app/SWEMS/build_out/bl602/libbl602.a(start.o)
 .rela.sdata2.xISRStackTop
                0x000000002300baa4        0x0 /home/parag/bl_iot_sdk/customer_app/SWEMS/build_out/bl602/libbl602.a(start.o)
 .rela.text.vQueueAddToRegistry
                0x000000002300baa4        0x0 /home/parag/bl_iot_sdk/customer_app/SWEMS/build_out/bl602/libbl602.a(start.o)
 .rela.text.exception_entry
                0x000000002300baa4        0x0 /home/parag/bl_iot_sdk/customer_app/SWEMS/build_out/bl602/libbl602.a(start.o)

.preinit_array  0x000000002300baa4        0x0
                0x000000002300baa4                . = ALIGN (0x4)
                0x000000002300baa4                __preinit_array_start = .
 *(.preinit_array)
                0x000000002300baa4                __preinit_array_end = .

.init_array     0x000000002300baa4        0x0
                0x000000002300baa4                . = ALIGN (0x4)
                0x000000002300baa4                __init_array_start = .
 *(SORT_BY_INIT_PRIORITY(.init_array.*))
 *(.init_array)
                0x000000002300baa4                __init_array_end = .

.wifibss        0x0000000042042000        0x0
                0x0000000042042000                PROVIDE (__wifi_bss_start = ADDR (.wifibss))
                0x0000000042042000                PROVIDE (__wifi_bss_end = (ADDR (.wifibss) + SIZEOF (.wifibss)))
 *ipc_shared.o(COMMON)
 *sdu_shared.o(COMMON)
 *hal_desc.o(COMMON)
 *txl_buffer_shared.o(COMMON)
 *txl_frame_shared.o(COMMON)
 *scan_shared.o(COMMON)
 *scanu_shared.o(COMMON)
 *mfp_bip.o(COMMON)
 *me_mic.o(COMMON)
 *bl_sta_mgmt_others.o(COMMON)
 *bl_pmk_mgmt.o(COMMON)
 *bl_pmk_mgmt_internal.o(COMMON)
 *libwifi_drv.a:bl_utils.o(COMMON)
 *libwifi_drv.a:bl_utils.o(.bss*)
 *(.wifi_ram*)
                0x0000000042042000                . = ALIGN (0x10)
                0x0000000042042000                PROVIDE (_heap_wifi_start = .)
                0x000000000000a000                PROVIDE (_heap_wifi_size = ((ORIGIN (ram_wifi) + LENGTH (ram_wifi)) - _heap_wifi_start))

.romdata        0x000000004200c000      0x498 load address 0x000000002300baa4
                [!provide]                        PROVIDE (__global_pointer_head$ = .)
                0x000000004200c7f0                PROVIDE (__global_pointer$ = (. + 0x7f0))
                0x000000004200c498                . = (. + 0x498)
 *fill*         0x000000004200c000      0x498 

.data           0x000000004200c498     0x1088 load address 0x000000002300baa4
                0x000000002300baa4                PROVIDE (_data_load = LOADADDR (.data))
                0x000000004200c498                PROVIDE (_data_run = ADDR (.data))
                0x000000004200d520                PROVIDE (_data_run_end = (ADDR (.data) + SIZEOF (.data)))
 *(.tcm_code)
 .tcm_code      0x000000004200c498      0x550 /home/parag/bl_iot_sdk/customer_app/SWEMS/build_out/bl602_std/libbl602_std.a(bl602_romapi.o)
                0x000000004200c498                AON_Power_On_BG
                0x000000004200c4a2                AON_Power_Off_BG
                0x000000004200c4ac                AON_Power_On_LDO11_SOC
                0x000000004200c4b6                AON_Power_Off_LDO11_SOC
                0x000000004200c4c0                AON_Power_On_LDO15_RF
                0x000000004200c4ca                AON_Power_Off_LDO15_RF
                0x000000004200c4d4                AON_Power_On_SFReg
                0x000000004200c4de                AON_Power_Off_SFReg
                0x000000004200c4e8                AON_LowPower_Enter_PDS0
                0x000000004200c4f2                AON_LowPower_Exit_PDS0
                0x000000004200c4fc                ASM_Delay_Us
                0x000000004200c506                BL602_Delay_US
                0x000000004200c510                BL602_Delay_MS
                0x000000004200c51a                BL602_MemCpy
                0x000000004200c524                BL602_MemCpy4
                0x000000004200c52e                BL602_MemCpy_Fast
                0x000000004200c538                BL602_MemSet
                0x000000004200c542                BL602_MemSet4
                0x000000004200c54c                BL602_MemCmp
                0x000000004200c556                EF_Ctrl_Sw_AHB_Clk_0
                0x000000004200c560                EF_Ctrl_Program_Efuse_0
                0x000000004200c56a                EF_Ctrl_Load_Efuse_R0
                0x000000004200c574                EF_Ctrl_Busy
                0x000000004200c57e                EF_Ctrl_AutoLoad_Done
                0x000000004200c588                EF_Ctrl_Clear
                0x000000004200c592                GLB_SW_System_Reset
                0x000000004200c59c                GLB_SW_CPU_Reset
                0x000000004200c5a6                GLB_SW_POR_Reset
                0x000000004200c5b0                GLB_Select_Internal_Flash
                0x000000004200c5ba                GLB_Select_External_Flash
                0x000000004200c5c4                GLB_Deswap_Flash_Pin
                0x000000004200c5ce                GLB_Swap_Flash_Pin
                0x000000004200c5d8                GLB_GPIO_Init
                0x000000004200c5e2                GLB_GPIO_OUTPUT_Enable
                0x000000004200c5ec                GLB_GPIO_OUTPUT_Disable
                0x000000004200c5f6                GLB_GPIO_Set_HZ
                0x000000004200c600                GLB_GPIO_Get_Fun
                0x000000004200c60a                HBN_Mode_Enter
                0x000000004200c614                HBN_Power_Down_Flash
                0x000000004200c61e                HBN_Enable
                0x000000004200c628                HBN_Reset
                0x000000004200c632                HBN_Set_Ldo11_Aon_Vout
                0x000000004200c63c                HBN_Set_Ldo11_Rt_Vout
                0x000000004200c646                HBN_Set_Ldo11_Soc_Vout
                0x000000004200c650                HBN_Hw_Pu_Pd_Cfg
                0x000000004200c65a                HBN_Pin_WakeUp_Mask
                0x000000004200c664                HBN_GPIO7_Dbg_Pull_Cfg
                0x000000004200c66e                HBN_Set_Embedded_Flash_Pullup
                0x000000004200c678                L1C_Set_Wrap
                0x000000004200c682                L1C_Set_Way_Disable
                0x000000004200c68c                L1C_IROM_2T_Access_Set
                0x000000004200c696                PDS_Reset
                0x000000004200c6a0                PDS_Force_Config
                0x000000004200c6aa                PDS_RAM_Config
                0x000000004200c6b4                PDS_Default_Level_Config
                0x000000004200c6be                SEC_Eng_Turn_On_Sec_Ring
                0x000000004200c6c8                SEC_Eng_Turn_Off_Sec_Ring
                0x000000004200c6d2                SFlash_Init
                0x000000004200c6dc                SFlash_SetSPIMode
                0x000000004200c6e6                SFlash_Read_Reg
                0x000000004200c6f0                SFlash_Write_Reg
                0x000000004200c6fa                SFlash_Busy
                0x000000004200c704                SFlash_Write_Enable
                0x000000004200c70e                SFlash_Qspi_Enable
                0x000000004200c718                SFlash_Volatile_Reg_Write_Enable
                0x000000004200c722                SFlash_Chip_Erase
                0x000000004200c72c                SFlash_Sector_Erase
                0x000000004200c736                SFlash_Blk32_Erase
                0x000000004200c740                SFlash_Blk64_Erase
                0x000000004200c74a                SFlash_Erase
                0x000000004200c754                SFlash_Program
                0x000000004200c75e                SFlash_GetUniqueId
                0x000000004200c768                SFlash_GetJedecId
                0x000000004200c772                SFlash_GetDeviceId
                0x000000004200c77c                SFlash_Powerdown
                0x000000004200c786                SFlash_Releae_Powerdown
                0x000000004200c790                SFlash_SetBurstWrap
                0x000000004200c79a                SFlash_DisableBurstWrap
                0x000000004200c7a4                SFlash_Software_Reset
                0x000000004200c7ae                SFlash_Reset_Continue_Read
                0x000000004200c7b8                SFlash_Set_IDbus_Cfg
                0x000000004200c7c2                SFlash_IDbus_Read_Enable
                0x000000004200c7cc                SFlash_Cache_Enable_Set
                0x000000004200c7d6                SFlash_Cache_Flush
                0x000000004200c7e0                SFlash_Cache_Read_Enable
                0x000000004200c7ea                SFlash_Cache_Hit_Count_Get
                0x000000004200c7f4                SFlash_Cache_Miss_Count_Get
                0x000000004200c7fe                SFlash_Cache_Read_Disable
                0x000000004200c808                SFlash_Read
                0x000000004200c812                SFlash_Read_Reg_With_Cmd
                0x000000004200c81c                SFlash_Write_Reg_With_Cmd
                0x000000004200c826                SF_Cfg_Init_Ext_Flash_Gpio
                0x000000004200c830                SF_Cfg_Init_Internal_Flash_Gpio
                0x000000004200c83a                SF_Cfg_Deinit_Ext_Flash_Gpio
                0x000000004200c844                SF_Cfg_Restore_GPIO17_Fun
                0x000000004200c84e                SF_Cfg_Get_Flash_Cfg_Need_Lock
                0x000000004200c858                SF_Cfg_Init_Flash_Gpio
                0x000000004200c862                SF_Cfg_Flash_Identify
                0x000000004200c86c                SF_Ctrl_Enable
                0x000000004200c876                SF_Ctrl_Select_Pad
                0x000000004200c880                SF_Ctrl_Set_Owner
                0x000000004200c88a                SF_Ctrl_Disable
                0x000000004200c894                SF_Ctrl_AES_Enable_BE
                0x000000004200c89e                SF_Ctrl_AES_Enable_LE
                0x000000004200c8a8                SF_Ctrl_AES_Set_Region
                0x000000004200c8b2                SF_Ctrl_AES_Set_Key
                0x000000004200c8bc                SF_Ctrl_AES_Set_Key_BE
                0x000000004200c8c6                SF_Ctrl_AES_Set_IV
                0x000000004200c8d0                SF_Ctrl_AES_Set_IV_BE
                0x000000004200c8da                SF_Ctrl_AES_Enable
                0x000000004200c8e4                SF_Ctrl_AES_Disable
                0x000000004200c8ee                SF_Ctrl_Set_Flash_Image_Offset
                0x000000004200c8f8                SF_Ctrl_Get_Flash_Image_Offset
                0x000000004200c902                SF_Ctrl_Select_Clock
                0x000000004200c90c                SF_Ctrl_SendCmd
                0x000000004200c916                SF_Ctrl_Icache_Set
                0x000000004200c920                SF_Ctrl_Icache2_Set
                0x000000004200c92a                SF_Ctrl_GetBusyState
                0x000000004200c934                SF_Ctrl_Is_AES_Enable
                0x000000004200c93e                SF_Ctrl_Get_Clock_Delay
                0x000000004200c948                SF_Ctrl_Set_Clock_Delay
                0x000000004200c952                XIP_SFlash_State_Save
                0x000000004200c95c                XIP_SFlash_State_Restore
                0x000000004200c966                XIP_SFlash_Erase_Need_Lock
                0x000000004200c970                XIP_SFlash_Write_Need_Lock
                0x000000004200c97a                XIP_SFlash_Read_Need_Lock
                0x000000004200c984                XIP_SFlash_GetJedecId_Need_Lock
                0x000000004200c98e                XIP_SFlash_GetDeviceId_Need_Lock
                0x000000004200c998                XIP_SFlash_GetUniqueId_Need_Lock
                0x000000004200c9a2                XIP_SFlash_Read_Via_Cache_Need_Lock
                0x000000004200c9ac                XIP_SFlash_Read_With_Lock
                0x000000004200c9b6                XIP_SFlash_Write_With_Lock
                0x000000004200c9c0                XIP_SFlash_Erase_With_Lock
                0x000000004200c9ca                XIP_SFlash_Opt_Enter
                0x000000004200c9d4                XIP_SFlash_Opt_Exit
                0x000000004200c9de                BFLB_Soft_CRC32
 *(.tcm_const)
 *(.sclock_rlt_code)
 .sclock_rlt_code
                0x000000004200c9e8      0x25e /home/parag/bl_iot_sdk/customer_app/SWEMS/build_out/bl602_std/libbl602_std.a(bl602_adc.o)
                0x000000004200c9e8                ADC_Trim_TSEN
                0x000000004200cb5c                ADC_Gain_Trim
 .sclock_rlt_code
                0x000000004200cc46      0x140 /home/parag/bl_iot_sdk/customer_app/SWEMS/build_out/bl602_std/libbl602_std.a(bl602_ef_ctrl.o)
                0x000000004200cce4                EF_Ctrl_Read_TSEN_Trim
                0x000000004200cd40                EF_Ctrl_Read_ADC_Gain_Trim
 .sclock_rlt_code
                0x000000004200cd86      0x154 /home/parag/bl_iot_sdk/customer_app/SWEMS/build_out/bl602_std/libbl602_std.a(bl602_romapi.o)
                0x000000004200cd86                AON_Power_On_MBG
                0x000000004200cd90                AON_Power_Off_MBG
                0x000000004200cd9a                AON_Power_On_XTAL
                0x000000004200cda4                AON_Set_Xtal_CapCode
                0x000000004200cdae                AON_Get_Xtal_CapCode
                0x000000004200cdb8                AON_Power_Off_XTAL
                0x000000004200cdc2                EF_Ctrl_Get_Trim_Parity
                0x000000004200cdcc                EF_Ctrl_Read_RC32M_Trim
                0x000000004200cdd6                EF_Ctrl_Read_RC32K_Trim
                0x000000004200cde0                GLB_Get_Root_CLK_Sel
                0x000000004200cdea                GLB_Set_System_CLK_Div
                0x000000004200cdf4                GLB_Get_BCLK_Div
                0x000000004200cdfe                GLB_Get_HCLK_Div
                0x000000004200ce08                Update_SystemCoreClockWith_XTAL
                0x000000004200ce12                GLB_Set_System_CLK
                0x000000004200ce1c                System_Core_Clock_Update_From_RC32M
                0x000000004200ce26                GLB_Set_SF_CLK
                0x000000004200ce30                GLB_Set_PKA_CLK_Sel
                0x000000004200ce3a                HBN_32K_Sel
                0x000000004200ce44                HBN_Set_ROOT_CLK_Sel
                0x000000004200ce4e                HBN_Power_On_Xtal_32K
                0x000000004200ce58                HBN_Power_Off_Xtal_32K
                0x000000004200ce62                HBN_Power_On_RC32K
                0x000000004200ce6c                HBN_Power_Off_RC32K
                0x000000004200ce76                HBN_Trim_RC32K
                0x000000004200ce80                PDS_Trim_RC32M
                0x000000004200ce8a                PDS_Select_RC32M_As_PLL_Ref
                0x000000004200ce94                PDS_Select_XTAL_As_PLL_Ref
                0x000000004200ce9e                PDS_Power_On_PLL
                0x000000004200cea8                PDS_Enable_PLL_All_Clks
                0x000000004200ceb2                PDS_Disable_PLL_All_Clks
                0x000000004200cebc                PDS_Enable_PLL_Clk
                0x000000004200cec6                PDS_Disable_PLL_Clk
                0x000000004200ced0                PDS_Power_Off_PLL
 *(.sclock_rlt_const)
 *(.data .data.*)
 *fill*         0x000000004200ceda        0x2 
 .data.xHeapRegions
                0x000000004200cedc       0x20 /home/parag/bl_iot_sdk/customer_app/SWEMS/build_out/SWEMS/libSWEMS.a(main.o)
 *fill*         0x000000004200cefc        0x4 
 .data          0x000000004200cf00      0x428 /home/parag/bl_iot_sdk/toolchain/riscv/Linux/bin/../lib/gcc/riscv64-unknown-elf/8.3.0/../../../../riscv64-unknown-elf/lib/rv32imf/ilp32f/libc.a(lib_a-impure.o)
 *(.gnu.linkonce.d.*)
 *(.sdata .sdata.*)
 .sdata.ppm     0x000000004200d328        0x8 /home/parag/bl_iot_sdk/customer_app/SWEMS/build_out/SWEMS/libSWEMS.a(main.o)
                0x000000004200d328                ppm
 .sdata.pTrapNetCounter
                0x000000004200d330        0x4 /home/parag/bl_iot_sdk/customer_app/SWEMS/build_out/freertos_riscv_ram/libfreertos_riscv_ram.a(port.o)
                0x000000004200d330                pTrapNetCounter
 .sdata.pullNextTime
                0x000000004200d334        0x4 /home/parag/bl_iot_sdk/customer_app/SWEMS/build_out/freertos_riscv_ram/libfreertos_riscv_ram.a(port.o)
                0x000000004200d334                pullNextTime
 .sdata.sys_log_all_enable
                0x000000004200d338        0x1 /home/parag/bl_iot_sdk/customer_app/SWEMS/build_out/hal_drv/libhal_drv.a(bl_sys.o)
                0x000000004200d338                sys_log_all_enable
 *fill*         0x000000004200d339        0x3 
 .sdata.uxTopUsedPriority
                0x000000004200d33c        0x4 /home/parag/bl_iot_sdk/customer_app/SWEMS/build_out/SWEMS/libSWEMS.a(freertos.o)
                0x000000004200d33c                uxTopUsedPriority
 .sdata.adcGainCoeffCal
                0x000000004200d340        0x8 /home/parag/bl_iot_sdk/customer_app/SWEMS/build_out/bl602_std/libbl602_std.a(bl602_adc.o)
 .sdata         0x000000004200d348        0x4 /home/parag/bl_iot_sdk/toolchain/riscv/Linux/bin/../lib/gcc/riscv64-unknown-elf/8.3.0/../../../../riscv64-unknown-elf/lib/rv32imf/ilp32f/libc.a(lib_a-impure.o)
                0x000000004200d348                _impure_ptr
 *(.gnu.linkonce.s.*)
                0x000000004200d350                . = ALIGN (0x8)
 *fill*         0x000000004200d34c        0x4 
 *(.srodata.cst16)
 *(.srodata.cst8)
 .srodata.cst8  0x000000004200d350       0x20 /home/parag/bl_iot_sdk/customer_app/SWEMS/build_out/bl602_std/libbl602_std.a(bl602_adc.o)
 .srodata.cst8  0x000000004200d370        0x8 /home/parag/bl_iot_sdk/toolchain/riscv/Linux/bin/../lib/gcc/riscv64-unknown-elf/8.3.0/../../../../riscv64-unknown-elf/lib/rv32imf/ilp32f/libm.a(lib_a-w_log10.o)
 .srodata.cst8  0x000000004200d378        0x8 /home/parag/bl_iot_sdk/toolchain/riscv/Linux/bin/../lib/gcc/riscv64-unknown-elf/8.3.0/../../../../riscv64-unknown-elf/lib/rv32imf/ilp32f/libm.a(lib_a-w_pow.o)
                                         0x18 (size before relaxing)
 .srodata.cst8  0x000000004200d380       0x28 /home/parag/bl_iot_sdk/toolchain/riscv/Linux/bin/../lib/gcc/riscv64-unknown-elf/8.3.0/../../../../riscv64-unknown-elf/lib/rv32imf/ilp32f/libm.a(lib_a-e_log10.o)
 .srodata.cst8  0x000000004200d3a8       0x60 /home/parag/bl_iot_sdk/toolchain/riscv/Linux/bin/../lib/gcc/riscv64-unknown-elf/8.3.0/../../../../riscv64-unknown-elf/lib/rv32imf/ilp32f/libm.a(lib_a-e_log.o)
                                         0x78 (size before relaxing)
 .srodata.cst8  0x000000004200d408       0xf0 /home/parag/bl_iot_sdk/toolchain/riscv/Linux/bin/../lib/gcc/riscv64-unknown-elf/8.3.0/../../../../riscv64-unknown-elf/lib/rv32imf/ilp32f/libm.a(lib_a-e_pow.o)
                                        0x110 (size before relaxing)
 .srodata.cst8  0x000000004200d4f8        0x8 /home/parag/bl_iot_sdk/toolchain/riscv/Linux/bin/../lib/gcc/riscv64-unknown-elf/8.3.0/../../../../riscv64-unknown-elf/lib/rv32imf/ilp32f/libm.a(lib_a-s_nan.o)
 .srodata.cst8  0x000000004200d500       0x18 /home/parag/bl_iot_sdk/toolchain/riscv/Linux/bin/../lib/gcc/riscv64-unknown-elf/8.3.0/../../../../riscv64-unknown-elf/lib/rv32imf/ilp32f/libm.a(lib_a-s_scalbn.o)
                                         0x30 (size before relaxing)
 *(.srodata.cst4)
 *(.srodata.cst2)
 *(.srodata .srodata.*)
 .srodata       0x000000004200d518        0x4 /home/parag/bl_iot_sdk/customer_app/SWEMS/build_out/hal_drv/libhal_drv.a(bl_uart.o)
                0x000000004200d520                . = ALIGN (0x8)
 *fill*         0x000000004200d51c        0x4 
 *(._k_queue.static.*)
 *(._k_sem.static.*)
 *(._k_mutex.static.*)
                0x000000004200d520                _net_buf_pool_list = .
 *(SORT_BY_NAME(._net_buf_pool.static.*))
                0x000000004200d520                _bt_gatt_service_static_list_start = .
 *(SORT_BY_NAME(._bt_gatt_service_static.static.*))
                0x000000004200d520                _bt_gatt_service_static_list_end = .
                0x000000004200d520                _bt_l2cap_fixed_chan_list_start = .
 *(SORT_BY_NAME(._bt_l2cap_fixed_chan.static.*))
                0x000000004200d520                _bt_l2cap_fixed_chan_list_end = .

.boot2          0x000000004200d520      0x258 load address 0x000000002300cb2c
                0x000000004200d520                PROVIDE (__boot2_pt_addr_start = .)
 *(.bss.boot2_partition_table)
 .bss.boot2_partition_table
                0x000000004200d520      0x258 /home/parag/bl_iot_sdk/customer_app/SWEMS/build_out/hal_drv/libhal_drv.a(hal_boot2.o)
                0x000000004200d778                PROVIDE (__boot2_pt_addr_end = .)
                0x000000004200d778                PROVIDE (__boot2_flashCfg_start = .)
 *(.bss.boot2_flashCfg)
                0x000000004200d778                PROVIDE (__boot2_flashCfg_end = .)

.bss            0x000000004200d778     0x3930 load address 0x000000002300cb2c
                0x000000004200d778                PROVIDE (__bss_start = ADDR (.bss))
                0x00000000420110a8                PROVIDE (__bss_end = (ADDR (.bss) + SIZEOF (.bss)))
 *(.sbss*)
 .sbss.pxCurrentTCB
                0x000000004200d778        0x4 /home/parag/bl_iot_sdk/customer_app/SWEMS/build_out/freertos_riscv_ram/libfreertos_riscv_ram.a(tasks.o)
                0x000000004200d778                pxCurrentTCB
 .sbss.pxDelayedTaskList
                0x000000004200d77c        0x4 /home/parag/bl_iot_sdk/customer_app/SWEMS/build_out/freertos_riscv_ram/libfreertos_riscv_ram.a(tasks.o)
 .sbss.pxOverflowDelayedTaskList
                0x000000004200d780        0x4 /home/parag/bl_iot_sdk/customer_app/SWEMS/build_out/freertos_riscv_ram/libfreertos_riscv_ram.a(tasks.o)
 .sbss.uxCurrentNumberOfTasks
                0x000000004200d784        0x4 /home/parag/bl_iot_sdk/customer_app/SWEMS/build_out/freertos_riscv_ram/libfreertos_riscv_ram.a(tasks.o)
 .sbss.uxDeletedTasksWaitingCleanUp
                0x000000004200d788        0x4 /home/parag/bl_iot_sdk/customer_app/SWEMS/build_out/freertos_riscv_ram/libfreertos_riscv_ram.a(tasks.o)
 .sbss.uxPendedTicks
                0x000000004200d78c        0x4 /home/parag/bl_iot_sdk/customer_app/SWEMS/build_out/freertos_riscv_ram/libfreertos_riscv_ram.a(tasks.o)
 .sbss.uxSchedulerSuspended
                0x000000004200d790        0x4 /home/parag/bl_iot_sdk/customer_app/SWEMS/build_out/freertos_riscv_ram/libfreertos_riscv_ram.a(tasks.o)
 .sbss.uxTaskNumber
                0x000000004200d794        0x4 /home/parag/bl_iot_sdk/customer_app/SWEMS/build_out/freertos_riscv_ram/libfreertos_riscv_ram.a(tasks.o)
 .sbss.uxTopReadyPriority
                0x000000004200d798        0x4 /home/parag/bl_iot_sdk/customer_app/SWEMS/build_out/freertos_riscv_ram/libfreertos_riscv_ram.a(tasks.o)
 .sbss.xNextTaskUnblockTime
                0x000000004200d79c        0x4 /home/parag/bl_iot_sdk/customer_app/SWEMS/build_out/freertos_riscv_ram/libfreertos_riscv_ram.a(tasks.o)
 .sbss.xNumOfOverflows
                0x000000004200d7a0        0x4 /home/parag/bl_iot_sdk/customer_app/SWEMS/build_out/freertos_riscv_ram/libfreertos_riscv_ram.a(tasks.o)
 .sbss.xSchedulerRunning
                0x000000004200d7a4        0x4 /home/parag/bl_iot_sdk/customer_app/SWEMS/build_out/freertos_riscv_ram/libfreertos_riscv_ram.a(tasks.o)
 .sbss.xTickCount
                0x000000004200d7a8        0x4 /home/parag/bl_iot_sdk/customer_app/SWEMS/build_out/freertos_riscv_ram/libfreertos_riscv_ram.a(tasks.o)
 .sbss.xYieldPending
                0x000000004200d7ac        0x4 /home/parag/bl_iot_sdk/customer_app/SWEMS/build_out/freertos_riscv_ram/libfreertos_riscv_ram.a(tasks.o)
 .sbss.pxCurrentTimerList
                0x000000004200d7b0        0x4 /home/parag/bl_iot_sdk/customer_app/SWEMS/build_out/freertos_riscv_ram/libfreertos_riscv_ram.a(timers.o)
 .sbss.pxOverflowTimerList
                0x000000004200d7b4        0x4 /home/parag/bl_iot_sdk/customer_app/SWEMS/build_out/freertos_riscv_ram/libfreertos_riscv_ram.a(timers.o)
 .sbss.xLastTime.2297
                0x000000004200d7b8        0x4 /home/parag/bl_iot_sdk/customer_app/SWEMS/build_out/freertos_riscv_ram/libfreertos_riscv_ram.a(timers.o)
 .sbss.xTimerQueue
                0x000000004200d7bc        0x4 /home/parag/bl_iot_sdk/customer_app/SWEMS/build_out/freertos_riscv_ram/libfreertos_riscv_ram.a(timers.o)
 .sbss.xTimerTaskHandle
                0x000000004200d7c0        0x4 /home/parag/bl_iot_sdk/customer_app/SWEMS/build_out/freertos_riscv_ram/libfreertos_riscv_ram.a(timers.o)
 .sbss.TrapNetCounter
                0x000000004200d7c4        0x4 /home/parag/bl_iot_sdk/customer_app/SWEMS/build_out/freertos_riscv_ram/libfreertos_riscv_ram.a(port.o)
                0x000000004200d7c4                TrapNetCounter
 .sbss.ullNextTime
                0x000000004200d7c8        0x8 /home/parag/bl_iot_sdk/customer_app/SWEMS/build_out/freertos_riscv_ram/libfreertos_riscv_ram.a(port.o)
                0x000000004200d7c8                ullNextTime
 .sbss.pxEnd    0x000000004200d7d0        0x4 /home/parag/bl_iot_sdk/customer_app/SWEMS/build_out/freertos_riscv_ram/libfreertos_riscv_ram.a(heap_5.o)
 .sbss.xBlockAllocatedBit
                0x000000004200d7d4        0x4 /home/parag/bl_iot_sdk/customer_app/SWEMS/build_out/freertos_riscv_ram/libfreertos_riscv_ram.a(heap_5.o)
 .sbss.xFreeBytesRemaining
                0x000000004200d7d8        0x4 /home/parag/bl_iot_sdk/customer_app/SWEMS/build_out/freertos_riscv_ram/libfreertos_riscv_ram.a(heap_5.o)
 .sbss.xMinimumEverFreeBytesRemaining
                0x000000004200d7dc        0x4 /home/parag/bl_iot_sdk/customer_app/SWEMS/build_out/freertos_riscv_ram/libfreertos_riscv_ram.a(heap_5.o)
 .sbss.xStart   0x000000004200d7e0        0x8 /home/parag/bl_iot_sdk/customer_app/SWEMS/build_out/freertos_riscv_ram/libfreertos_riscv_ram.a(heap_5.o)
 .sbss.uart_clk_init.7788
                0x000000004200d7e8        0x1 /home/parag/bl_iot_sdk/customer_app/SWEMS/build_out/hal_drv/libhal_drv.a(bl_uart.o)
 *fill*         0x000000004200d7e9        0x3 
 .sbss.dma_copy_list
                0x000000004200d7ec        0x8 /home/parag/bl_iot_sdk/customer_app/SWEMS/build_out/hal_drv/libhal_drv.a(bl_dma.o)
 .sbss.uart_dbg_disable
                0x000000004200d7f4        0x1 /home/parag/bl_iot_sdk/customer_app/SWEMS/build_out/bl602_std/libbl602_std.a(platform_device.o)
 *fill*         0x000000004200d7f5        0x3 
 .sbss.init_tick_rtc
                0x000000004200d7f8        0x4 /home/parag/bl_iot_sdk/customer_app/SWEMS/build_out/bltime/libbltime.a(bl_sys_time.o)
 .sbss.init_tick_rtos
                0x000000004200d7fc        0x4 /home/parag/bl_iot_sdk/customer_app/SWEMS/build_out/bltime/libbltime.a(bl_sys_time.o)
 .sbss.sync_init
                0x000000004200d800        0x4 /home/parag/bl_iot_sdk/customer_app/SWEMS/build_out/bltime/libbltime.a(bl_sys_time.o)
 .sbss          0x000000004200d804        0x4 /home/parag/bl_iot_sdk/toolchain/riscv/Linux/bin/../lib/gcc/riscv64-unknown-elf/8.3.0/../../../../riscv64-unknown-elf/lib/rv32imf/ilp32f/libm.a(lib_a-s_lib_ver.o)
                0x000000004200d804                __fdlib_version
 *(.gnu.linkonce.sb.*)
 *(.bss .bss.*)
 .bss.adc_data.4352
                0x000000004200d808     0x1000 /home/parag/bl_iot_sdk/customer_app/SWEMS/build_out/SWEMS/libSWEMS.a(main.o)
 .bss.buzzer_stack.5259
                0x000000004200e808      0x200 /home/parag/bl_iot_sdk/customer_app/SWEMS/build_out/SWEMS/libSWEMS.a(main.o)
 .bss.buzzer_task.5260
                0x000000004200ea08       0x60 /home/parag/bl_iot_sdk/customer_app/SWEMS/build_out/SWEMS/libSWEMS.a(main.o)
 .bss.dht_stack.5261
                0x000000004200ea68      0xc00 /home/parag/bl_iot_sdk/customer_app/SWEMS/build_out/SWEMS/libSWEMS.a(main.o)
 .bss.dht_task.5262
                0x000000004200f668       0x60 /home/parag/bl_iot_sdk/customer_app/SWEMS/build_out/SWEMS/libSWEMS.a(main.o)
 .bss.mq4_stack.5257
                0x000000004200f6c8      0x800 /home/parag/bl_iot_sdk/customer_app/SWEMS/build_out/SWEMS/libSWEMS.a(main.o)
 .bss.mq4_task.5258
                0x000000004200fec8       0x60 /home/parag/bl_iot_sdk/customer_app/SWEMS/build_out/SWEMS/libSWEMS.a(main.o)
 .bss.string    0x000000004200ff28      0x200 /home/parag/bl_iot_sdk/customer_app/SWEMS/build_out/bl602/libbl602.a(debug.o)
 .bss.pxReadyTasksLists
                0x0000000042010128      0x280 /home/parag/bl_iot_sdk/customer_app/SWEMS/build_out/freertos_riscv_ram/libfreertos_riscv_ram.a(tasks.o)
 .bss.xDelayedTaskList1
                0x00000000420103a8       0x14 /home/parag/bl_iot_sdk/customer_app/SWEMS/build_out/freertos_riscv_ram/libfreertos_riscv_ram.a(tasks.o)
 .bss.xDelayedTaskList2
                0x00000000420103bc       0x14 /home/parag/bl_iot_sdk/customer_app/SWEMS/build_out/freertos_riscv_ram/libfreertos_riscv_ram.a(tasks.o)
 .bss.xPendingReadyList
                0x00000000420103d0       0x14 /home/parag/bl_iot_sdk/customer_app/SWEMS/build_out/freertos_riscv_ram/libfreertos_riscv_ram.a(tasks.o)
 .bss.xSuspendedTaskList
                0x00000000420103e4       0x14 /home/parag/bl_iot_sdk/customer_app/SWEMS/build_out/freertos_riscv_ram/libfreertos_riscv_ram.a(tasks.o)
 .bss.xTasksWaitingTermination
                0x00000000420103f8       0x14 /home/parag/bl_iot_sdk/customer_app/SWEMS/build_out/freertos_riscv_ram/libfreertos_riscv_ram.a(tasks.o)
 .bss.ucStaticTimerQueueStorage.2344
                0x000000004201040c       0x40 /home/parag/bl_iot_sdk/customer_app/SWEMS/build_out/freertos_riscv_ram/libfreertos_riscv_ram.a(timers.o)
 .bss.xActiveTimerList1
                0x000000004201044c       0x14 /home/parag/bl_iot_sdk/customer_app/SWEMS/build_out/freertos_riscv_ram/libfreertos_riscv_ram.a(timers.o)
 .bss.xActiveTimerList2
                0x0000000042010460       0x14 /home/parag/bl_iot_sdk/customer_app/SWEMS/build_out/freertos_riscv_ram/libfreertos_riscv_ram.a(timers.o)
 .bss.xStaticTimerQueue.2343
                0x0000000042010474       0x50 /home/parag/bl_iot_sdk/customer_app/SWEMS/build_out/freertos_riscv_ram/libfreertos_riscv_ram.a(timers.o)
 .bss.g_uart_notify_arg
                0x00000000420104c4       0x20 /home/parag/bl_iot_sdk/customer_app/SWEMS/build_out/hal_drv/libhal_drv.a(bl_uart.o)
 .bss.handler_list
                0x00000000420104e4      0x280 /home/parag/bl_iot_sdk/customer_app/SWEMS/build_out/hal_drv/libhal_drv.a(bl_irq.o)
 .bss.uxIdleTaskStack.2391
                0x0000000042010764      0x180 /home/parag/bl_iot_sdk/customer_app/SWEMS/build_out/SWEMS/libSWEMS.a(freertos.o)
 .bss.uxTimerTaskStack.2398
                0x00000000420108e4      0x640 /home/parag/bl_iot_sdk/customer_app/SWEMS/build_out/SWEMS/libSWEMS.a(freertos.o)
 .bss.xIdleTaskTCB.2390
                0x0000000042010f24       0x60 /home/parag/bl_iot_sdk/customer_app/SWEMS/build_out/SWEMS/libSWEMS.a(freertos.o)
 .bss.xTimerTaskTCB.2397
                0x0000000042010f84       0x60 /home/parag/bl_iot_sdk/customer_app/SWEMS/build_out/SWEMS/libSWEMS.a(freertos.o)
 .bss.print_buf.9485
                0x0000000042010fe4       0x80 /home/parag/bl_iot_sdk/customer_app/SWEMS/build_out/bl602_std/libbl602_std.a(platform_device.o)
 *(.gnu.linkonce.b.*)
 *(COMMON)
 COMMON         0x0000000042011064        0x4 /home/parag/bl_iot_sdk/customer_app/SWEMS/build_out/SWEMS/libSWEMS.a(main.o)
                0x0000000042011064                temp
                0x0000000042011066                humidity
 COMMON         0x0000000042011068       0x40 /home/parag/bl_iot_sdk/customer_app/SWEMS/build_out/freertos_riscv_ram/libfreertos_riscv_ram.a(queue.o)
                0x0000000042011068                xQueueRegistry
                0x00000000420110a8                PROVIDE (_heap_start = .)
                0x0000000000030758                PROVIDE (_heap_size = (ADDR (.stack) - _heap_start))

.stack          0x0000000042041800      0x800
                0x0000000042042000                . = (. + __stack_size)
 *fill*         0x0000000042041800      0x800 
                0x0000000042042000                PROVIDE (_sp_main = .)
                0x0000000042042000                __freertos_irq_stack_top = .
                [!provide]                        PROVIDE (_ld_bl_static_cli_cmds_start = _bl_static_cli_cmds_start)
                [!provide]                        PROVIDE (_ld_bl_static_cli_cmds_end = _bl_static_cli_cmds_end)
                [!provide]                        PROVIDE (_ld_bl_static_cfg_entry_start = _bl_static_fw_cfg_entry_start)
                [!provide]                        PROVIDE (_ld_bl_static_cfg_entry_end = _bl_static_fw_cfg_entry_end)
                [!provide]                        PROVIDE (_ld_bl_static_blogcomponent_code_start = _bl_static_blogcomponent_code_start)
                [!provide]                        PROVIDE (_ld_bl_static_blogcomponent_code_end = _bl_static_blogcomponent_code_end)
                [!provide]                        PROVIDE (_ld_bl_static_blogfile_code_start = _bl_static_blogfile_code_start)
                [!provide]                        PROVIDE (_ld_bl_static_blogfile_code_end = _bl_static_blogfile_code_end)
                [!provide]                        PROVIDE (_ld_bl_static_blogpri_code_start = _bl_static_blogpri_code_start)
                [!provide]                        PROVIDE (_ld_bl_static_blogpri_code_end = _bl_static_blogpri_code_end)
                [!provide]                        PROVIDE (_ld_ram_size0 = LENGTH (flash))
                [!provide]                        PROVIDE (_ld_ram_addr0 = ORIGIN (flash))
                [!provide]                        PROVIDE (_ld_ram_size1 = LENGTH (ram_tcm))
                [!provide]                        PROVIDE (_ld_ram_addr1 = ORIGIN (ram_tcm))
                [!provide]                        PROVIDE (_ld_ram_size2 = LENGTH (ram_wifi))
                [!provide]                        PROVIDE (_ld_ram_addr2 = ORIGIN (ram_wifi))
                0x0000000042049c00                PROVIDE (__boot2_pt_addr_src = BOOT2_PT_ADDR)
                0x0000000042049c18                PROVIDE (__boot2_flashCfg_src = BOOT2_FLASHCFG_ADDR)
                [!provide]                        PROVIDE (xTaskGetTickCount = 0x21017694)
                [!provide]                        PROVIDE (xTaskGetTickCountFromISR = 0x210176aa)
                [!provide]                        PROVIDE (pvPortMalloc = 0x21019662)
                [!provide]                        PROVIDE (vPortFree = 0x2101973a)
                [!provide]                        PROVIDE (vTaskNotifyGiveFromISR = 0x210188e8)
                [!provide]                        PROVIDE (vTaskSwitchContext = 0x21017a04)
                [!provide]                        PROVIDE (ulTaskNotifyTake = 0x21018548)
                [!provide]                        PROVIDE (vTaskExitCritical = 0x210183f4)
                [!provide]                        PROVIDE (vTaskEnterCritical = 0x210183e4)
                [!provide]                        PROVIDE (xTaskGetCurrentTaskHandle = 0x21018152)