Archive member included to satisfy reference by file (symbol)

/home/parag/bl_iot_sdk/customer_app/SWEMS/build_out/bl602/libbl602.a(start.o)
                              (bl602_start)
/home/parag/bl_iot_sdk/customer_app/SWEMS/build_out/hal_drv/libhal_drv.a(hal_boot2.o)
                              /home/parag/bl_iot_sdk/customer_app/SWEMS/build_out/bl602/libbl602.a(start.o) (hal_boot2_get_flash_addr)
/home/parag/bl_iot_sdk/customer_app/SWEMS/build_out/hal_drv/libhal_drv.a(bl_boot2.o)
                              /home/parag/bl_iot_sdk/customer_app/SWEMS/build_out/hal_drv/libhal_drv.a(hal_boot2.o) (PtTable_Update_Entry)
/home/parag/bl_iot_sdk/customer_app/SWEMS/build_out/hal_drv/libhal_drv.a(bl_flash.o)
                              /home/parag/bl_iot_sdk/customer_app/SWEMS/build_out/hal_drv/libhal_drv.a(bl_boot2.o) (bl_flash_erase)
/home/parag/bl_iot_sdk/customer_app/SWEMS/build_out/bl602_std/libbl602_std.a(softcrc.o)
                              /home/parag/bl_iot_sdk/customer_app/SWEMS/build_out/hal_drv/libhal_drv.a(bl_boot2.o) (BFLB_Soft_CRC32)
/home/parag/bl_iot_sdk/toolchain/riscv/Linux/bin/../lib/gcc/riscv64-unknown-elf/8.3.0/../../../../riscv64-unknown-elf/lib/rv32imf/ilp32f/libc.a(lib_a-memcpy.o)
                              /home/parag/bl_iot_sdk/customer_app/SWEMS/build_out/hal_drv/libhal_drv.a(bl_boot2.o) (memcpy)
/home/parag/bl_iot_sdk/toolchain/riscv/Linux/bin/../lib/gcc/riscv64-unknown-elf/8.3.0/../../../../riscv64-unknown-elf/lib/rv32imf/ilp32f/libc.a(lib_a-strcmp.o)
                              /home/parag/bl_iot_sdk/customer_app/SWEMS/build_out/hal_drv/libhal_drv.a(hal_boot2.o) (strcmp)

Discarded input sections

 .text          0x0000000000000000        0x0 /home/parag/bl_iot_sdk/customer_app/SWEMS/build_out/bl602/libbl602.a(start.o)
 .data          0x0000000000000000        0x0 /home/parag/bl_iot_sdk/customer_app/SWEMS/build_out/bl602/libbl602.a(start.o)
 .bss           0x0000000000000000        0x0 /home/parag/bl_iot_sdk/customer_app/SWEMS/build_out/bl602/libbl602.a(start.o)
 .eh_frame      0x0000000000000000       0x2c /home/parag/bl_iot_sdk/customer_app/SWEMS/build_out/bl602/libbl602.a(start.o)
 .text          0x0000000000000000        0x0 /home/parag/bl_iot_sdk/customer_app/SWEMS/build_out/hal_drv/libhal_drv.a(hal_boot2.o)
 .data          0x0000000000000000        0x0 /home/parag/bl_iot_sdk/customer_app/SWEMS/build_out/hal_drv/libhal_drv.a(hal_boot2.o)
 .bss           0x0000000000000000        0x0 /home/parag/bl_iot_sdk/customer_app/SWEMS/build_out/hal_drv/libhal_drv.a(hal_boot2.o)
 .text.hal_boot2_set_ptable_opt
                0x0000000000000000        0x8 /home/parag/bl_iot_sdk/customer_app/SWEMS/build_out/hal_drv/libhal_drv.a(hal_boot2.o)
 .text.hal_boot2_update_ptable
                0x0000000000000000       0x3a /home/parag/bl_iot_sdk/customer_app/SWEMS/build_out/hal_drv/libhal_drv.a(hal_boot2.o)
 .text.hal_boot2_partition_bus_addr
                0x0000000000000000      0x17c /home/parag/bl_iot_sdk/customer_app/SWEMS/build_out/hal_drv/libhal_drv.a(hal_boot2.o)
 .text.hal_boot2_partition_bus_addr_active
                0x0000000000000000       0x40 /home/parag/bl_iot_sdk/customer_app/SWEMS/build_out/hal_drv/libhal_drv.a(hal_boot2.o)
 .text.hal_boot2_partition_bus_addr_inactive
                0x0000000000000000       0x40 /home/parag/bl_iot_sdk/customer_app/SWEMS/build_out/hal_drv/libhal_drv.a(hal_boot2.o)
 .text.hal_boot2_partition_addr
                0x0000000000000000       0xc0 /home/parag/bl_iot_sdk/customer_app/SWEMS/build_out/hal_drv/libhal_drv.a(hal_boot2.o)
 .text.hal_boot2_partition_addr_active
                0x0000000000000000       0x40 /home/parag/bl_iot_sdk/customer_app/SWEMS/build_out/hal_drv/libhal_drv.a(hal_boot2.o)
 .text.hal_boot2_partition_addr_inactive
                0x0000000000000000       0x40 /home/parag/bl_iot_sdk/customer_app/SWEMS/build_out/hal_drv/libhal_drv.a(hal_boot2.o)
 .text.hal_boot2_get_active_partition
                0x0000000000000000        0xa /home/parag/bl_iot_sdk/customer_app/SWEMS/build_out/hal_drv/libhal_drv.a(hal_boot2.o)
 .text.hal_boot2_get_active_entries
                0x0000000000000000       0x28 /home/parag/bl_iot_sdk/customer_app/SWEMS/build_out/hal_drv/libhal_drv.a(hal_boot2.o)
 .text.hal_boot2_dump
                0x0000000000000000        0x4 /home/parag/bl_iot_sdk/customer_app/SWEMS/build_out/hal_drv/libhal_drv.a(hal_boot2.o)
 .text.hal_boot2_init
                0x0000000000000000       0x24 /home/parag/bl_iot_sdk/customer_app/SWEMS/build_out/hal_drv/libhal_drv.a(hal_boot2.o)
 .rodata.hal_boot2_partition_bus_addr.str1.4
                0x0000000000000000        0x3 /home/parag/bl_iot_sdk/customer_app/SWEMS/build_out/hal_drv/libhal_drv.a(hal_boot2.o)
 .text          0x0000000000000000        0x0 /home/parag/bl_iot_sdk/customer_app/SWEMS/build_out/hal_drv/libhal_drv.a(bl_boot2.o)
 .data          0x0000000000000000        0x0 /home/parag/bl_iot_sdk/customer_app/SWEMS/build_out/hal_drv/libhal_drv.a(bl_boot2.o)
 .bss           0x0000000000000000        0x0 /home/parag/bl_iot_sdk/customer_app/SWEMS/build_out/hal_drv/libhal_drv.a(bl_boot2.o)
 .text.PtTable_Update_Entry
                0x0000000000000000       0xfc /home/parag/bl_iot_sdk/customer_app/SWEMS/build_out/hal_drv/libhal_drv.a(bl_boot2.o)
 .text.PtTable_Get_Active_Entries
                0x0000000000000000       0x58 /home/parag/bl_iot_sdk/customer_app/SWEMS/build_out/hal_drv/libhal_drv.a(bl_boot2.o)
 .debug_info    0x0000000000000000     0x118e /home/parag/bl_iot_sdk/customer_app/SWEMS/build_out/hal_drv/libhal_drv.a(bl_boot2.o)
 .debug_abbrev  0x0000000000000000      0x26d /home/parag/bl_iot_sdk/customer_app/SWEMS/build_out/hal_drv/libhal_drv.a(bl_boot2.o)
 .debug_loc     0x0000000000000000      0x2df /home/parag/bl_iot_sdk/customer_app/SWEMS/build_out/hal_drv/libhal_drv.a(bl_boot2.o)
 .debug_aranges
                0x0000000000000000       0x28 /home/parag/bl_iot_sdk/customer_app/SWEMS/build_out/hal_drv/libhal_drv.a(bl_boot2.o)
 .debug_ranges  0x0000000000000000       0x18 /home/parag/bl_iot_sdk/customer_app/SWEMS/build_out/hal_drv/libhal_drv.a(bl_boot2.o)
 .debug_line    0x0000000000000000      0x645 /home/parag/bl_iot_sdk/customer_app/SWEMS/build_out/hal_drv/libhal_drv.a(bl_boot2.o)
 .debug_str     0x0000000000000000      0xc49 /home/parag/bl_iot_sdk/customer_app/SWEMS/build_out/hal_drv/libhal_drv.a(bl_boot2.o)
 .comment       0x0000000000000000       0x29 /home/parag/bl_iot_sdk/customer_app/SWEMS/build_out/hal_drv/libhal_drv.a(bl_boot2.o)
 .debug_frame   0x0000000000000000       0x68 /home/parag/bl_iot_sdk/customer_app/SWEMS/build_out/hal_drv/libhal_drv.a(bl_boot2.o)
 .riscv.attributes
                0x0000000000000000       0x2b /home/parag/bl_iot_sdk/customer_app/SWEMS/build_out/hal_drv/libhal_drv.a(bl_boot2.o)
 .text          0x0000000000000000        0x0 /home/parag/bl_iot_sdk/customer_app/SWEMS/build_out/hal_drv/libhal_drv.a(bl_flash.o)
 .data          0x0000000000000000        0x0 /home/parag/bl_iot_sdk/customer_app/SWEMS/build_out/hal_drv/libhal_drv.a(bl_flash.o)
 .bss           0x0000000000000000        0x0 /home/parag/bl_iot_sdk/customer_app/SWEMS/build_out/hal_drv/libhal_drv.a(bl_flash.o)
 .text.bl_flash_erase
                0x0000000000000000       0x30 /home/parag/bl_iot_sdk/customer_app/SWEMS/build_out/hal_drv/libhal_drv.a(bl_flash.o)
 .text.bl_flash_write
                0x0000000000000000       0x32 /home/parag/bl_iot_sdk/customer_app/SWEMS/build_out/hal_drv/libhal_drv.a(bl_flash.o)
 .text.bl_flash_read
                0x0000000000000000       0x32 /home/parag/bl_iot_sdk/customer_app/SWEMS/build_out/hal_drv/libhal_drv.a(bl_flash.o)
 .text.bl_flash_config_update
                0x0000000000000000        0x4 /home/parag/bl_iot_sdk/customer_app/SWEMS/build_out/hal_drv/libhal_drv.a(bl_flash.o)
 .text.bl_flash_get_flashCfg
                0x0000000000000000        0xa /home/parag/bl_iot_sdk/customer_app/SWEMS/build_out/hal_drv/libhal_drv.a(bl_flash.o)
 .text.bl_flash_read_byxip
                0x0000000000000000       0x4a /home/parag/bl_iot_sdk/customer_app/SWEMS/build_out/hal_drv/libhal_drv.a(bl_flash.o)
 .bss.boot2_flashCfg
                0x0000000000000000       0x58 /home/parag/bl_iot_sdk/customer_app/SWEMS/build_out/hal_drv/libhal_drv.a(bl_flash.o)
 .debug_info    0x0000000000000000     0x13e2 /home/parag/bl_iot_sdk/customer_app/SWEMS/build_out/hal_drv/libhal_drv.a(bl_flash.o)
 .debug_abbrev  0x0000000000000000      0x2bf /home/parag/bl_iot_sdk/customer_app/SWEMS/build_out/hal_drv/libhal_drv.a(bl_flash.o)
 .debug_loc     0x0000000000000000      0x295 /home/parag/bl_iot_sdk/customer_app/SWEMS/build_out/hal_drv/libhal_drv.a(bl_flash.o)
 .debug_aranges
                0x0000000000000000       0x48 /home/parag/bl_iot_sdk/customer_app/SWEMS/build_out/hal_drv/libhal_drv.a(bl_flash.o)
 .debug_ranges  0x0000000000000000       0x38 /home/parag/bl_iot_sdk/customer_app/SWEMS/build_out/hal_drv/libhal_drv.a(bl_flash.o)
 .debug_line    0x0000000000000000      0x5e2 /home/parag/bl_iot_sdk/customer_app/SWEMS/build_out/hal_drv/libhal_drv.a(bl_flash.o)
 .debug_str     0x0000000000000000     0x2299 /home/parag/bl_iot_sdk/customer_app/SWEMS/build_out/hal_drv/libhal_drv.a(bl_flash.o)
 .comment       0x0000000000000000       0x29 /home/parag/bl_iot_sdk/customer_app/SWEMS/build_out/hal_drv/libhal_drv.a(bl_flash.o)
 .debug_frame   0x0000000000000000       0xa8 /home/parag/bl_iot_sdk/customer_app/SWEMS/build_out/hal_drv/libhal_drv.a(bl_flash.o)
 .riscv.attributes
                0x0000000000000000       0x2b /home/parag/bl_iot_sdk/customer_app/SWEMS/build_out/hal_drv/libhal_drv.a(bl_flash.o)
 .text          0x0000000000000000        0x0 /home/parag/bl_iot_sdk/customer_app/SWEMS/build_out/bl602_std/libbl602_std.a(softcrc.o)
 .data          0x0000000000000000        0x0 /home/parag/bl_iot_sdk/customer_app/SWEMS/build_out/bl602_std/libbl602_std.a(softcrc.o)
 .bss           0x0000000000000000        0x0 /home/parag/bl_iot_sdk/customer_app/SWEMS/build_out/bl602_std/libbl602_std.a(softcrc.o)
 .text.BFLB_Soft_CRC16
                0x0000000000000000       0x40 /home/parag/bl_iot_sdk/customer_app/SWEMS/build_out/bl602_std/libbl602_std.a(softcrc.o)
 .text.BFLB_Soft_CRC32_Table
                0x0000000000000000       0x2e /home/parag/bl_iot_sdk/customer_app/SWEMS/build_out/bl602_std/libbl602_std.a(softcrc.o)
 .tcm_code      0x0000000000000000       0x34 /home/parag/bl_iot_sdk/customer_app/SWEMS/build_out/bl602_std/libbl602_std.a(softcrc.o)
 .rodata.chCRCHTalbe
                0x0000000000000000      0x100 /home/parag/bl_iot_sdk/customer_app/SWEMS/build_out/bl602_std/libbl602_std.a(softcrc.o)
 .rodata.chCRCLTalbe
                0x0000000000000000      0x100 /home/parag/bl_iot_sdk/customer_app/SWEMS/build_out/bl602_std/libbl602_std.a(softcrc.o)
 .rodata.crc32Tab
                0x0000000000000000      0x400 /home/parag/bl_iot_sdk/customer_app/SWEMS/build_out/bl602_std/libbl602_std.a(softcrc.o)
 .debug_info    0x0000000000000000      0xaea /home/parag/bl_iot_sdk/customer_app/SWEMS/build_out/bl602_std/libbl602_std.a(softcrc.o)
 .debug_abbrev  0x0000000000000000      0x246 /home/parag/bl_iot_sdk/customer_app/SWEMS/build_out/bl602_std/libbl602_std.a(softcrc.o)
 .debug_loc     0x0000000000000000      0x240 /home/parag/bl_iot_sdk/customer_app/SWEMS/build_out/bl602_std/libbl602_std.a(softcrc.o)
 .debug_aranges
                0x0000000000000000       0x30 /home/parag/bl_iot_sdk/customer_app/SWEMS/build_out/bl602_std/libbl602_std.a(softcrc.o)
 .debug_ranges  0x0000000000000000       0x20 /home/parag/bl_iot_sdk/customer_app/SWEMS/build_out/bl602_std/libbl602_std.a(softcrc.o)
 .debug_line    0x0000000000000000      0x40b /home/parag/bl_iot_sdk/customer_app/SWEMS/build_out/bl602_std/libbl602_std.a(softcrc.o)
 .debug_str     0x0000000000000000      0x65d /home/parag/bl_iot_sdk/customer_app/SWEMS/build_out/bl602_std/libbl602_std.a(softcrc.o)
 .comment       0x0000000000000000       0x29 /home/parag/bl_iot_sdk/customer_app/SWEMS/build_out/bl602_std/libbl602_std.a(softcrc.o)
 .debug_frame   0x0000000000000000       0x40 /home/parag/bl_iot_sdk/customer_app/SWEMS/build_out/bl602_std/libbl602_std.a(softcrc.o)
 .riscv.attributes
                0x0000000000000000       0x2b /home/parag/bl_iot_sdk/customer_app/SWEMS/build_out/bl602_std/libbl602_std.a(softcrc.o)
 .text          0x0000000000000000      0x11c /home/parag/bl_iot_sdk/toolchain/riscv/Linux/bin/../lib/gcc/riscv64-unknown-elf/8.3.0/../../../../riscv64-unknown-elf/lib/rv32imf/ilp32f/libc.a(lib_a-memcpy.o)
 .data          0x0000000000000000        0x0 /home/parag/bl_iot_sdk/toolchain/riscv/Linux/bin/../lib/gcc/riscv64-unknown-elf/8.3.0/../../../../riscv64-unknown-elf/lib/rv32imf/ilp32f/libc.a(lib_a-memcpy.o)
 .bss           0x0000000000000000        0x0 /home/parag/bl_iot_sdk/toolchain/riscv/Linux/bin/../lib/gcc/riscv64-unknown-elf/8.3.0/../../../../riscv64-unknown-elf/lib/rv32imf/ilp32f/libc.a(lib_a-memcpy.o)
 .comment       0x0000000000000000       0x29 /home/parag/bl_iot_sdk/toolchain/riscv/Linux/bin/../lib/gcc/riscv64-unknown-elf/8.3.0/../../../../riscv64-unknown-elf/lib/rv32imf/ilp32f/libc.a(lib_a-memcpy.o)
 .riscv.attributes
                0x0000000000000000       0x26 /home/parag/bl_iot_sdk/toolchain/riscv/Linux/bin/../lib/gcc/riscv64-unknown-elf/8.3.0/../../../../riscv64-unknown-elf/lib/rv32imf/ilp32f/libc.a(lib_a-memcpy.o)
 .text          0x0000000000000000      0x17c /home/parag/bl_iot_sdk/toolchain/riscv/Linux/bin/../lib/gcc/riscv64-unknown-elf/8.3.0/../../../../riscv64-unknown-elf/lib/rv32imf/ilp32f/libc.a(lib_a-strcmp.o)
 .data          0x0000000000000000        0x0 /home/parag/bl_iot_sdk/toolchain/riscv/Linux/bin/../lib/gcc/riscv64-unknown-elf/8.3.0/../../../../riscv64-unknown-elf/lib/rv32imf/ilp32f/libc.a(lib_a-strcmp.o)
 .bss           0x0000000000000000        0x0 /home/parag/bl_iot_sdk/toolchain/riscv/Linux/bin/../lib/gcc/riscv64-unknown-elf/8.3.0/../../../../riscv64-unknown-elf/lib/rv32imf/ilp32f/libc.a(lib_a-strcmp.o)
 .riscv.attributes
                0x0000000000000000       0x24 /home/parag/bl_iot_sdk/toolchain/riscv/Linux/bin/../lib/gcc/riscv64-unknown-elf/8.3.0/../../../../riscv64-unknown-elf/lib/rv32imf/ilp32f/libc.a(lib_a-strcmp.o)

Memory Configuration

Name             Origin             Length             Attributes
rom              0x0000000021015000 0x000000000000b000 axrl !w
flash            0x0000000023000000 0x0000000000400000 axrl !w
ram_tcm          0x000000004200c000 0x0000000000036000 axw
ram_wifi         0x0000000042042000 0x000000000000a000 axw
*default*        0x0000000000000000 0xffffffffffffffff

Linker script and memory map

START GROUP
LOAD /home/parag/bl_iot_sdk/customer_app/SWEMS/build_out/bl602/libbl602.a
LOAD /home/parag/bl_iot_sdk/customer_app/SWEMS/build_out/bl602_std/libbl602_std.a
LOAD /home/parag/bl_iot_sdk/customer_app/SWEMS/build_out/blfdt/libblfdt.a
LOAD /home/parag/bl_iot_sdk/customer_app/SWEMS/build_out/blmtd/libblmtd.a
LOAD /home/parag/bl_iot_sdk/customer_app/SWEMS/build_out/blog/libblog.a
LOAD /home/parag/bl_iot_sdk/customer_app/SWEMS/build_out/blog_testc/libblog_testc.a
LOAD /home/parag/bl_iot_sdk/customer_app/SWEMS/build_out/bloop/libbloop.a
LOAD /home/parag/bl_iot_sdk/customer_app/SWEMS/build_out/bltime/libbltime.a
LOAD /home/parag/bl_iot_sdk/customer_app/SWEMS/build_out/cli/libcli.a
LOAD /home/parag/bl_iot_sdk/customer_app/SWEMS/build_out/freertos_riscv_ram/libfreertos_riscv_ram.a
LOAD /home/parag/bl_iot_sdk/customer_app/SWEMS/build_out/hal_drv/libhal_drv.a
LOAD /home/parag/bl_iot_sdk/customer_app/SWEMS/build_out/looprt/liblooprt.a
LOAD /home/parag/bl_iot_sdk/customer_app/SWEMS/build_out/loopset/libloopset.a
LOAD /home/parag/bl_iot_sdk/customer_app/SWEMS/build_out/romfs/libromfs.a
LOAD /home/parag/bl_iot_sdk/customer_app/SWEMS/build_out/utils/libutils.a
LOAD /home/parag/bl_iot_sdk/customer_app/SWEMS/build_out/vfs/libvfs.a
LOAD /home/parag/bl_iot_sdk/customer_app/SWEMS/build_out/yloop/libyloop.a
END GROUP
LOAD /home/parag/bl_iot_sdk/toolchain/riscv/Linux/bin/../lib/gcc/riscv64-unknown-elf/8.3.0/../../../../riscv64-unknown-elf/lib/rv32imf/ilp32f/libm.a
LOAD /home/parag/bl_iot_sdk/toolchain/riscv/Linux/bin/../lib/gcc/riscv64-unknown-elf/8.3.0/rv32imf/ilp32f/libgcc.a
START GROUP
LOAD /home/parag/bl_iot_sdk/toolchain/riscv/Linux/bin/../lib/gcc/riscv64-unknown-elf/8.3.0/../../../../riscv64-unknown-elf/lib/rv32imf/ilp32f/libc.a
LOAD /home/parag/bl_iot_sdk/toolchain/riscv/Linux/bin/../lib/gcc/riscv64-unknown-elf/8.3.0/../../../../riscv64-unknown-elf/lib/rv32imf/ilp32f/libgloss.a
END GROUP
LOAD /home/parag/bl_iot_sdk/toolchain/riscv/Linux/bin/../lib/gcc/riscv64-unknown-elf/8.3.0/rv32imf/ilp32f/libgcc.a
                0x0000000000000000                __EM_SIZE = DEFINED (ble_controller_init)?0x2000:0x0
                0x0000000000000800                __stack_size = DEFINED (__stack_size)?__stack_size:0x800
                0x0000000042049c00                BOOT2_PT_ADDR = 0x42049c00
                0x0000000042049c18                BOOT2_FLASHCFG_ADDR = 0x42049c18

.init           0x0000000023000000      0x11a
 *(SORT_NONE(.init))
 .init          0x0000000023000000      0x11a /home/parag/bl_iot_sdk/customer_app/SWEMS/build_out/bl602/libbl602.a(start.o)
                0x0000000023000000                bl602_start

.text           0x000000002300011a       0x18
 *(.text.unlikely .text.unlikely.*)
 *(.text.startup .text.startup.*)
 *(.text .text.*)
 .text.hal_boot2_get_flash_addr
                0x000000002300011a       0x18 /home/parag/bl_iot_sdk/customer_app/SWEMS/build_out/hal_drv/libhal_drv.a(hal_boot2.o)
                0x000000002300011a                hal_boot2_get_flash_addr
 *(.gnu.linkonce.t.*)

.rela.dyn       0x0000000023000134        0x0
 .rela.init     0x0000000023000134        0x0 /home/parag/bl_iot_sdk/customer_app/SWEMS/build_out/bl602/libbl602.a(start.o)
 .rela.text.hal_boot2_get_flash_addr
                0x0000000023000134        0x0 /home/parag/bl_iot_sdk/customer_app/SWEMS/build_out/bl602/libbl602.a(start.o)

.rodata         0x0000000023000132        0x2
 *(.rdata)
 *(.rodata .rodata.*)
 *(.sdata2.*)
                0x0000000023000134                . = ALIGN (0x4)
 *fill*         0x0000000023000132        0x2 
                0x0000000023000134                _bl_static_cli_cmds_start = .
 *(.static_cli_cmds)
 *(.static_cli_cmds)
                0x0000000023000134                _bl_static_cli_cmds_end = .
                0x0000000023000134                . = ALIGN (0x4)
                0x0000000023000134                _bl_static_fw_cfg_entry_start = .
 *(.wifi.cfg.entry)
                0x0000000023000134                _bl_static_fw_cfg_entry_end = .
                0x0000000023000134                . = ALIGN (0x4)
                0x0000000023000134                _bl_static_blogcomponent_code_start = .
 SORT_BY_NAME(*)(.static_blogcomponent_code*)
 *(.static_blogcomponent_code*)
                0x0000000023000134                _bl_static_blogcomponent_code_end = .
                0x0000000023000134                . = ALIGN (0x4)
                0x0000000023000134                _bl_static_blogfile_code_start = .
 SORT_BY_NAME(*)(.static_blogfile_code*)
 *(.static_blogfile_code*)
                0x0000000023000134                _bl_static_blogfile_code_end = .
                0x0000000023000134                . = ALIGN (0x4)
                0x0000000023000134                _bl_static_blogpri_code_start = .
 SORT_BY_NAME(*)(.static_blogpri_code*)
 *(.static_blogpri_code*)
                0x0000000023000134                _bl_static_blogpri_code_end = .
 *(.gnu.linkonce.r.*)
                0x0000000023000134                . = ALIGN (0x4)
                0x0000000023000134                _rom_framework_audio_device_start = .
 *(.framework.audio_device)
                0x0000000023000134                _rom_framework_audio_device_end = .

.preinit_array  0x0000000023000134        0x0
                0x0000000023000134                . = ALIGN (0x4)
                0x0000000023000134                __preinit_array_start = .
 *(.preinit_array)
                0x0000000023000134                __preinit_array_end = .

.init_array     0x0000000023000134        0x0
                0x0000000023000134                . = ALIGN (0x4)
                0x0000000023000134                __init_array_start = .
 *(SORT_BY_INIT_PRIORITY(.init_array.*))
 *(.init_array)
                0x0000000023000134                __init_array_end = .

.wifibss        0x0000000042042000        0x0
                0x0000000042042000                PROVIDE (__wifi_bss_start = ADDR (.wifibss))
                0x0000000042042000                PROVIDE (__wifi_bss_end = (ADDR (.wifibss) + SIZEOF (.wifibss)))
 *ipc_shared.o(COMMON)
 *sdu_shared.o(COMMON)
 *hal_desc.o(COMMON)
 *txl_buffer_shared.o(COMMON)
 *txl_frame_shared.o(COMMON)
 *scan_shared.o(COMMON)
 *scanu_shared.o(COMMON)
 *mfp_bip.o(COMMON)
 *me_mic.o(COMMON)
 *bl_sta_mgmt_others.o(COMMON)
 *bl_pmk_mgmt.o(COMMON)
 *bl_pmk_mgmt_internal.o(COMMON)
 *libwifi_drv.a:bl_utils.o(COMMON)
 *libwifi_drv.a:bl_utils.o(.bss*)
 *(.wifi_ram*)
                0x0000000042042000                . = ALIGN (0x10)
                [!provide]                        PROVIDE (_heap_wifi_start = .)
                [!provide]                        PROVIDE (_heap_wifi_size = ((ORIGIN (ram_wifi) + LENGTH (ram_wifi)) - _heap_wifi_start))

.romdata        0x000000004200c000      0x498 load address 0x0000000023000134
                [!provide]                        PROVIDE (__global_pointer_head$ = .)
                0x000000004200c7f0                PROVIDE (__global_pointer$ = (. + 0x7f0))
                0x000000004200c498                . = (. + 0x498)
 *fill*         0x000000004200c000      0x498 

.data           0x000000004200c498        0x0 load address 0x0000000023000134
                0x0000000023000134                PROVIDE (_data_load = LOADADDR (.data))
                0x000000004200c498                PROVIDE (_data_run = ADDR (.data))
                0x000000004200c498                PROVIDE (_data_run_end = (ADDR (.data) + SIZEOF (.data)))
 *(.tcm_code)
 *(.tcm_const)
 *(.sclock_rlt_code)
 *(.sclock_rlt_const)
 *(.data .data.*)
 *(.gnu.linkonce.d.*)
 *(.sdata .sdata.*)
 *(.gnu.linkonce.s.*)
                0x000000004200c498                . = ALIGN (0x8)
 *(.srodata.cst16)
 *(.srodata.cst8)
 *(.srodata.cst4)
 *(.srodata.cst2)
 *(.srodata .srodata.*)
                0x000000004200c498                . = ALIGN (0x8)
 *(._k_queue.static.*)
 *(._k_sem.static.*)
 *(._k_mutex.static.*)
                0x000000004200c498                _net_buf_pool_list = .
 *(SORT_BY_NAME(._net_buf_pool.static.*))
                0x000000004200c498                _bt_gatt_service_static_list_start = .
 *(SORT_BY_NAME(._bt_gatt_service_static.static.*))
                0x000000004200c498                _bt_gatt_service_static_list_end = .
                0x000000004200c498                _bt_l2cap_fixed_chan_list_start = .
 *(SORT_BY_NAME(._bt_l2cap_fixed_chan.static.*))
                0x000000004200c498                _bt_l2cap_fixed_chan_list_end = .

.boot2          0x000000004200c498      0x258 load address 0x0000000023000134
                0x000000004200c498                PROVIDE (__boot2_pt_addr_start = .)
 *(.bss.boot2_partition_table)
 .bss.boot2_partition_table
                0x000000004200c498      0x258 /home/parag/bl_iot_sdk/customer_app/SWEMS/build_out/hal_drv/libhal_drv.a(hal_boot2.o)
                0x000000004200c6f0                PROVIDE (__boot2_pt_addr_end = .)
                0x000000004200c6f0                PROVIDE (__boot2_flashCfg_start = .)
 *(.bss.boot2_flashCfg)
                0x000000004200c6f0                PROVIDE (__boot2_flashCfg_end = .)

.bss            0x000000004200c6f0        0x0 load address 0x0000000023000134
                0x000000004200c6f0                PROVIDE (__bss_start = ADDR (.bss))
                0x000000004200c6f0                PROVIDE (__bss_end = (ADDR (.bss) + SIZEOF (.bss)))
 *(.sbss*)
 *(.gnu.linkonce.sb.*)
 *(.bss .bss.*)
 *(.gnu.linkonce.b.*)
 *(COMMON)
                [!provide]                        PROVIDE (_heap_start = .)
                [!provide]                        PROVIDE (_heap_size = (ADDR (.stack) - _heap_start))

.stack          0x0000000042041800      0x800
                0x0000000042042000                . = (. + __stack_size)
 *fill*         0x0000000042041800      0x800 
                0x0000000042042000                PROVIDE (_sp_main = .)
                0x0000000042042000                __freertos_irq_stack_top = .
                [!provide]                        PROVIDE (_ld_bl_static_cli_cmds_start = _bl_static_cli_cmds_start)
                [!provide]                        PROVIDE (_ld_bl_static_cli_cmds_end = _bl_static_cli_cmds_end)
                [!provide]                        PROVIDE (_ld_bl_static_cfg_entry_start = _bl_static_fw_cfg_entry_start)
                [!provide]                        PROVIDE (_ld_bl_static_cfg_entry_end = _bl_static_fw_cfg_entry_end)
                [!provide]                        PROVIDE (_ld_bl_static_blogcomponent_code_start = _bl_static_blogcomponent_code_start)
                [!provide]                        PROVIDE (_ld_bl_static_blogcomponent_code_end = _bl_static_blogcomponent_code_end)
                [!provide]                        PROVIDE (_ld_bl_static_blogfile_code_start = _bl_static_blogfile_code_start)
                [!provide]                        PROVIDE (_ld_bl_static_blogfile_code_end = _bl_static_blogfile_code_end)
                [!provide]                        PROVIDE (_ld_bl_static_blogpri_code_start = _bl_static_blogpri_code_start)
                [!provide]                        PROVIDE (_ld_bl_static_blogpri_code_end = _bl_static_blogpri_code_end)
                [!provide]                        PROVIDE (_ld_ram_size0 = LENGTH (flash))
                [!provide]                        PROVIDE (_ld_ram_addr0 = ORIGIN (flash))
                [!provide]                        PROVIDE (_ld_ram_size1 = LENGTH (ram_tcm))
                [!provide]                        PROVIDE (_ld_ram_addr1 = ORIGIN (ram_tcm))
                [!provide]                        PROVIDE (_ld_ram_size2 = LENGTH (ram_wifi))
                [!provide]                        PROVIDE (_ld_ram_addr2 = ORIGIN (ram_wifi))
                0x0000000042049c00                PROVIDE (__boot2_pt_addr_src = BOOT2_PT_ADDR)
                0x0000000042049c18                PROVIDE (__boot2_flashCfg_src = BOOT2_FLASHCFG_ADDR)
                [!provide]                        PROVIDE (xTaskGetTickCount = 0x21017694)
                [!provide]                        PROVIDE (xTaskGetTickCountFromISR = 0x210176aa)
                [!provide]                        PROVIDE (pvPortMalloc = 0x21019662)
                [!provide]                        PROVIDE (vPortFree = 0x2101973a)
                [!provide]                        PROVIDE (vTaskNotifyGiveFromISR = 0x210188e8)
                [!provide]                        PROVIDE (vTaskSwitchContext = 0x21017a04)
                [!provide]                        PROVIDE (ulTaskNotifyTake = 0x21018548)
                [!provide]                        PROVIDE (vTaskExitCritical = 0x210183f4)
                [!provide]                        PROVIDE (vTaskEnterCritical = 0x210183e4)
                [!provide]                        PROVIDE (xTaskGetCurrentTaskHandle = 0x21018152)
                [!provide]                        PROVIDE (xQueueSemaphoreTake = 0x21015ce8)
                [!provide]                        PROVIDE (xQueueGenericSend = 0x21015834)
                [!provide]                        PROVIDE (xQueueGenericSendFromISR = 0x21015a4c)
                [!provide]                        PROVIDE (xTaskCreateStatic = 0x210170a2)
                [!provide]                        PROVIDE (xTaskCreate = 0x2101713a)
                [!provide]                        PROVIDE (xQueueCreateMutex = 0x21015a1c)
                [!provide]                        PROVIDE (xQueueCreateMutexStatic = 0x21015994)
                [!provide]                        PROVIDE (vQueueDelete = 0x210161d8)
                [!provide]                        PROVIDE (xQueueGenericCreateStatic = 0x210156c2)
                [!provide]                        PROVIDE (xQueueGenericCreate = 0x21015744)
                [!provide]                        PROVIDE (xQueueReceive = 0x21015b8a)
                [!provide]                        PROVIDE (uxQueueMessagesWaiting = 0x21016168)
                [!provide]                        PROVIDE (vTaskDelay = 0x210179c6)
                [!provide]                        PROVIDE (vTaskDelayUntil = 0x21017952)
                [!provide]                        PROVIDE (xPortGetFreeHeapSize = 0x210197ce)
                [!provide]                        PROVIDE (vTaskList = 0x21018408)
                [!provide]                        PROVIDE (xTimerGenericCommand = 0x21018bec)
                [!provide]                        PROVIDE (xTimerCreateTimerTask = 0x21018a9e)
                [!provide]                        PROVIDE (xTimerCreate = 0x21018af6)
                [!provide]                        PROVIDE (xTimerCreateStatic = 0x21018b66)
                [!provide]                        PROVIDE (xQueueCreateCountingSemaphoreStatic = 0x210157c2)
                [!provide]                        PROVIDE (xQueueCreateCountingSemaphore = 0x21015800)
                [!provide]                        PROVIDE (pTrapNetCounter = __global_pointer_head$)
                [!provide]                        PROVIDE (TrapNetCounter = (__global_pointer_head$ + 0x58))
                [!provide]                        PROVIDE (vEventGroupDelete = 0x210153be)
                [!provide]                        PROVIDE (xEventGroupWaitBits = 0x21015086)
                [!provide]                        PROVIDE (xEventGroupCreateStatic = 0x21015000)
                [!provide]                        PROVIDE (xEventGroupSetBits = 0x210151e0)
                [!provide]                        PROVIDE (xStreamBufferGenericCreateStatic = 0x210165c0)
                [!provide]                        PROVIDE (xStreamBufferReceive = 0x210169ae)
                [!provide]                        PROVIDE (xStreamBufferSend = 0x210167a8)
                [!provide]                        PROVIDE (pvTimerGetTimerID = 0x21018fd4)
                [!provide]                        PROVIDE (xTaskGenericNotify = 0x210186be)
                [!provide]                        PROVIDE (xTaskGenericNotifyFromISR = 0x210187de)
                [!provide]                        PROVIDE (xQueueGiveMutexRecursive = 0x210159c8)
                [!provide]                        PROVIDE (xQueueTakeMutexRecursive = 0x21015e70)
                [!provide]                        PROVIDE (xTaskGetTickCount2 = 0x2101769a)
                [!provide]                        PROVIDE (xQueueGiveFromISR = 0x21015b0e)
                [!provide]                        PROVIDE (vTaskDelete = 0x210171b6)
                [!provide]                        PROVIDE (uxTaskGetStackHighWaterMark = 0x21018110)
                [!provide]                        PROVIDE (pcTaskGetName = 0x210176b6)
                [!provide]                        PROVIDE (vTaskStartScheduler = 0x21017610)
                [!provide]                        PROVIDE (vPortDefineHeapRegions = 0x210197da)
                [!provide]                        PROVIDE (__LD_CONFIG_EM_SEL = __EM_SIZE)
                [!provide]                        PROVIDE (_ld_symbol_rom_framework_audio_device_start = _rom_framework_audio_device_start)
                [!provide]                        PROVIDE (_ld_symbol_rom_framework_audio_device_end = _rom_framework_audio_device_end)
OUTPUT(/home/parag/bl_iot_sdk/customer_app/SWEMS/build_out/tt_app_led.elf elf32-littleriscv)

.riscv.attributes
                0x0000000000000000       0x2b
 .riscv.attributes
                0x0000000000000000       0x29 /home/parag/bl_iot_sdk/customer_app/SWEMS/build_out/bl602/libbl602.a(start.o)
 .riscv.attributes
                0x0000000000000029       0x2b /home/parag/bl_iot_sdk/customer_app/SWEMS/build_out/hal_drv/libhal_drv.a(hal_boot2.o)

.comment        0x0000000000000000       0x28
 .comment       0x0000000000000000       0x28 /home/parag/bl_iot_sdk/customer_app/SWEMS/build_out/hal_drv/libhal_drv.a(hal_boot2.o)
                                         0x29 (size before relaxing)

.debug_line     0x0000000000000000      0xfa3
 .debug_line    0x0000000000000000      0x221 /home/parag/bl_iot_sdk/customer_app/SWEMS/build_out/bl602/libbl602.a(start.o)
 .debug_line    0x0000000000000221      0xd82 /home/parag/bl_iot_sdk/customer_app/SWEMS/build_out/hal_drv/libhal_drv.a(hal_boot2.o)

.debug_info     0x0000000000000000     0x1513
 .debug_info    0x0000000000000000       0x26 /home/parag/bl_iot_sdk/customer_app/SWEMS/build_out/bl602/libbl602.a(start.o)
 .debug_info    0x0000000000000026     0x14ed /home/parag/bl_iot_sdk/customer_app/SWEMS/build_out/hal_drv/libhal_drv.a(hal_boot2.o)

.debug_abbrev   0x0000000000000000      0x3cf
 .debug_abbrev  0x0000000000000000       0x14 /home/parag/bl_iot_sdk/customer_app/SWEMS/build_out/bl602/libbl602.a(start.o)
 .debug_abbrev  0x0000000000000014      0x3bb /home/parag/bl_iot_sdk/customer_app/SWEMS/build_out/hal_drv/libhal_drv.a(hal_boot2.o)

.debug_aranges  0x0000000000000000       0xa0
 .debug_aranges
                0x0000000000000000       0x20 /home/parag/bl_iot_sdk/customer_app/SWEMS/build_out/bl602/libbl602.a(start.o)
 .debug_aranges
                0x0000000000000020       0x80 /home/parag/bl_iot_sdk/customer_app/SWEMS/build_out/hal_drv/libhal_drv.a(hal_boot2.o)

.debug_str      0x0000000000000000      0xa12
 .debug_str     0x0000000000000000       0x8d /home/parag/bl_iot_sdk/customer_app/SWEMS/build_out/bl602/libbl602.a(start.o)
 .debug_str     0x000000000000008d      0x985 /home/parag/bl_iot_sdk/customer_app/SWEMS/build_out/hal_drv/libhal_drv.a(hal_boot2.o)
                                        0xa4e (size before relaxing)

.debug_loc      0x0000000000000000      0x775
 .debug_loc     0x0000000000000000      0x775 /home/parag/bl_iot_sdk/customer_app/SWEMS/build_out/hal_drv/libhal_drv.a(hal_boot2.o)

.debug_ranges   0x0000000000000000       0xa0
 .debug_ranges  0x0000000000000000       0xa0 /home/parag/bl_iot_sdk/customer_app/SWEMS/build_out/hal_drv/libhal_drv.a(hal_boot2.o)

.debug_frame    0x0000000000000000      0x1e0
 .debug_frame   0x0000000000000000      0x1e0 /home/parag/bl_iot_sdk/customer_app/SWEMS/build_out/hal_drv/libhal_drv.a(hal_boot2.o)

Cross Reference Table

Symbol                                            File
BFLB_Soft_CRC16                                   /home/parag/bl_iot_sdk/customer_app/SWEMS/build_out/bl602_std/libbl602_std.a(softcrc.o)
BFLB_Soft_CRC32                                   /home/parag/bl_iot_sdk/customer_app/SWEMS/build_out/bl602_std/libbl602_std.a(softcrc.o)
                                                  /home/parag/bl_iot_sdk/customer_app/SWEMS/build_out/hal_drv/libhal_drv.a(bl_boot2.o)
BFLB_Soft_CRC32_Table                             /home/parag/bl_iot_sdk/customer_app/SWEMS/build_out/bl602_std/libbl602_std.a(softcrc.o)
PtTable_Get_Active_Entries                        /home/parag/bl_iot_sdk/customer_app/SWEMS/build_out/hal_drv/libhal_drv.a(bl_boot2.o)
                                                  /home/parag/bl_iot_sdk/customer_app/SWEMS/build_out/hal_drv/libhal_drv.a(hal_boot2.o)
PtTable_Set_Flash_Operation                       /home/parag/bl_iot_sdk/customer_app/SWEMS/build_out/hal_drv/libhal_drv.a(hal_boot2.o)
PtTable_Update_Entry                              /home/parag/bl_iot_sdk/customer_app/SWEMS/build_out/hal_drv/libhal_drv.a(bl_boot2.o)
                                                  /home/parag/bl_iot_sdk/customer_app/SWEMS/build_out/hal_drv/libhal_drv.a(hal_boot2.o)
__boot2_flashCfg_end                              /home/parag/bl_iot_sdk/customer_app/SWEMS/build_out/bl602/libbl602.a(start.o)
__boot2_flashCfg_src                              /home/parag/bl_iot_sdk/customer_app/SWEMS/build_out/hal_drv/libhal_drv.a(hal_boot2.o)
__boot2_flashCfg_start                            /home/parag/bl_iot_sdk/customer_app/SWEMS/build_out/bl602/libbl602.a(start.o)
__boot2_pt_addr_end                               /home/parag/bl_iot_sdk/customer_app/SWEMS/build_out/bl602/libbl602.a(start.o)
__boot2_pt_addr_src                               /home/parag/bl_iot_sdk/customer_app/SWEMS/build_out/bl602/libbl602.a(start.o)
__boot2_pt_addr_start                             /home/parag/bl_iot_sdk/customer_app/SWEMS/build_out/bl602/libbl602.a(start.o)
__bss_end                                         /home/parag/bl_iot_sdk/customer_app/SWEMS/build_out/bl602/libbl602.a(start.o)
__bss_start                                       /home/parag/bl_iot_sdk/customer_app/SWEMS/build_out/bl602/libbl602.a(start.o)
__global_pointer$                                 /home/parag/bl_iot_sdk/customer_app/SWEMS/build_out/bl602/libbl602.a(start.o)
__init_array_end                                  /home/parag/bl_iot_sdk/customer_app/SWEMS/build_out/bl602/libbl602.a(start.o)
__init_array_start                                /home/parag/bl_iot_sdk/customer_app/SWEMS/build_out/bl602/libbl602.a(start.o)
__preinit_array_end                               /home/parag/bl_iot_sdk/customer_app/SWEMS/build_out/bl602/libbl602.a(start.o)
__preinit_array_start                             /home/parag/bl_iot_sdk/customer_app/SWEMS/build_out/bl602/libbl602.a(start.o)
__wifi_bss_end                                    /home/parag/bl_iot_sdk/customer_app/SWEMS/build_out/bl602/libbl602.a(start.o)
__wifi_bss_start                                  /home/parag/bl_iot_sdk/customer_app/SWEMS/build_out/bl602/libbl602.a(start.o)
_data_load                                        /home/parag/bl_iot_sdk/customer_app/SWEMS/build_out/bl602/libbl602.a(start.o)
_data_run                                         /home/parag/bl_iot_sdk/customer_app/SWEMS/build_out/bl602/libbl602.a(start.o)
_data_run_end                                     /home/parag/bl_iot_sdk/customer_app/SWEMS/build_out/bl602/libbl602.a(start.o)
_sp_main                                          /home/parag/bl_iot_sdk/customer_app/SWEMS/build_out/bl602/libbl602.a(start.o)
bfl_main                                          /home/parag/bl_iot_sdk/customer_app/SWEMS/build_out/bl602/libbl602.a(start.o)
bl602_start                                       /home/parag/bl_iot_sdk/customer_app/SWEMS/build_out/bl602/libbl602.a(start.o)
bl_flash_config_update                            /home/parag/bl_iot_sdk/customer_app/SWEMS/build_out/hal_drv/libhal_drv.a(bl_flash.o)
                                                  /home/parag/bl_iot_sdk/customer_app/SWEMS/build_out/hal_drv/libhal_drv.a(hal_boot2.o)
bl_flash_erase                                    /home/parag/bl_iot_sdk/customer_app/SWEMS/build_out/hal_drv/libhal_drv.a(bl_flash.o)
                                                  /home/parag/bl_iot_sdk/customer_app/SWEMS/build_out/hal_drv/libhal_drv.a(bl_boot2.o)
bl_flash_get_flashCfg                             /home/parag/bl_iot_sdk/customer_app/SWEMS/build_out/hal_drv/libhal_drv.a(bl_flash.o)
bl_flash_read                                     /home/parag/bl_iot_sdk/customer_app/SWEMS/build_out/hal_drv/libhal_drv.a(bl_flash.o)
bl_flash_read_byxip                               /home/parag/bl_iot_sdk/customer_app/SWEMS/build_out/hal_drv/libhal_drv.a(bl_flash.o)
bl_flash_write                                    /home/parag/bl_iot_sdk/customer_app/SWEMS/build_out/hal_drv/libhal_drv.a(bl_flash.o)
                                                  /home/parag/bl_iot_sdk/customer_app/SWEMS/build_out/hal_drv/libhal_drv.a(bl_boot2.o)
chCRCHTalbe                                       /home/parag/bl_iot_sdk/customer_app/SWEMS/build_out/bl602_std/libbl602_std.a(softcrc.o)
chCRCLTalbe                                       /home/parag/bl_iot_sdk/customer_app/SWEMS/build_out/bl602_std/libbl602_std.a(softcrc.o)
crc32Tab                                          /home/parag/bl_iot_sdk/customer_app/SWEMS/build_out/bl602_std/libbl602_std.a(softcrc.o)
hal_boot2_dump                                    /home/parag/bl_iot_sdk/customer_app/SWEMS/build_out/hal_drv/libhal_drv.a(hal_boot2.o)
hal_boot2_get_active_entries                      /home/parag/bl_iot_sdk/customer_app/SWEMS/build_out/hal_drv/libhal_drv.a(hal_boot2.o)
hal_boot2_get_active_partition                    /home/parag/bl_iot_sdk/customer_app/SWEMS/build_out/hal_drv/libhal_drv.a(hal_boot2.o)
hal_boot2_get_flash_addr                          /home/parag/bl_iot_sdk/customer_app/SWEMS/build_out/hal_drv/libhal_drv.a(hal_boot2.o)
                                                  /home/parag/bl_iot_sdk/customer_app/SWEMS/build_out/bl602/libbl602.a(start.o)
hal_boot2_init                                    /home/parag/bl_iot_sdk/customer_app/SWEMS/build_out/hal_drv/libhal_drv.a(hal_boot2.o)
hal_boot2_partition_addr                          /home/parag/bl_iot_sdk/customer_app/SWEMS/build_out/hal_drv/libhal_drv.a(hal_boot2.o)
hal_boot2_partition_addr_active                   /home/parag/bl_iot_sdk/customer_app/SWEMS/build_out/hal_drv/libhal_drv.a(hal_boot2.o)
hal_boot2_partition_addr_inactive                 /home/parag/bl_iot_sdk/customer_app/SWEMS/build_out/hal_drv/libhal_drv.a(hal_boot2.o)
hal_boot2_partition_bus_addr                      /home/parag/bl_iot_sdk/customer_app/SWEMS/build_out/hal_drv/libhal_drv.a(hal_boot2.o)
hal_boot2_partition_bus_addr_active               /home/parag/bl_iot_sdk/customer_app/SWEMS/build_out/hal_drv/libhal_drv.a(hal_boot2.o)
hal_boot2_partition_bus_addr_inactive             /home/parag/bl_iot_sdk/customer_app/SWEMS/build_out/hal_drv/libhal_drv.a(hal_boot2.o)
hal_boot2_set_ptable_opt                          /home/parag/bl_iot_sdk/customer_app/SWEMS/build_out/hal_drv/libhal_drv.a(hal_boot2.o)
hal_boot2_update_ptable                           /home/parag/bl_iot_sdk/customer_app/SWEMS/build_out/hal_drv/libhal_drv.a(hal_boot2.o)
memcpy                                            /home/parag/bl_iot_sdk/toolchain/riscv/Linux/bin/../lib/gcc/riscv64-unknown-elf/8.3.0/../../../../riscv64-unknown-elf/lib/rv32imf/ilp32f/libc.a(lib_a-memcpy.o)
                                                  /home/parag/bl_iot_sdk/customer_app/SWEMS/build_out/hal_drv/libhal_drv.a(bl_flash.o)
                                                  /home/parag/bl_iot_sdk/customer_app/SWEMS/build_out/hal_drv/libhal_drv.a(bl_boot2.o)
strcmp                                            /home/parag/bl_iot_sdk/toolchain/riscv/Linux/bin/../lib/gcc/riscv64-unknown-elf/8.3.0/../../../../riscv64-unknown-elf/lib/rv32imf/ilp32f/libc.a(lib_a-strcmp.o)
                                                  /home/parag/bl_iot_sdk/customer_app/SWEMS/build_out/hal_drv/libhal_drv.a(hal_boot2.o)
